OpenJDK 64-Bit Server VM (25.372-b07) for linux-amd64 JRE (1.8.0_372-b07), built on Apr 19 2023 08:57:57 by "jenkins" with gcc 7.5.0
Memory: 4k page, physical 4091816k(444888k free), swap 3887100k(2118448k free)
CommandLine flags: -XX:+ExplicitGCInvokesConcurrent -XX:GCLogFileSize=104857600 -XX:InitialHeapSize=1073741824 -XX:InitiatingHeapOccupancyPercent=35 -XX:+ManagementServer -XX:MaxGCPauseMillis=20 -XX:MaxHeapSize=1073741824 -XX:MaxInlineLevel=15 -XX:NumberOfGCLogFiles=10 -XX:+PrintGC -XX:+PrintGCDateStamps -XX:+PrintGCDetails -XX:+PrintGCTimeStamps -XX:+UseCompressedClassPointers -XX:+UseCompressedOops -XX:+UseG1GC -XX:+UseGCLogFileRotation 
2023-05-30T13:01:02.106+0200: 3,380: [GC pause (G1 Evacuation Pause) (young), 0,0568687 secs]
   [Parallel Time: 37,5 ms, GC Workers: 4]
      [GC Worker Start (ms): Min: 3380,0, Avg: 3381,3, Max: 3384,9, Diff: 4,9]
      [Ext Root Scanning (ms): Min: 0,0, Avg: 1,5, Max: 3,3, Diff: 3,2, Sum: 6,2]
      [Update RS (ms): Min: 0,0, Avg: 0,0, Max: 0,0, Diff: 0,0, Sum: 0,0]
         [Processed Buffers: Min: 0, Avg: 0,0, Max: 0, Diff: 0, Sum: 0]
      [Scan RS (ms): Min: 0,0, Avg: 0,0, Max: 0,0, Diff: 0,0, Sum: 0,1]
      [Code Root Scanning (ms): Min: 0,0, Avg: 0,5, Max: 1,2, Diff: 1,2, Sum: 1,8]
      [Object Copy (ms): Min: 10,5, Avg: 16,4, Max: 32,4, Diff: 21,9, Sum: 65,8]
      [Termination (ms): Min: 0,0, Avg: 17,6, Max: 23,6, Diff: 23,6, Sum: 70,5]
         [Termination Attempts: Min: 1, Avg: 4,2, Max: 7, Diff: 6, Sum: 17]
      [GC Worker Other (ms): Min: 0,0, Avg: 0,0, Max: 0,0, Diff: 0,0, Sum: 0,2]
      [GC Worker Total (ms): Min: 32,5, Avg: 36,1, Max: 37,4, Diff: 5,0, Sum: 144,5]
      [GC Worker End (ms): Min: 3417,4, Avg: 3417,4, Max: 3417,4, Diff: 0,0]
   [Code Root Fixup: 0,0 ms]
   [Code Root Purge: 0,0 ms]
   [Clear CT: 0,4 ms]
   [Other: 18,9 ms]
      [Choose CSet: 0,0 ms]
      [Ref Proc: 17,9 ms]
      [Ref Enq: 0,1 ms]
      [Redirty Cards: 0,5 ms]
      [Humongous Register: 0,1 ms]
      [Humongous Reclaim: 0,0 ms]
      [Free CSet: 0,1 ms]
   [Eden: 52224,0K(52224,0K)->0,0B(45056,0K) Survivors: 0,0B->7168,0K Heap: 52224,0K(1024,0M)->8882,5K(1024,0M)]
 [Times: user=0,08 sys=0,01, real=0,06 secs] 
2023-05-30T13:01:02.963+0200: 4,237: [GC pause (Metadata GC Threshold) (young) (initial-mark), 0,0148078 secs]
   [Parallel Time: 10,6 ms, GC Workers: 4]
      [GC Worker Start (ms): Min: 4237,4, Avg: 4237,5, Max: 4237,6, Diff: 0,2]
      [Ext Root Scanning (ms): Min: 1,2, Avg: 2,0, Max: 2,4, Diff: 1,3, Sum: 7,9]
      [Update RS (ms): Min: 0,0, Avg: 0,1, Max: 0,3, Diff: 0,3, Sum: 0,4]
         [Processed Buffers: Min: 0, Avg: 0,5, Max: 1, Diff: 1, Sum: 2]
      [Scan RS (ms): Min: 0,0, Avg: 0,0, Max: 0,0, Diff: 0,0, Sum: 0,0]
      [Code Root Scanning (ms): Min: 0,0, Avg: 0,4, Max: 1,4, Diff: 1,4, Sum: 1,5]
      [Object Copy (ms): Min: 7,4, Avg: 7,8, Max: 8,3, Diff: 0,8, Sum: 31,3]
      [Termination (ms): Min: 0,0, Avg: 0,0, Max: 0,0, Diff: 0,0, Sum: 0,0]
         [Termination Attempts: Min: 1, Avg: 4,2, Max: 6, Diff: 5, Sum: 17]
      [GC Worker Other (ms): Min: 0,0, Avg: 0,0, Max: 0,0, Diff: 0,0, Sum: 0,1]
      [GC Worker Total (ms): Min: 10,2, Avg: 10,3, Max: 10,4, Diff: 0,2, Sum: 41,2]
      [GC Worker End (ms): Min: 4247,8, Avg: 4247,8, Max: 4247,8, Diff: 0,0]
   [Code Root Fixup: 0,0 ms]
   [Code Root Purge: 0,0 ms]
   [Clear CT: 0,6 ms]
   [Other: 3,6 ms]
      [Choose CSet: 0,0 ms]
      [Ref Proc: 2,4 ms]
      [Ref Enq: 0,0 ms]
      [Redirty Cards: 0,7 ms]
      [Humongous Register: 0,0 ms]
      [Humongous Reclaim: 0,0 ms]
      [Free CSet: 0,1 ms]
   [Eden: 18432,0K(45056,0K)->0,0B(47104,0K) Survivors: 7168,0K->5120,0K Heap: 27314,5K(1024,0M)->10334,0K(1024,0M)]
 [Times: user=0,03 sys=0,01, real=0,02 secs] 
2023-05-30T13:01:02.979+0200: 4,253: [GC concurrent-root-region-scan-start]
2023-05-30T13:01:02.981+0200: 4,255: [GC concurrent-root-region-scan-end, 0,0026681 secs]
2023-05-30T13:01:02.981+0200: 4,255: [GC concurrent-mark-start]
2023-05-30T13:01:03.007+0200: 4,281: [GC concurrent-mark-end, 0,0256091 secs]
2023-05-30T13:01:03.007+0200: 4,282: [GC remark 2023-05-30T13:01:03.008+0200: 4,282: [Finalize Marking, 0,0008568 secs] 2023-05-30T13:01:03.009+0200: 4,283: [GC ref-proc, 0,0011129 secs] 2023-05-30T13:01:03.010+0200: 4,284: [Unloading, 0,0049202 secs], 0,0077968 secs]
 [Times: user=0,02 sys=0,00, real=0,01 secs] 
2023-05-30T13:01:03.016+0200: 4,290: [GC cleanup 11357K->10333K(1024M), 0,0039707 secs]
 [Times: user=0,00 sys=0,00, real=0,01 secs] 
2023-05-30T13:01:03.020+0200: 4,294: [GC concurrent-cleanup-start]
2023-05-30T13:01:03.020+0200: 4,294: [GC concurrent-cleanup-end, 0,0000233 secs]
2023-05-30T13:01:06.342+0200: 7,616: [GC pause (G1 Evacuation Pause) (young), 0,0128841 secs]
   [Parallel Time: 8,5 ms, GC Workers: 4]
      [GC Worker Start (ms): Min: 7616,1, Avg: 7618,5, Max: 7623,9, Diff: 7,8]
      [Ext Root Scanning (ms): Min: 0,0, Avg: 1,1, Max: 2,0, Diff: 2,0, Sum: 4,3]
      [Update RS (ms): Min: 0,0, Avg: 0,5, Max: 0,8, Diff: 0,8, Sum: 1,9]
         [Processed Buffers: Min: 0, Avg: 2,8, Max: 7, Diff: 7, Sum: 11]
      [Scan RS (ms): Min: 0,3, Avg: 0,4, Max: 0,6, Diff: 0,3, Sum: 1,5]
      [Code Root Scanning (ms): Min: 0,0, Avg: 0,2, Max: 0,3, Diff: 0,3, Sum: 0,7]
      [Object Copy (ms): Min: 0,0, Avg: 3,6, Max: 4,8, Diff: 4,8, Sum: 14,3]
      [Termination (ms): Min: 0,0, Avg: 0,0, Max: 0,1, Diff: 0,1, Sum: 0,1]
         [Termination Attempts: Min: 1, Avg: 1,2, Max: 2, Diff: 1, Sum: 5]
      [GC Worker Other (ms): Min: 0,0, Avg: 0,0, Max: 0,0, Diff: 0,0, Sum: 0,1]
      [GC Worker Total (ms): Min: 0,3, Avg: 5,7, Max: 8,1, Diff: 7,8, Sum: 22,9]
      [GC Worker End (ms): Min: 7624,2, Avg: 7624,2, Max: 7624,2, Diff: 0,0]
   [Code Root Fixup: 0,0 ms]
   [Code Root Purge: 0,0 ms]
   [Clear CT: 0,4 ms]
   [Other: 4,0 ms]
      [Choose CSet: 0,0 ms]
      [Ref Proc: 3,2 ms]
      [Ref Enq: 0,0 ms]
      [Redirty Cards: 0,3 ms]
      [Humongous Register: 0,1 ms]
      [Humongous Reclaim: 0,0 ms]
      [Free CSet: 0,1 ms]
   [Eden: 47104,0K(47104,0K)->0,0B(45056,0K) Survivors: 5120,0K->7168,0K Heap: 56414,0K(1024,0M)->11870,0K(1024,0M)]
 [Times: user=0,03 sys=0,00, real=0,01 secs] 
2023-05-30T13:01:07.939+0200: 9,214: [GC pause (G1 Evacuation Pause) (young), 0,0184181 secs]
   [Parallel Time: 8,5 ms, GC Workers: 4]
      [GC Worker Start (ms): Min: 9213,7, Avg: 9213,9, Max: 9214,0, Diff: 0,3]
      [Ext Root Scanning (ms): Min: 0,6, Avg: 1,2, Max: 1,9, Diff: 1,3, Sum: 4,6]
      [Update RS (ms): Min: 0,2, Avg: 0,4, Max: 0,5, Diff: 0,3, Sum: 1,6]
         [Processed Buffers: Min: 1, Avg: 2,8, Max: 7, Diff: 6, Sum: 11]
      [Scan RS (ms): Min: 0,0, Avg: 0,0, Max: 0,0, Diff: 0,0, Sum: 0,1]
      [Code Root Scanning (ms): Min: 0,0, Avg: 0,3, Max: 0,5, Diff: 0,4, Sum: 1,1]
      [Object Copy (ms): Min: 4,9, Avg: 5,2, Max: 5,6, Diff: 0,8, Sum: 20,9]
      [Termination (ms): Min: 0,0, Avg: 0,0, Max: 0,0, Diff: 0,0, Sum: 0,0]
         [Termination Attempts: Min: 1, Avg: 1,2, Max: 2, Diff: 1, Sum: 5]
      [GC Worker Other (ms): Min: 0,0, Avg: 0,0, Max: 0,0, Diff: 0,0, Sum: 0,1]
      [GC Worker Total (ms): Min: 7,0, Avg: 7,1, Max: 7,3, Diff: 0,3, Sum: 28,4]
      [GC Worker End (ms): Min: 9221,0, Avg: 9221,0, Max: 9221,0, Diff: 0,0]
   [Code Root Fixup: 0,0 ms]
   [Code Root Purge: 0,0 ms]
   [Clear CT: 0,4 ms]
   [Other: 9,5 ms]
      [Choose CSet: 0,0 ms]
      [Ref Proc: 8,2 ms]
      [Ref Enq: 0,0 ms]
      [Redirty Cards: 0,6 ms]
      [Humongous Register: 0,0 ms]
      [Humongous Reclaim: 0,0 ms]
      [Free CSet: 0,2 ms]
   [Eden: 45056,0K(45056,0K)->0,0B(45056,0K) Survivors: 7168,0K->7168,0K Heap: 183,6M(1024,0M)->144,5M(1024,0M)]
 [Times: user=0,03 sys=0,01, real=0,02 secs] 
2023-05-30T13:01:08.382+0200: 9,656: [GC pause (Metadata GC Threshold) (young) (initial-mark), 0,0151103 secs]
   [Parallel Time: 12,9 ms, GC Workers: 4]
      [GC Worker Start (ms): Min: 9656,1, Avg: 9656,5, Max: 9657,8, Diff: 1,7]
      [Ext Root Scanning (ms): Min: 0,4, Avg: 3,1, Max: 8,6, Diff: 8,3, Sum: 12,6]
      [Update RS (ms): Min: 0,0, Avg: 0,4, Max: 0,5, Diff: 0,5, Sum: 1,5]
         [Processed Buffers: Min: 0, Avg: 2,5, Max: 5, Diff: 5, Sum: 10]
      [Scan RS (ms): Min: 0,0, Avg: 0,2, Max: 0,4, Diff: 0,4, Sum: 0,9]
      [Code Root Scanning (ms): Min: 0,0, Avg: 0,2, Max: 0,5, Diff: 0,5, Sum: 0,9]
      [Object Copy (ms): Min: 4,0, Avg: 8,2, Max: 9,8, Diff: 5,9, Sum: 33,0]
      [Termination (ms): Min: 0,0, Avg: 0,0, Max: 0,0, Diff: 0,0, Sum: 0,0]
         [Termination Attempts: Min: 1, Avg: 1,2, Max: 2, Diff: 1, Sum: 5]
      [GC Worker Other (ms): Min: 0,0, Avg: 0,0, Max: 0,0, Diff: 0,0, Sum: 0,1]
      [GC Worker Total (ms): Min: 10,9, Avg: 12,2, Max: 12,7, Diff: 1,7, Sum: 48,9]
      [GC Worker End (ms): Min: 9668,8, Avg: 9668,8, Max: 9668,8, Diff: 0,0]
   [Code Root Fixup: 0,0 ms]
   [Code Root Purge: 0,0 ms]
   [Clear CT: 0,3 ms]
   [Other: 1,8 ms]
      [Choose CSet: 0,0 ms]
      [Ref Proc: 1,0 ms]
      [Ref Enq: 0,0 ms]
      [Redirty Cards: 0,4 ms]
      [Humongous Register: 0,0 ms]
      [Humongous Reclaim: 0,0 ms]
      [Free CSet: 0,1 ms]
   [Eden: 12288,0K(45056,0K)->0,0B(45056,0K) Survivors: 7168,0K->7168,0K Heap: 156,1M(1024,0M)->148,1M(1024,0M)]
 [Times: user=0,04 sys=0,00, real=0,02 secs] 
2023-05-30T13:01:08.397+0200: 9,671: [GC concurrent-root-region-scan-start]
2023-05-30T13:01:08.438+0200: 9,712: [GC concurrent-root-region-scan-end, 0,0412579 secs]
2023-05-30T13:01:08.438+0200: 9,712: [GC concurrent-mark-start]
2023-05-30T13:01:08.464+0200: 9,738: [GC concurrent-mark-end, 0,0251903 secs]
2023-05-30T13:01:08.464+0200: 9,738: [GC remark 2023-05-30T13:01:08.464+0200: 9,738: [Finalize Marking, 0,0005536 secs] 2023-05-30T13:01:08.465+0200: 9,739: [GC ref-proc, 0,0011892 secs] 2023-05-30T13:01:08.466+0200: 9,740: [Unloading, 0,0067832 secs], 0,0132892 secs]
 [Times: user=0,02 sys=0,00, real=0,02 secs] 
2023-05-30T13:01:08.478+0200: 9,752: [GC cleanup 150M->145M(1024M), 0,0030796 secs]
 [Times: user=0,00 sys=0,00, real=0,00 secs] 
2023-05-30T13:01:08.482+0200: 9,756: [GC concurrent-cleanup-start]
2023-05-30T13:01:08.482+0200: 9,756: [GC concurrent-cleanup-end, 0,0000237 secs]
2023-05-30T13:01:09.971+0200: 11,245: [GC pause (G1 Evacuation Pause) (young), 0,0334890 secs]
   [Parallel Time: 25,2 ms, GC Workers: 4]
      [GC Worker Start (ms): Min: 11245,4, Avg: 11249,5, Max: 11251,0, Diff: 5,6]
      [Ext Root Scanning (ms): Min: 0,0, Avg: 1,2, Max: 4,6, Diff: 4,6, Sum: 4,7]
      [Update RS (ms): Min: 0,0, Avg: 1,0, Max: 1,6, Diff: 1,6, Sum: 3,9]
         [Processed Buffers: Min: 0, Avg: 7,0, Max: 14, Diff: 14, Sum: 28]
      [Scan RS (ms): Min: 0,0, Avg: 0,3, Max: 0,6, Diff: 0,6, Sum: 1,2]
      [Code Root Scanning (ms): Min: 0,0, Avg: 0,1, Max: 0,3, Diff: 0,3, Sum: 0,4]
      [Object Copy (ms): Min: 14,7, Avg: 16,1, Max: 17,2, Diff: 2,5, Sum: 64,4]
      [Termination (ms): Min: 0,0, Avg: 1,9, Max: 2,9, Diff: 2,9, Sum: 7,5]
         [Termination Attempts: Min: 1, Avg: 1,0, Max: 1, Diff: 0, Sum: 4]
      [GC Worker Other (ms): Min: 0,0, Avg: 0,0, Max: 0,0, Diff: 0,0, Sum: 0,1]
      [GC Worker Total (ms): Min: 19,0, Avg: 20,6, Max: 24,6, Diff: 5,6, Sum: 82,2]
      [GC Worker End (ms): Min: 11269,9, Avg: 11270,1, Max: 11270,5, Diff: 0,5]
   [Code Root Fixup: 0,0 ms]
   [Code Root Purge: 0,0 ms]
   [Clear CT: 0,4 ms]
   [Other: 7,9 ms]
      [Choose CSet: 0,0 ms]
      [Ref Proc: 7,0 ms]
      [Ref Enq: 0,1 ms]
      [Redirty Cards: 0,4 ms]
      [Humongous Register: 0,0 ms]
      [Humongous Reclaim: 0,0 ms]
      [Free CSet: 0,1 ms]
   [Eden: 45056,0K(45056,0K)->0,0B(45056,0K) Survivors: 7168,0K->7168,0K Heap: 187,1M(1024,0M)->148,4M(1024,0M)]
 [Times: user=0,12 sys=0,00, real=0,03 secs] 
2023-05-30T13:09:17.385+0200: 498,659: [GC pause (G1 Evacuation Pause) (young), 0,4802924 secs]
   [Parallel Time: 199,9 ms, GC Workers: 4]
      [GC Worker Start (ms): Min: 498868,5, Avg: 498869,8, Max: 498871,3, Diff: 2,8]
      [Ext Root Scanning (ms): Min: 2,7, Avg: 27,6, Max: 96,7, Diff: 94,0, Sum: 110,2]
      [Update RS (ms): Min: 0,0, Avg: 22,0, Max: 45,3, Diff: 45,3, Sum: 87,9]
         [Processed Buffers: Min: 0, Avg: 12,5, Max: 33, Diff: 33, Sum: 50]
      [Scan RS (ms): Min: 0,0, Avg: 3,4, Max: 6,8, Diff: 6,8, Sum: 13,6]
      [Code Root Scanning (ms): Min: 0,0, Avg: 0,8, Max: 3,1, Diff: 3,1, Sum: 3,3]
      [Object Copy (ms): Min: 98,5, Avg: 140,7, Max: 159,9, Diff: 61,4, Sum: 562,8]
      [Termination (ms): Min: 0,0, Avg: 0,2, Max: 0,3, Diff: 0,3, Sum: 0,7]
         [Termination Attempts: Min: 1, Avg: 1,0, Max: 1, Diff: 0, Sum: 4]
      [GC Worker Other (ms): Min: 0,0, Avg: 0,3, Max: 0,7, Diff: 0,7, Sum: 1,1]
      [GC Worker Total (ms): Min: 193,4, Avg: 194,9, Max: 196,2, Diff: 2,7, Sum: 779,6]
      [GC Worker End (ms): Min: 499064,7, Avg: 499064,7, Max: 499064,7, Diff: 0,0]
   [Code Root Fixup: 0,0 ms]
   [Code Root Purge: 0,0 ms]
   [Clear CT: 0,6 ms]
   [Other: 279,7 ms]
      [Choose CSet: 0,0 ms]
      [Ref Proc: 39,1 ms]
      [Ref Enq: 0,0 ms]
      [Redirty Cards: 0,3 ms]
      [Humongous Register: 198,3 ms]
      [Humongous Reclaim: 23,4 ms]
      [Free CSet: 9,1 ms]
   [Eden: 45056,0K(45056,0K)->0,0B(46080,0K) Survivors: 7168,0K->6144,0K Heap: 222,4M(1024,0M)->150,5M(1024,0M)]
 [Times: user=0,08 sys=0,16, real=0,48 secs] 
2023-05-30T13:09:56.247+0200: 537,521: [GC pause (G1 Evacuation Pause) (young), 0,0301664 secs]
   [Parallel Time: 20,1 ms, GC Workers: 4]
      [GC Worker Start (ms): Min: 537521,0, Avg: 537521,8, Max: 537522,2, Diff: 1,2]
      [Ext Root Scanning (ms): Min: 1,0, Avg: 1,5, Max: 3,0, Diff: 2,0, Sum: 6,0]
      [Update RS (ms): Min: 3,1, Avg: 3,3, Max: 3,4, Diff: 0,3, Sum: 13,1]
         [Processed Buffers: Min: 2, Avg: 9,0, Max: 29, Diff: 27, Sum: 36]
      [Scan RS (ms): Min: 0,4, Avg: 0,6, Max: 0,8, Diff: 0,4, Sum: 2,4]
      [Code Root Scanning (ms): Min: 0,1, Avg: 0,6, Max: 1,3, Diff: 1,3, Sum: 2,4]
      [Object Copy (ms): Min: 7,2, Avg: 7,9, Max: 8,2, Diff: 1,0, Sum: 31,6]
      [Termination (ms): Min: 0,0, Avg: 1,9, Max: 5,4, Diff: 5,4, Sum: 7,6]
         [Termination Attempts: Min: 1, Avg: 1,0, Max: 1, Diff: 0, Sum: 4]
      [GC Worker Other (ms): Min: 0,0, Avg: 0,0, Max: 0,0, Diff: 0,0, Sum: 0,1]
      [GC Worker Total (ms): Min: 14,5, Avg: 15,8, Max: 18,7, Diff: 4,2, Sum: 63,2]
      [GC Worker End (ms): Min: 537536,5, Avg: 537537,6, Max: 537540,9, Diff: 4,4]
   [Code Root Fixup: 0,1 ms]
   [Code Root Purge: 0,0 ms]
   [Clear CT: 0,6 ms]
   [Other: 9,3 ms]
      [Choose CSet: 0,0 ms]
      [Ref Proc: 1,7 ms]
      [Ref Enq: 0,0 ms]
      [Redirty Cards: 0,4 ms]
      [Humongous Register: 0,1 ms]
      [Humongous Reclaim: 0,0 ms]
      [Free CSet: 6,7 ms]
   [Eden: 46080,0K(46080,0K)->0,0B(48128,0K) Survivors: 6144,0K->4096,0K Heap: 195,5M(1024,0M)->150,8M(1024,0M)]
 [Times: user=0,04 sys=0,00, real=0,04 secs] 
2023-05-30T13:10:37.686+0200: 578,960: [GC pause (G1 Evacuation Pause) (young), 0,0169700 secs]
   [Parallel Time: 14,1 ms, GC Workers: 4]
      [GC Worker Start (ms): Min: 578959,9, Avg: 578961,7, Max: 578965,5, Diff: 5,6]
      [Ext Root Scanning (ms): Min: 0,0, Avg: 1,0, Max: 1,9, Diff: 1,9, Sum: 3,9]
      [Update RS (ms): Min: 0,0, Avg: 1,1, Max: 1,6, Diff: 1,6, Sum: 4,6]
         [Processed Buffers: Min: 0, Avg: 12,2, Max: 25, Diff: 25, Sum: 49]
      [Scan RS (ms): Min: 0,0, Avg: 1,0, Max: 1,5, Diff: 1,5, Sum: 4,0]
      [Code Root Scanning (ms): Min: 0,0, Avg: 0,3, Max: 0,9, Diff: 0,9, Sum: 1,3]
      [Object Copy (ms): Min: 7,7, Avg: 8,2, Max: 8,5, Diff: 0,8, Sum: 32,8]
      [Termination (ms): Min: 0,0, Avg: 0,2, Max: 0,3, Diff: 0,3, Sum: 0,7]
         [Termination Attempts: Min: 1, Avg: 5,8, Max: 9, Diff: 8, Sum: 23]
      [GC Worker Other (ms): Min: 0,0, Avg: 0,0, Max: 0,0, Diff: 0,0, Sum: 0,1]
      [GC Worker Total (ms): Min: 8,0, Avg: 11,9, Max: 13,6, Diff: 5,6, Sum: 47,4]
      [GC Worker End (ms): Min: 578973,5, Avg: 578973,5, Max: 578973,6, Diff: 0,1]
   [Code Root Fixup: 0,0 ms]
   [Code Root Purge: 0,0 ms]
   [Clear CT: 0,5 ms]
   [Other: 2,3 ms]
      [Choose CSet: 0,0 ms]
      [Ref Proc: 0,9 ms]
      [Ref Enq: 0,0 ms]
      [Redirty Cards: 0,8 ms]
      [Humongous Register: 0,1 ms]
      [Humongous Reclaim: 0,0 ms]
      [Free CSet: 0,1 ms]
   [Eden: 48128,0K(48128,0K)->0,0B(48128,0K) Survivors: 4096,0K->4096,0K Heap: 197,8M(1024,0M)->150,8M(1024,0M)]
 [Times: user=0,03 sys=0,00, real=0,02 secs] 
2023-05-30T13:11:18.348+0200: 619,622: [GC pause (G1 Evacuation Pause) (young), 0,0158225 secs]
   [Parallel Time: 13,0 ms, GC Workers: 4]
      [GC Worker Start (ms): Min: 619622,1, Avg: 619624,3, Max: 619630,6, Diff: 8,5]
      [Ext Root Scanning (ms): Min: 0,0, Avg: 1,1, Max: 1,9, Diff: 1,9, Sum: 4,5]
      [Update RS (ms): Min: 0,0, Avg: 1,2, Max: 2,0, Diff: 2,0, Sum: 4,7]
         [Processed Buffers: Min: 0, Avg: 8,8, Max: 24, Diff: 24, Sum: 35]
      [Scan RS (ms): Min: 0,0, Avg: 0,2, Max: 0,4, Diff: 0,4, Sum: 0,7]
      [Code Root Scanning (ms): Min: 0,0, Avg: 0,2, Max: 0,6, Diff: 0,6, Sum: 0,8]
      [Object Copy (ms): Min: 0,3, Avg: 4,9, Max: 9,3, Diff: 9,0, Sum: 19,8]
      [Termination (ms): Min: 0,0, Avg: 2,9, Max: 3,9, Diff: 3,9, Sum: 11,5]
         [Termination Attempts: Min: 1, Avg: 1,0, Max: 1, Diff: 0, Sum: 4]
      [GC Worker Other (ms): Min: 0,0, Avg: 0,0, Max: 0,0, Diff: 0,0, Sum: 0,1]
      [GC Worker Total (ms): Min: 4,1, Avg: 10,5, Max: 12,8, Diff: 8,6, Sum: 42,1]
      [GC Worker End (ms): Min: 619634,8, Avg: 619634,8, Max: 619634,8, Diff: 0,1]
   [Code Root Fixup: 0,0 ms]
   [Code Root Purge: 0,0 ms]
   [Clear CT: 0,5 ms]
   [Other: 2,3 ms]
      [Choose CSet: 0,0 ms]
      [Ref Proc: 1,1 ms]
      [Ref Enq: 0,0 ms]
      [Redirty Cards: 0,6 ms]
      [Humongous Register: 0,1 ms]
      [Humongous Reclaim: 0,1 ms]
      [Free CSet: 0,1 ms]
   [Eden: 48128,0K(48128,0K)->0,0B(48128,0K) Survivors: 4096,0K->4096,0K Heap: 197,8M(1024,0M)->150,8M(1024,0M)]
 [Times: user=0,05 sys=0,00, real=0,02 secs] 
2023-05-30T13:11:59.875+0200: 661,149: [GC pause (G1 Evacuation Pause) (young), 0,0203742 secs]
   [Parallel Time: 17,6 ms, GC Workers: 4]
      [GC Worker Start (ms): Min: 661150,9, Avg: 661153,6, Max: 661154,9, Diff: 4,0]
      [Ext Root Scanning (ms): Min: 0,0, Avg: 1,0, Max: 3,3, Diff: 3,3, Sum: 3,8]
      [Update RS (ms): Min: 0,0, Avg: 1,3, Max: 2,0, Diff: 2,0, Sum: 5,3]
         [Processed Buffers: Min: 0, Avg: 5,8, Max: 18, Diff: 18, Sum: 23]
      [Scan RS (ms): Min: 0,0, Avg: 0,0, Max: 0,0, Diff: 0,0, Sum: 0,1]
      [Code Root Scanning (ms): Min: 0,0, Avg: 0,6, Max: 1,6, Diff: 1,6, Sum: 2,2]
      [Object Copy (ms): Min: 5,4, Avg: 6,8, Max: 9,4, Diff: 4,0, Sum: 27,1]
      [Termination (ms): Min: 0,0, Avg: 1,2, Max: 3,4, Diff: 3,4, Sum: 4,7]
         [Termination Attempts: Min: 1, Avg: 6,2, Max: 13, Diff: 12, Sum: 25]
      [GC Worker Other (ms): Min: 0,0, Avg: 0,0, Max: 0,0, Diff: 0,0, Sum: 0,1]
      [GC Worker Total (ms): Min: 8,9, Avg: 10,8, Max: 12,7, Diff: 3,8, Sum: 43,3]
      [GC Worker End (ms): Min: 661163,6, Avg: 661164,4, Max: 661166,6, Diff: 3,0]
   [Code Root Fixup: 0,0 ms]
   [Code Root Purge: 0,0 ms]
   [Clear CT: 0,5 ms]
   [Other: 2,3 ms]
      [Choose CSet: 0,0 ms]
      [Ref Proc: 1,4 ms]
      [Ref Enq: 0,0 ms]
      [Redirty Cards: 0,3 ms]
      [Humongous Register: 0,1 ms]
      [Humongous Reclaim: 0,0 ms]
      [Free CSet: 0,1 ms]
   [Eden: 48128,0K(48128,0K)->0,0B(48128,0K) Survivors: 4096,0K->4096,0K Heap: 197,8M(1024,0M)->150,8M(1024,0M)]
 [Times: user=0,03 sys=0,00, real=0,02 secs] 
2023-05-30T13:12:41.734+0200: 703,008: [GC pause (G1 Evacuation Pause) (young), 0,0125396 secs]
   [Parallel Time: 7,2 ms, GC Workers: 4]
      [GC Worker Start (ms): Min: 703008,7, Avg: 703008,9, Max: 703009,0, Diff: 0,3]
      [Ext Root Scanning (ms): Min: 0,8, Avg: 1,2, Max: 2,0, Diff: 1,2, Sum: 4,8]
      [Update RS (ms): Min: 0,8, Avg: 1,4, Max: 1,7, Diff: 0,9, Sum: 5,5]
         [Processed Buffers: Min: 1, Avg: 6,5, Max: 19, Diff: 18, Sum: 26]
      [Scan RS (ms): Min: 0,0, Avg: 0,0, Max: 0,0, Diff: 0,0, Sum: 0,1]
      [Code Root Scanning (ms): Min: 0,0, Avg: 0,3, Max: 0,7, Diff: 0,7, Sum: 1,2]
      [Object Copy (ms): Min: 3,7, Avg: 4,0, Max: 4,2, Diff: 0,5, Sum: 16,0]
      [Termination (ms): Min: 0,0, Avg: 0,0, Max: 0,0, Diff: 0,0, Sum: 0,0]
         [Termination Attempts: Min: 1, Avg: 3,5, Max: 6, Diff: 5, Sum: 14]
      [GC Worker Other (ms): Min: 0,0, Avg: 0,0, Max: 0,0, Diff: 0,0, Sum: 0,1]
      [GC Worker Total (ms): Min: 6,8, Avg: 6,9, Max: 7,1, Diff: 0,3, Sum: 27,7]
      [GC Worker End (ms): Min: 703015,8, Avg: 703015,8, Max: 703015,8, Diff: 0,0]
   [Code Root Fixup: 0,0 ms]
   [Code Root Purge: 0,0 ms]
   [Clear CT: 0,7 ms]
   [Other: 4,6 ms]
      [Choose CSet: 0,0 ms]
      [Ref Proc: 3,5 ms]
      [Ref Enq: 0,0 ms]
      [Redirty Cards: 0,6 ms]
      [Humongous Register: 0,1 ms]
      [Humongous Reclaim: 0,0 ms]
      [Free CSet: 0,1 ms]
   [Eden: 48128,0K(48128,0K)->0,0B(48128,0K) Survivors: 4096,0K->4096,0K Heap: 197,8M(1024,0M)->151,3M(1024,0M)]
 [Times: user=0,03 sys=0,00, real=0,01 secs] 
2023-05-30T13:13:24.182+0200: 745,456: [GC pause (G1 Evacuation Pause) (young), 0,0143742 secs]
   [Parallel Time: 11,6 ms, GC Workers: 4]
      [GC Worker Start (ms): Min: 745456,3, Avg: 745456,5, Max: 745456,6, Diff: 0,3]
      [Ext Root Scanning (ms): Min: 0,8, Avg: 1,0, Max: 1,8, Diff: 1,0, Sum: 4,2]
      [Update RS (ms): Min: 0,0, Avg: 1,4, Max: 2,1, Diff: 2,0, Sum: 5,7]
         [Processed Buffers: Min: 2, Avg: 5,5, Max: 12, Diff: 10, Sum: 22]
      [Scan RS (ms): Min: 0,0, Avg: 0,0, Max: 0,0, Diff: 0,0, Sum: 0,1]
      [Code Root Scanning (ms): Min: 0,0, Avg: 0,2, Max: 0,5, Diff: 0,5, Sum: 1,0]
      [Object Copy (ms): Min: 4,9, Avg: 6,1, Max: 9,1, Diff: 4,3, Sum: 24,4]
      [Termination (ms): Min: 0,0, Avg: 1,7, Max: 2,6, Diff: 2,6, Sum: 6,9]
         [Termination Attempts: Min: 1, Avg: 1,5, Max: 2, Diff: 1, Sum: 6]
      [GC Worker Other (ms): Min: 0,0, Avg: 0,0, Max: 0,0, Diff: 0,0, Sum: 0,1]
      [GC Worker Total (ms): Min: 10,3, Avg: 10,6, Max: 10,9, Diff: 0,6, Sum: 42,3]
      [GC Worker End (ms): Min: 745466,9, Avg: 745467,0, Max: 745467,4, Diff: 0,5]
   [Code Root Fixup: 0,0 ms]
   [Code Root Purge: 0,0 ms]
   [Clear CT: 0,5 ms]
   [Other: 2,2 ms]
      [Choose CSet: 0,0 ms]
      [Ref Proc: 1,0 ms]
      [Ref Enq: 0,0 ms]
      [Redirty Cards: 0,6 ms]
      [Humongous Register: 0,1 ms]
      [Humongous Reclaim: 0,0 ms]
      [Free CSet: 0,1 ms]
   [Eden: 48128,0K(48128,0K)->0,0B(47104,0K) Survivors: 4096,0K->5120,0K Heap: 198,3M(1024,0M)->151,7M(1024,0M)]
 [Times: user=0,03 sys=0,00, real=0,02 secs] 
2023-05-30T13:14:06.077+0200: 787,351: [GC pause (G1 Evacuation Pause) (young), 0,0116004 secs]
   [Parallel Time: 8,8 ms, GC Workers: 4]
      [GC Worker Start (ms): Min: 787351,2, Avg: 787352,2, Max: 787355,0, Diff: 3,8]
      [Ext Root Scanning (ms): Min: 0,0, Avg: 1,0, Max: 1,8, Diff: 1,8, Sum: 3,8]
      [Update RS (ms): Min: 0,0, Avg: 1,3, Max: 1,8, Diff: 1,8, Sum: 5,1]
         [Processed Buffers: Min: 0, Avg: 5,8, Max: 16, Diff: 16, Sum: 23]
      [Scan RS (ms): Min: 0,0, Avg: 0,0, Max: 0,1, Diff: 0,1, Sum: 0,1]
      [Code Root Scanning (ms): Min: 0,0, Avg: 0,3, Max: 0,6, Diff: 0,6, Sum: 1,1]
      [Object Copy (ms): Min: 4,0, Avg: 4,2, Max: 4,4, Diff: 0,4, Sum: 16,9]
      [Termination (ms): Min: 0,0, Avg: 0,0, Max: 0,0, Diff: 0,0, Sum: 0,0]
         [Termination Attempts: Min: 1, Avg: 1,2, Max: 2, Diff: 1, Sum: 5]
      [GC Worker Other (ms): Min: 0,0, Avg: 0,0, Max: 0,0, Diff: 0,0, Sum: 0,1]
      [GC Worker Total (ms): Min: 4,0, Avg: 6,8, Max: 7,8, Diff: 3,8, Sum: 27,3]
      [GC Worker End (ms): Min: 787359,0, Avg: 787359,0, Max: 787359,0, Diff: 0,0]
   [Code Root Fixup: 0,0 ms]
   [Code Root Purge: 0,0 ms]
   [Clear CT: 0,6 ms]
   [Other: 2,2 ms]
      [Choose CSet: 0,0 ms]
      [Ref Proc: 1,1 ms]
      [Ref Enq: 0,0 ms]
      [Redirty Cards: 0,6 ms]
      [Humongous Register: 0,1 ms]
      [Humongous Reclaim: 0,0 ms]
      [Free CSet: 0,1 ms]
   [Eden: 47104,0K(47104,0K)->0,0B(48128,0K) Survivors: 5120,0K->4096,0K Heap: 197,7M(1024,0M)->151,3M(1024,0M)]
 [Times: user=0,03 sys=0,00, real=0,01 secs] 
2023-05-30T13:14:48.706+0200: 829,980: [GC pause (G1 Evacuation Pause) (young), 0,0129354 secs]
   [Parallel Time: 9,5 ms, GC Workers: 4]
      [GC Worker Start (ms): Min: 829979,9, Avg: 829980,0, Max: 829980,2, Diff: 0,3]
      [Ext Root Scanning (ms): Min: 0,7, Avg: 1,1, Max: 1,8, Diff: 1,1, Sum: 4,3]
      [Update RS (ms): Min: 0,7, Avg: 1,3, Max: 1,7, Diff: 1,0, Sum: 5,3]
         [Processed Buffers: Min: 2, Avg: 5,5, Max: 9, Diff: 7, Sum: 22]
      [Scan RS (ms): Min: 0,0, Avg: 0,0, Max: 0,0, Diff: 0,0, Sum: 0,1]
      [Code Root Scanning (ms): Min: 0,0, Avg: 0,3, Max: 0,6, Diff: 0,6, Sum: 1,2]
      [Object Copy (ms): Min: 4,6, Avg: 5,2, Max: 5,7, Diff: 1,1, Sum: 20,6]
      [Termination (ms): Min: 0,0, Avg: 0,6, Max: 1,4, Diff: 1,4, Sum: 2,3]
         [Termination Attempts: Min: 1, Avg: 1,2, Max: 2, Diff: 1, Sum: 5]
      [GC Worker Other (ms): Min: 0,0, Avg: 0,0, Max: 0,0, Diff: 0,0, Sum: 0,1]
      [GC Worker Total (ms): Min: 8,2, Avg: 8,5, Max: 9,1, Diff: 0,9, Sum: 34,0]
      [GC Worker End (ms): Min: 829988,3, Avg: 829988,5, Max: 829989,1, Diff: 0,9]
   [Code Root Fixup: 0,0 ms]
   [Code Root Purge: 0,0 ms]
   [Clear CT: 0,7 ms]
   [Other: 2,7 ms]
      [Choose CSet: 0,0 ms]
      [Ref Proc: 1,5 ms]
      [Ref Enq: 0,0 ms]
      [Redirty Cards: 0,7 ms]
      [Humongous Register: 0,1 ms]
      [Humongous Reclaim: 0,0 ms]
      [Free CSet: 0,1 ms]
   [Eden: 48128,0K(48128,0K)->0,0B(47104,0K) Survivors: 4096,0K->5120,0K Heap: 198,3M(1024,0M)->151,6M(1024,0M)]
 [Times: user=0,03 sys=0,00, real=0,02 secs] 
2023-05-30T13:15:29.793+0200: 871,068: [GC pause (G1 Evacuation Pause) (young), 0,0131933 secs]
   [Parallel Time: 7,8 ms, GC Workers: 4]
      [GC Worker Start (ms): Min: 871067,7, Avg: 871068,2, Max: 871069,3, Diff: 1,6]
      [Ext Root Scanning (ms): Min: 0,0, Avg: 1,0, Max: 1,8, Diff: 1,8, Sum: 3,9]
      [Update RS (ms): Min: 0,9, Avg: 1,4, Max: 1,7, Diff: 0,8, Sum: 5,4]
         [Processed Buffers: Min: 2, Avg: 5,2, Max: 11, Diff: 9, Sum: 21]
      [Scan RS (ms): Min: 0,0, Avg: 0,0, Max: 0,0, Diff: 0,0, Sum: 0,1]
      [Code Root Scanning (ms): Min: 0,0, Avg: 0,3, Max: 0,6, Diff: 0,6, Sum: 1,0]
      [Object Copy (ms): Min: 3,9, Avg: 4,0, Max: 4,2, Diff: 0,3, Sum: 16,1]
      [Termination (ms): Min: 0,0, Avg: 0,4, Max: 0,7, Diff: 0,7, Sum: 1,6]
         [Termination Attempts: Min: 1, Avg: 1,5, Max: 2, Diff: 1, Sum: 6]
      [GC Worker Other (ms): Min: 0,0, Avg: 0,1, Max: 0,2, Diff: 0,2, Sum: 0,2]
      [GC Worker Total (ms): Min: 6,1, Avg: 7,1, Max: 7,6, Diff: 1,5, Sum: 28,5]
      [GC Worker End (ms): Min: 871075,2, Avg: 871075,3, Max: 871075,4, Diff: 0,3]
   [Code Root Fixup: 0,0 ms]
   [Code Root Purge: 0,0 ms]
   [Clear CT: 0,7 ms]
   [Other: 4,7 ms]
      [Choose CSet: 0,0 ms]
      [Ref Proc: 3,3 ms]
      [Ref Enq: 0,0 ms]
      [Redirty Cards: 0,8 ms]
      [Humongous Register: 0,1 ms]
      [Humongous Reclaim: 0,0 ms]
      [Free CSet: 0,1 ms]
   [Eden: 47104,0K(47104,0K)->0,0B(48128,0K) Survivors: 5120,0K->4096,0K Heap: 197,6M(1024,0M)->151,3M(1024,0M)]
 [Times: user=0,03 sys=0,01, real=0,01 secs] 
2023-05-30T13:16:12.169+0200: 913,443: [GC pause (G1 Evacuation Pause) (young), 0,0180070 secs]
   [Parallel Time: 12,4 ms, GC Workers: 4]
      [GC Worker Start (ms): Min: 913443,2, Avg: 913444,1, Max: 913444,5, Diff: 1,4]
      [Ext Root Scanning (ms): Min: 0,7, Avg: 2,4, Max: 7,5, Diff: 6,9, Sum: 9,8]
      [Update RS (ms): Min: 0,0, Avg: 1,2, Max: 1,8, Diff: 1,8, Sum: 4,9]
         [Processed Buffers: Min: 0, Avg: 5,8, Max: 17, Diff: 17, Sum: 23]
      [Scan RS (ms): Min: 0,0, Avg: 0,0, Max: 0,0, Diff: 0,0, Sum: 0,1]
      [Code Root Scanning (ms): Min: 0,0, Avg: 0,2, Max: 0,6, Diff: 0,6, Sum: 1,0]
      [Object Copy (ms): Min: 4,3, Avg: 6,0, Max: 6,8, Diff: 2,5, Sum: 24,0]
      [Termination (ms): Min: 0,0, Avg: 1,0, Max: 1,3, Diff: 1,3, Sum: 3,8]
         [Termination Attempts: Min: 1, Avg: 1,5, Max: 3, Diff: 2, Sum: 6]
      [GC Worker Other (ms): Min: 0,0, Avg: 0,0, Max: 0,0, Diff: 0,0, Sum: 0,1]
      [GC Worker Total (ms): Min: 10,5, Avg: 10,9, Max: 11,8, Diff: 1,4, Sum: 43,7]
      [GC Worker End (ms): Min: 913455,0, Avg: 913455,1, Max: 913455,1, Diff: 0,1]
   [Code Root Fixup: 0,0 ms]
   [Code Root Purge: 0,0 ms]
   [Clear CT: 0,6 ms]
   [Other: 4,9 ms]
      [Choose CSet: 0,0 ms]
      [Ref Proc: 3,8 ms]
      [Ref Enq: 0,0 ms]
      [Redirty Cards: 0,6 ms]
      [Humongous Register: 0,1 ms]
      [Humongous Reclaim: 0,0 ms]
      [Free CSet: 0,1 ms]
   [Eden: 48128,0K(48128,0K)->0,0B(46080,0K) Survivors: 4096,0K->6144,0K Heap: 198,3M(1024,0M)->152,6M(1024,0M)]
 [Times: user=0,03 sys=0,01, real=0,01 secs] 
2023-05-30T13:16:52.753+0200: 954,027: [GC pause (G1 Evacuation Pause) (young), 0,0154494 secs]
   [Parallel Time: 12,5 ms, GC Workers: 4]
      [GC Worker Start (ms): Min: 954027,5, Avg: 954030,7, Max: 954033,9, Diff: 6,5]
      [Ext Root Scanning (ms): Min: 0,0, Avg: 0,9, Max: 2,1, Diff: 2,1, Sum: 3,8]
      [Update RS (ms): Min: 0,0, Avg: 1,4, Max: 3,1, Diff: 3,1, Sum: 5,6]
         [Processed Buffers: Min: 0, Avg: 6,0, Max: 20, Diff: 20, Sum: 24]
      [Scan RS (ms): Min: 0,0, Avg: 0,0, Max: 0,0, Diff: 0,0, Sum: 0,1]
      [Code Root Scanning (ms): Min: 0,0, Avg: 0,2, Max: 0,7, Diff: 0,7, Sum: 0,9]
      [Object Copy (ms): Min: 5,6, Avg: 6,3, Max: 7,0, Diff: 1,4, Sum: 25,2]
      [Termination (ms): Min: 0,0, Avg: 0,2, Max: 0,3, Diff: 0,3, Sum: 0,7]
         [Termination Attempts: Min: 1, Avg: 2,2, Max: 4, Diff: 3, Sum: 9]
      [GC Worker Other (ms): Min: 0,0, Avg: 0,0, Max: 0,0, Diff: 0,0, Sum: 0,1]
      [GC Worker Total (ms): Min: 5,8, Avg: 9,1, Max: 12,3, Diff: 6,4, Sum: 36,3]
      [GC Worker End (ms): Min: 954039,8, Avg: 954039,8, Max: 954039,8, Diff: 0,0]
   [Code Root Fixup: 0,0 ms]
   [Code Root Purge: 0,0 ms]
   [Clear CT: 0,4 ms]
   [Other: 2,4 ms]
      [Choose CSet: 0,0 ms]
      [Ref Proc: 1,3 ms]
      [Ref Enq: 0,0 ms]
      [Redirty Cards: 0,5 ms]
      [Humongous Register: 0,1 ms]
      [Humongous Reclaim: 0,0 ms]
      [Free CSet: 0,1 ms]
   [Eden: 46080,0K(46080,0K)->0,0B(48128,0K) Survivors: 6144,0K->4096,0K Heap: 197,6M(1024,0M)->151,3M(1024,0M)]
 [Times: user=0,04 sys=0,00, real=0,02 secs] 
2023-05-30T13:17:34.421+0200: 995,695: [GC pause (G1 Evacuation Pause) (young), 0,0137507 secs]
   [Parallel Time: 9,5 ms, GC Workers: 4]
      [GC Worker Start (ms): Min: 995695,8, Avg: 995696,3, Max: 995697,7, Diff: 1,9]
      [Ext Root Scanning (ms): Min: 0,0, Avg: 1,1, Max: 2,0, Diff: 2,0, Sum: 4,2]
      [Update RS (ms): Min: 1,5, Avg: 2,4, Max: 4,5, Diff: 3,0, Sum: 9,6]
         [Processed Buffers: Min: 1, Avg: 5,0, Max: 14, Diff: 13, Sum: 20]
      [Scan RS (ms): Min: 0,0, Avg: 0,0, Max: 0,0, Diff: 0,0, Sum: 0,1]
      [Code Root Scanning (ms): Min: 0,0, Avg: 0,2, Max: 1,0, Diff: 1,0, Sum: 1,0]
      [Object Copy (ms): Min: 2,5, Avg: 4,2, Max: 5,1, Diff: 2,6, Sum: 16,8]
      [Termination (ms): Min: 0,0, Avg: 0,5, Max: 0,9, Diff: 0,9, Sum: 2,0]
         [Termination Attempts: Min: 1, Avg: 1,2, Max: 2, Diff: 1, Sum: 5]
      [GC Worker Other (ms): Min: 0,0, Avg: 0,0, Max: 0,0, Diff: 0,0, Sum: 0,1]
      [GC Worker Total (ms): Min: 7,0, Avg: 8,4, Max: 8,9, Diff: 1,9, Sum: 33,7]
      [GC Worker End (ms): Min: 995704,7, Avg: 995704,8, Max: 995704,9, Diff: 0,2]
   [Code Root Fixup: 0,0 ms]
   [Code Root Purge: 0,0 ms]
   [Clear CT: 0,6 ms]
   [Other: 3,6 ms]
      [Choose CSet: 0,0 ms]
      [Ref Proc: 2,0 ms]
      [Ref Enq: 0,0 ms]
      [Redirty Cards: 0,8 ms]
      [Humongous Register: 0,5 ms]
      [Humongous Reclaim: 0,0 ms]
      [Free CSet: 0,1 ms]
   [Eden: 48128,0K(48128,0K)->0,0B(47104,0K) Survivors: 4096,0K->5120,0K Heap: 198,3M(1024,0M)->152,0M(1024,0M)]
 [Times: user=0,04 sys=0,00, real=0,01 secs] 
2023-05-30T13:18:15.137+0200: 1036,412: [GC pause (G1 Evacuation Pause) (young), 0,0119614 secs]
   [Parallel Time: 8,7 ms, GC Workers: 4]
      [GC Worker Start (ms): Min: 1036411,8, Avg: 1036411,9, Max: 1036412,0, Diff: 0,3]
      [Ext Root Scanning (ms): Min: 0,7, Avg: 1,1, Max: 1,9, Diff: 1,1, Sum: 4,5]
      [Update RS (ms): Min: 0,8, Avg: 1,5, Max: 1,9, Diff: 1,1, Sum: 6,0]
         [Processed Buffers: Min: 2, Avg: 6,2, Max: 16, Diff: 14, Sum: 25]
      [Scan RS (ms): Min: 0,0, Avg: 0,0, Max: 0,1, Diff: 0,1, Sum: 0,1]
      [Code Root Scanning (ms): Min: 0,0, Avg: 0,3, Max: 0,7, Diff: 0,7, Sum: 1,4]
      [Object Copy (ms): Min: 4,3, Avg: 4,7, Max: 4,9, Diff: 0,6, Sum: 18,6]
      [Termination (ms): Min: 0,0, Avg: 0,0, Max: 0,0, Diff: 0,0, Sum: 0,0]
         [Termination Attempts: Min: 1, Avg: 2,5, Max: 3, Diff: 2, Sum: 10]
      [GC Worker Other (ms): Min: 0,0, Avg: 0,0, Max: 0,0, Diff: 0,0, Sum: 0,1]
      [GC Worker Total (ms): Min: 7,5, Avg: 7,7, Max: 7,8, Diff: 0,3, Sum: 30,7]
      [GC Worker End (ms): Min: 1036419,6, Avg: 1036419,6, Max: 1036419,6, Diff: 0,0]
   [Code Root Fixup: 0,0 ms]
   [Code Root Purge: 0,0 ms]
   [Clear CT: 0,8 ms]
   [Other: 2,4 ms]
      [Choose CSet: 0,0 ms]
      [Ref Proc: 1,1 ms]
      [Ref Enq: 0,0 ms]
      [Redirty Cards: 0,8 ms]
      [Humongous Register: 0,1 ms]
      [Humongous Reclaim: 0,0 ms]
      [Free CSet: 0,1 ms]
   [Eden: 47104,0K(47104,0K)->0,0B(48128,0K) Survivors: 5120,0K->4096,0K Heap: 198,0M(1024,0M)->151,3M(1024,0M)]
 [Times: user=0,03 sys=0,00, real=0,01 secs] 
2023-05-30T13:18:55.306+0200: 1076,580: [GC pause (G1 Evacuation Pause) (young), 0,0394140 secs]
   [Parallel Time: 10,7 ms, GC Workers: 4]
      [GC Worker Start (ms): Min: 1076580,0, Avg: 1076580,1, Max: 1076580,2, Diff: 0,2]
      [Ext Root Scanning (ms): Min: 0,8, Avg: 1,2, Max: 2,0, Diff: 1,2, Sum: 4,6]
      [Update RS (ms): Min: 0,9, Avg: 1,6, Max: 2,0, Diff: 1,1, Sum: 6,5]
         [Processed Buffers: Min: 3, Avg: 7,8, Max: 11, Diff: 8, Sum: 31]
      [Scan RS (ms): Min: 0,0, Avg: 0,0, Max: 0,0, Diff: 0,0, Sum: 0,1]
      [Code Root Scanning (ms): Min: 0,0, Avg: 0,4, Max: 0,8, Diff: 0,8, Sum: 1,6]
      [Object Copy (ms): Min: 4,0, Avg: 4,6, Max: 4,9, Diff: 0,9, Sum: 18,3]
      [Termination (ms): Min: 0,0, Avg: 0,5, Max: 0,7, Diff: 0,7, Sum: 1,9]
         [Termination Attempts: Min: 1, Avg: 1,2, Max: 2, Diff: 1, Sum: 5]
      [GC Worker Other (ms): Min: 0,0, Avg: 0,0, Max: 0,0, Diff: 0,0, Sum: 0,1]
      [GC Worker Total (ms): Min: 8,1, Avg: 8,3, Max: 8,4, Diff: 0,2, Sum: 33,2]
      [GC Worker End (ms): Min: 1076588,3, Avg: 1076588,4, Max: 1076588,4, Diff: 0,1]
   [Code Root Fixup: 0,0 ms]
   [Code Root Purge: 0,0 ms]
   [Clear CT: 0,7 ms]
   [Other: 28,0 ms]
      [Choose CSet: 0,0 ms]
      [Ref Proc: 26,3 ms]
      [Ref Enq: 0,0 ms]
      [Redirty Cards: 1,1 ms]
      [Humongous Register: 0,1 ms]
      [Humongous Reclaim: 0,0 ms]
      [Free CSet: 0,1 ms]
   [Eden: 48128,0K(48128,0K)->0,0B(46080,0K) Survivors: 4096,0K->6144,0K Heap: 198,3M(1024,0M)->153,0M(1024,0M)]
 [Times: user=0,03 sys=0,01, real=0,04 secs] 
2023-05-30T13:19:35.738+0200: 1117,012: [GC pause (G1 Evacuation Pause) (young), 0,0795163 secs]
   [Parallel Time: 73,0 ms, GC Workers: 4]
      [GC Worker Start (ms): Min: 1117011,9, Avg: 1117012,1, Max: 1117012,6, Diff: 0,8]
      [Ext Root Scanning (ms): Min: 0,2, Avg: 2,2, Max: 7,2, Diff: 7,0, Sum: 8,7]
      [Update RS (ms): Min: 0,0, Avg: 1,0, Max: 2,1, Diff: 2,1, Sum: 4,0]
         [Processed Buffers: Min: 0, Avg: 5,8, Max: 18, Diff: 18, Sum: 23]
      [Scan RS (ms): Min: 0,0, Avg: 0,0, Max: 0,0, Diff: 0,0, Sum: 0,0]
      [Code Root Scanning (ms): Min: 0,0, Avg: 0,5, Max: 1,0, Diff: 1,0, Sum: 1,9]
      [Object Copy (ms): Min: 56,4, Avg: 62,8, Max: 71,2, Diff: 14,8, Sum: 251,2]
      [Termination (ms): Min: 0,0, Avg: 6,2, Max: 9,3, Diff: 9,3, Sum: 24,7]
         [Termination Attempts: Min: 1, Avg: 1,0, Max: 1, Diff: 0, Sum: 4]
      [GC Worker Other (ms): Min: 0,0, Avg: 0,0, Max: 0,0, Diff: 0,0, Sum: 0,1]
      [GC Worker Total (ms): Min: 72,1, Avg: 72,6, Max: 72,9, Diff: 0,7, Sum: 290,5]
      [GC Worker End (ms): Min: 1117084,7, Avg: 1117084,7, Max: 1117084,7, Diff: 0,1]
   [Code Root Fixup: 0,0 ms]
   [Code Root Purge: 0,0 ms]
   [Clear CT: 0,3 ms]
   [Other: 6,2 ms]
      [Choose CSet: 0,0 ms]
      [Ref Proc: 5,5 ms]
      [Ref Enq: 0,0 ms]
      [Redirty Cards: 0,3 ms]
      [Humongous Register: 0,0 ms]
      [Humongous Reclaim: 0,0 ms]
      [Free CSet: 0,1 ms]
   [Eden: 46080,0K(46080,0K)->0,0B(49152,0K) Survivors: 6144,0K->3072,0K Heap: 198,0M(1024,0M)->151,8M(1024,0M)]
 [Times: user=0,05 sys=0,01, real=0,08 secs] 
2023-05-30T13:20:19.279+0200: 1160,553: [GC pause (G1 Evacuation Pause) (young), 0,0156078 secs]
   [Parallel Time: 10,9 ms, GC Workers: 4]
      [GC Worker Start (ms): Min: 1160552,9, Avg: 1160553,2, Max: 1160553,8, Diff: 0,9]
      [Ext Root Scanning (ms): Min: 0,1, Avg: 0,8, Max: 1,5, Diff: 1,4, Sum: 3,4]
      [Update RS (ms): Min: 0,0, Avg: 2,7, Max: 5,6, Diff: 5,6, Sum: 11,0]
         [Processed Buffers: Min: 0, Avg: 8,5, Max: 22, Diff: 22, Sum: 34]
      [Scan RS (ms): Min: 0,0, Avg: 0,0, Max: 0,0, Diff: 0,0, Sum: 0,0]
      [Code Root Scanning (ms): Min: 0,0, Avg: 0,1, Max: 0,2, Diff: 0,2, Sum: 0,3]
      [Object Copy (ms): Min: 2,2, Avg: 5,8, Max: 9,7, Diff: 7,4, Sum: 23,2]
      [Termination (ms): Min: 0,0, Avg: 0,7, Max: 1,3, Diff: 1,3, Sum: 2,9]
         [Termination Attempts: Min: 1, Avg: 1,0, Max: 1, Diff: 0, Sum: 4]
      [GC Worker Other (ms): Min: 0,0, Avg: 0,0, Max: 0,0, Diff: 0,0, Sum: 0,1]
      [GC Worker Total (ms): Min: 9,6, Avg: 10,2, Max: 10,5, Diff: 0,9, Sum: 40,8]
      [GC Worker End (ms): Min: 1160563,4, Avg: 1160563,4, Max: 1160563,5, Diff: 0,1]
   [Code Root Fixup: 0,0 ms]
   [Code Root Purge: 0,0 ms]
   [Clear CT: 0,3 ms]
   [Other: 4,5 ms]
      [Choose CSet: 0,0 ms]
      [Ref Proc: 3,8 ms]
      [Ref Enq: 0,0 ms]
      [Redirty Cards: 0,3 ms]
      [Humongous Register: 0,0 ms]
      [Humongous Reclaim: 0,0 ms]
      [Free CSet: 0,0 ms]
   [Eden: 49152,0K(49152,0K)->0,0B(50176,0K) Survivors: 3072,0K->2048,0K Heap: 199,8M(1024,0M)->152,2M(1024,0M)]
 [Times: user=0,02 sys=0,00, real=0,01 secs] 
2023-05-30T13:21:02.275+0200: 1203,549: [GC pause (G1 Evacuation Pause) (young), 0,0113308 secs]
   [Parallel Time: 9,2 ms, GC Workers: 4]
      [GC Worker Start (ms): Min: 1203549,6, Avg: 1203552,2, Max: 1203555,7, Diff: 6,1]
      [Ext Root Scanning (ms): Min: 0,0, Avg: 0,7, Max: 1,6, Diff: 1,6, Sum: 2,7]
      [Update RS (ms): Min: 0,0, Avg: 0,7, Max: 1,3, Diff: 1,3, Sum: 2,6]
         [Processed Buffers: Min: 0, Avg: 8,2, Max: 31, Diff: 31, Sum: 33]
      [Scan RS (ms): Min: 0,0, Avg: 0,0, Max: 0,0, Diff: 0,0, Sum: 0,1]
      [Code Root Scanning (ms): Min: 0,0, Avg: 0,0, Max: 0,1, Diff: 0,1, Sum: 0,1]
      [Object Copy (ms): Min: 0,0, Avg: 2,7, Max: 5,9, Diff: 5,9, Sum: 11,0]
      [Termination (ms): Min: 0,0, Avg: 2,3, Max: 3,1, Diff: 3,1, Sum: 9,0]
         [Termination Attempts: Min: 1, Avg: 1,0, Max: 1, Diff: 0, Sum: 4]
      [GC Worker Other (ms): Min: 0,0, Avg: 0,0, Max: 0,0, Diff: 0,0, Sum: 0,0]
      [GC Worker Total (ms): Min: 2,9, Avg: 6,4, Max: 8,9, Diff: 6,0, Sum: 25,5]
      [GC Worker End (ms): Min: 1203558,5, Avg: 1203558,6, Max: 1203558,6, Diff: 0,1]
   [Code Root Fixup: 0,0 ms]
   [Code Root Purge: 0,0 ms]
   [Clear CT: 0,3 ms]
   [Other: 1,9 ms]
      [Choose CSet: 0,0 ms]
      [Ref Proc: 1,2 ms]
      [Ref Enq: 0,0 ms]
      [Redirty Cards: 0,2 ms]
      [Humongous Register: 0,0 ms]
      [Humongous Reclaim: 0,0 ms]
      [Free CSet: 0,0 ms]
   [Eden: 50176,0K(50176,0K)->0,0B(50176,0K) Survivors: 2048,0K->2048,0K Heap: 201,2M(1024,0M)->151,9M(1024,0M)]
 [Times: user=0,02 sys=0,00, real=0,01 secs] 
2023-05-30T13:21:45.279+0200: 1246,553: [GC pause (G1 Evacuation Pause) (young), 0,0093818 secs]
   [Parallel Time: 6,5 ms, GC Workers: 4]
      [GC Worker Start (ms): Min: 1246553,6, Avg: 1246555,2, Max: 1246558,9, Diff: 5,3]
      [Ext Root Scanning (ms): Min: 0,0, Avg: 1,4, Max: 3,1, Diff: 3,1, Sum: 5,8]
      [Update RS (ms): Min: 0,0, Avg: 0,8, Max: 1,6, Diff: 1,6, Sum: 3,4]
         [Processed Buffers: Min: 0, Avg: 9,5, Max: 26, Diff: 26, Sum: 38]
      [Scan RS (ms): Min: 0,0, Avg: 0,0, Max: 0,0, Diff: 0,0, Sum: 0,1]
      [Code Root Scanning (ms): Min: 0,0, Avg: 0,0, Max: 0,1, Diff: 0,1, Sum: 0,1]
      [Object Copy (ms): Min: 1,0, Avg: 2,4, Max: 2,9, Diff: 1,9, Sum: 9,6]
      [Termination (ms): Min: 0,0, Avg: 0,0, Max: 0,0, Diff: 0,0, Sum: 0,0]
         [Termination Attempts: Min: 1, Avg: 1,0, Max: 1, Diff: 0, Sum: 4]
      [GC Worker Other (ms): Min: 0,0, Avg: 0,0, Max: 0,0, Diff: 0,0, Sum: 0,1]
      [GC Worker Total (ms): Min: 1,0, Avg: 4,7, Max: 6,4, Diff: 5,3, Sum: 19,0]
      [GC Worker End (ms): Min: 1246559,9, Avg: 1246559,9, Max: 1246559,9, Diff: 0,0]
   [Code Root Fixup: 0,0 ms]
   [Code Root Purge: 0,0 ms]
   [Clear CT: 0,5 ms]
   [Other: 2,4 ms]
      [Choose CSet: 0,0 ms]
      [Ref Proc: 1,1 ms]
      [Ref Enq: 0,0 ms]
      [Redirty Cards: 0,7 ms]
      [Humongous Register: 0,1 ms]
      [Humongous Reclaim: 0,1 ms]
      [Free CSet: 0,1 ms]
   [Eden: 50176,0K(50176,0K)->0,0B(50176,0K) Survivors: 2048,0K->2048,0K Heap: 200,9M(1024,0M)->152,5M(1024,0M)]
 [Times: user=0,01 sys=0,00, real=0,01 secs] 
2023-05-30T13:22:28.590+0200: 1289,864: [GC pause (G1 Evacuation Pause) (young), 0,0043612 secs]
   [Parallel Time: 2,8 ms, GC Workers: 4]
      [GC Worker Start (ms): Min: 1289864,3, Avg: 1289864,4, Max: 1289864,5, Diff: 0,2]
      [Ext Root Scanning (ms): Min: 0,5, Avg: 0,7, Max: 1,0, Diff: 0,5, Sum: 2,8]
      [Update RS (ms): Min: 0,5, Avg: 0,6, Max: 0,7, Diff: 0,2, Sum: 2,4]
         [Processed Buffers: Min: 1, Avg: 8,2, Max: 25, Diff: 24, Sum: 33]
      [Scan RS (ms): Min: 0,0, Avg: 0,0, Max: 0,0, Diff: 0,0, Sum: 0,0]
      [Code Root Scanning (ms): Min: 0,0, Avg: 0,0, Max: 0,1, Diff: 0,1, Sum: 0,1]
      [Object Copy (ms): Min: 1,2, Avg: 1,3, Max: 1,3, Diff: 0,1, Sum: 5,0]
      [Termination (ms): Min: 0,0, Avg: 0,0, Max: 0,0, Diff: 0,0, Sum: 0,0]
         [Termination Attempts: Min: 1, Avg: 1,0, Max: 1, Diff: 0, Sum: 4]
      [GC Worker Other (ms): Min: 0,0, Avg: 0,0, Max: 0,0, Diff: 0,0, Sum: 0,1]
      [GC Worker Total (ms): Min: 2,5, Avg: 2,6, Max: 2,7, Diff: 0,2, Sum: 10,4]
      [GC Worker End (ms): Min: 1289867,0, Avg: 1289867,0, Max: 1289867,0, Diff: 0,0]
   [Code Root Fixup: 0,0 ms]
   [Code Root Purge: 0,0 ms]
   [Clear CT: 0,5 ms]
   [Other: 1,1 ms]
      [Choose CSet: 0,0 ms]
      [Ref Proc: 0,4 ms]
      [Ref Enq: 0,0 ms]
      [Redirty Cards: 0,4 ms]
      [Humongous Register: 0,0 ms]
      [Humongous Reclaim: 0,0 ms]
      [Free CSet: 0,0 ms]
   [Eden: 50176,0K(50176,0K)->0,0B(204,0M) Survivors: 2048,0K->2048,0K Heap: 201,5M(1024,0M)->152,0M(1024,0M)]
 [Times: user=0,01 sys=0,00, real=0,00 secs] 
2023-05-30T13:25:30.522+0200: 1471,796: [GC pause (G1 Evacuation Pause) (young), 0,0368916 secs]
   [Parallel Time: 8,0 ms, GC Workers: 4]
      [GC Worker Start (ms): Min: 1471796,6, Avg: 1471796,7, Max: 1471796,7, Diff: 0,2]
      [Ext Root Scanning (ms): Min: 1,3, Avg: 2,3, Max: 3,2, Diff: 1,9, Sum: 9,2]
      [Update RS (ms): Min: 0,2, Avg: 0,8, Max: 1,2, Diff: 1,0, Sum: 3,2]
         [Processed Buffers: Min: 2, Avg: 9,0, Max: 14, Diff: 12, Sum: 36]
      [Scan RS (ms): Min: 0,0, Avg: 0,1, Max: 0,1, Diff: 0,1, Sum: 0,3]
      [Code Root Scanning (ms): Min: 0,0, Avg: 0,0, Max: 0,2, Diff: 0,2, Sum: 0,2]
      [Object Copy (ms): Min: 2,7, Avg: 3,4, Max: 4,3, Diff: 1,7, Sum: 13,5]
      [Termination (ms): Min: 0,0, Avg: 1,1, Max: 1,5, Diff: 1,5, Sum: 4,4]
         [Termination Attempts: Min: 1, Avg: 1,0, Max: 1, Diff: 0, Sum: 4]
      [GC Worker Other (ms): Min: 0,0, Avg: 0,0, Max: 0,0, Diff: 0,0, Sum: 0,1]
      [GC Worker Total (ms): Min: 7,6, Avg: 7,7, Max: 7,9, Diff: 0,3, Sum: 30,9]
      [GC Worker End (ms): Min: 1471804,3, Avg: 1471804,4, Max: 1471804,5, Diff: 0,2]
   [Code Root Fixup: 0,0 ms]
   [Code Root Purge: 0,0 ms]
   [Clear CT: 0,6 ms]
   [Other: 28,2 ms]
      [Choose CSet: 0,0 ms]
      [Ref Proc: 2,9 ms]
      [Ref Enq: 0,0 ms]
      [Redirty Cards: 0,7 ms]
      [Humongous Register: 0,1 ms]
      [Humongous Reclaim: 0,0 ms]
      [Free CSet: 24,1 ms]
   [Eden: 204,0M(204,0M)->0,0B(71680,0K) Survivors: 2048,0K->3072,0K Heap: 356,0M(1024,0M)->152,8M(1024,0M)]
 [Times: user=0,02 sys=0,01, real=0,04 secs] 
2023-05-30T13:26:31.622+0200: 1532,896: [GC pause (G1 Evacuation Pause) (young), 0,0125414 secs]
   [Parallel Time: 5,1 ms, GC Workers: 4]
      [GC Worker Start (ms): Min: 1532896,5, Avg: 1532897,1, Max: 1532898,7, Diff: 2,2]
      [Ext Root Scanning (ms): Min: 0,0, Avg: 0,9, Max: 1,4, Diff: 1,4, Sum: 3,6]
      [Update RS (ms): Min: 0,5, Avg: 1,2, Max: 2,1, Diff: 1,7, Sum: 5,0]
         [Processed Buffers: Min: 1, Avg: 8,5, Max: 23, Diff: 22, Sum: 34]
      [Scan RS (ms): Min: 0,0, Avg: 0,0, Max: 0,0, Diff: 0,0, Sum: 0,1]
      [Code Root Scanning (ms): Min: 0,0, Avg: 0,0, Max: 0,2, Diff: 0,2, Sum: 0,2]
      [Object Copy (ms): Min: 1,4, Avg: 2,0, Max: 2,2, Diff: 0,8, Sum: 8,1]
      [Termination (ms): Min: 0,0, Avg: 0,0, Max: 0,0, Diff: 0,0, Sum: 0,0]
         [Termination Attempts: Min: 1, Avg: 1,0, Max: 1, Diff: 0, Sum: 4]
      [GC Worker Other (ms): Min: 0,0, Avg: 0,0, Max: 0,0, Diff: 0,0, Sum: 0,1]
      [GC Worker Total (ms): Min: 2,7, Avg: 4,3, Max: 4,9, Diff: 2,2, Sum: 17,0]
      [GC Worker End (ms): Min: 1532901,4, Avg: 1532901,4, Max: 1532901,4, Diff: 0,0]
   [Code Root Fixup: 0,0 ms]
   [Code Root Purge: 0,0 ms]
   [Clear CT: 0,8 ms]
   [Other: 6,6 ms]
      [Choose CSet: 0,0 ms]
      [Ref Proc: 1,2 ms]
      [Ref Enq: 0,0 ms]
      [Redirty Cards: 2,8 ms]
      [Humongous Register: 0,1 ms]
      [Humongous Reclaim: 0,0 ms]
      [Free CSet: 2,1 ms]
   [Eden: 71680,0K(71680,0K)->0,0B(100,0M) Survivors: 3072,0K->2048,0K Heap: 222,8M(1024,0M)->152,2M(1024,0M)]
 [Times: user=0,01 sys=0,01, real=0,01 secs] 
2023-05-30T13:28:00.611+0200: 1621,885: [GC pause (G1 Evacuation Pause) (young), 0,0071759 secs]
   [Parallel Time: 4,3 ms, GC Workers: 4]
      [GC Worker Start (ms): Min: 1621885,0, Avg: 1621885,1, Max: 1621885,2, Diff: 0,2]
      [Ext Root Scanning (ms): Min: 0,8, Avg: 1,0, Max: 1,4, Diff: 0,6, Sum: 4,0]
      [Update RS (ms): Min: 0,7, Avg: 0,9, Max: 1,0, Diff: 0,3, Sum: 3,4]
         [Processed Buffers: Min: 1, Avg: 8,5, Max: 16, Diff: 15, Sum: 34]
      [Scan RS (ms): Min: 0,0, Avg: 0,0, Max: 0,1, Diff: 0,1, Sum: 0,1]
      [Code Root Scanning (ms): Min: 0,0, Avg: 0,0, Max: 0,1, Diff: 0,1, Sum: 0,1]
      [Object Copy (ms): Min: 2,0, Avg: 2,1, Max: 2,1, Diff: 0,1, Sum: 8,2]
      [Termination (ms): Min: 0,0, Avg: 0,0, Max: 0,0, Diff: 0,0, Sum: 0,0]
         [Termination Attempts: Min: 1, Avg: 1,2, Max: 2, Diff: 1, Sum: 5]
      [GC Worker Other (ms): Min: 0,0, Avg: 0,0, Max: 0,0, Diff: 0,0, Sum: 0,1]
      [GC Worker Total (ms): Min: 3,9, Avg: 4,0, Max: 4,1, Diff: 0,2, Sum: 16,0]
      [GC Worker End (ms): Min: 1621889,1, Avg: 1621889,1, Max: 1621889,1, Diff: 0,0]
   [Code Root Fixup: 0,0 ms]
   [Code Root Purge: 0,0 ms]
   [Clear CT: 0,9 ms]
   [Other: 2,0 ms]
      [Choose CSet: 0,0 ms]
      [Ref Proc: 0,8 ms]
      [Ref Enq: 0,0 ms]
      [Redirty Cards: 0,7 ms]
      [Humongous Register: 0,1 ms]
      [Humongous Reclaim: 0,0 ms]
      [Free CSet: 0,1 ms]
   [Eden: 100,0M(100,0M)->0,0B(158,0M) Survivors: 2048,0K->3072,0K Heap: 252,2M(1024,0M)->152,9M(1024,0M)]
 [Times: user=0,01 sys=0,00, real=0,01 secs] 
2023-05-30T13:30:20.579+0200: 1761,853: [GC pause (G1 Evacuation Pause) (young), 0,0073582 secs]
   [Parallel Time: 4,9 ms, GC Workers: 4]
      [GC Worker Start (ms): Min: 1761853,2, Avg: 1761853,7, Max: 1761854,0, Diff: 0,8]
      [Ext Root Scanning (ms): Min: 0,8, Avg: 1,1, Max: 1,7, Diff: 0,9, Sum: 4,5]
      [Update RS (ms): Min: 0,7, Avg: 0,8, Max: 1,0, Diff: 0,3, Sum: 3,3]
         [Processed Buffers: Min: 1, Avg: 8,5, Max: 20, Diff: 19, Sum: 34]
      [Scan RS (ms): Min: 0,0, Avg: 0,1, Max: 0,1, Diff: 0,1, Sum: 0,2]
      [Code Root Scanning (ms): Min: 0,0, Avg: 0,0, Max: 0,1, Diff: 0,1, Sum: 0,1]
      [Object Copy (ms): Min: 2,1, Avg: 2,2, Max: 2,2, Diff: 0,1, Sum: 8,8]
      [Termination (ms): Min: 0,0, Avg: 0,0, Max: 0,0, Diff: 0,0, Sum: 0,0]
         [Termination Attempts: Min: 1, Avg: 1,0, Max: 1, Diff: 0, Sum: 4]
      [GC Worker Other (ms): Min: 0,0, Avg: 0,0, Max: 0,0, Diff: 0,0, Sum: 0,1]
      [GC Worker Total (ms): Min: 4,0, Avg: 4,3, Max: 4,8, Diff: 0,8, Sum: 17,2]
      [GC Worker End (ms): Min: 1761858,0, Avg: 1761858,0, Max: 1761858,0, Diff: 0,0]
   [Code Root Fixup: 0,0 ms]
   [Code Root Purge: 0,0 ms]
   [Clear CT: 0,5 ms]
   [Other: 2,0 ms]
      [Choose CSet: 0,0 ms]
      [Ref Proc: 0,9 ms]
      [Ref Enq: 0,0 ms]
      [Redirty Cards: 0,6 ms]
      [Humongous Register: 0,1 ms]
      [Humongous Reclaim: 0,0 ms]
      [Free CSet: 0,1 ms]
   [Eden: 158,0M(158,0M)->0,0B(248,0M) Survivors: 3072,0K->2048,0K Heap: 310,9M(1024,0M)->152,1M(1024,0M)]
 [Times: user=0,01 sys=0,00, real=0,00 secs] 
2023-05-30T13:34:00.882+0200: 1982,156: [GC pause (G1 Evacuation Pause) (young), 0,0177177 secs]
   [Parallel Time: 7,7 ms, GC Workers: 4]
      [GC Worker Start (ms): Min: 1982156,6, Avg: 1982156,8, Max: 1982157,0, Diff: 0,3]
      [Ext Root Scanning (ms): Min: 0,7, Avg: 1,5, Max: 3,4, Diff: 2,8, Sum: 6,1]
      [Update RS (ms): Min: 0,2, Avg: 0,9, Max: 1,2, Diff: 1,0, Sum: 3,5]
         [Processed Buffers: Min: 3, Avg: 10,0, Max: 25, Diff: 22, Sum: 40]
      [Scan RS (ms): Min: 0,0, Avg: 0,1, Max: 0,1, Diff: 0,1, Sum: 0,3]
      [Code Root Scanning (ms): Min: 0,0, Avg: 0,0, Max: 0,1, Diff: 0,1, Sum: 0,1]
      [Object Copy (ms): Min: 3,2, Avg: 4,2, Max: 4,9, Diff: 1,7, Sum: 17,0]
      [Termination (ms): Min: 0,0, Avg: 0,0, Max: 0,0, Diff: 0,0, Sum: 0,0]
         [Termination Attempts: Min: 1, Avg: 1,0, Max: 1, Diff: 0, Sum: 4]
      [GC Worker Other (ms): Min: 0,0, Avg: 0,0, Max: 0,0, Diff: 0,0, Sum: 0,1]
      [GC Worker Total (ms): Min: 6,7, Avg: 6,8, Max: 7,0, Diff: 0,3, Sum: 27,2]
      [GC Worker End (ms): Min: 1982163,6, Avg: 1982163,6, Max: 1982163,6, Diff: 0,0]
   [Code Root Fixup: 0,0 ms]
   [Code Root Purge: 0,0 ms]
   [Clear CT: 0,5 ms]
   [Other: 9,5 ms]
      [Choose CSet: 0,0 ms]
      [Ref Proc: 0,8 ms]
      [Ref Enq: 0,0 ms]
      [Redirty Cards: 0,6 ms]
      [Humongous Register: 0,1 ms]
      [Humongous Reclaim: 0,0 ms]
      [Free CSet: 7,6 ms]
   [Eden: 248,0M(248,0M)->0,0B(252,0M) Survivors: 2048,0K->3072,0K Heap: 400,1M(1024,0M)->152,9M(1024,0M)]
 [Times: user=0,03 sys=0,00, real=0,02 secs] 
2023-05-30T13:37:55.881+0200: 2217,155: [GC pause (G1 Evacuation Pause) (young), 0,0329342 secs]
   [Parallel Time: 23,6 ms, GC Workers: 4]
      [GC Worker Start (ms): Min: 2217156,8, Avg: 2217157,2, Max: 2217157,5, Diff: 0,7]
      [Ext Root Scanning (ms): Min: 0,8, Avg: 1,7, Max: 3,9, Diff: 3,1, Sum: 6,8]
      [Update RS (ms): Min: 0,0, Avg: 1,0, Max: 1,4, Diff: 1,4, Sum: 4,2]
         [Processed Buffers: Min: 0, Avg: 9,8, Max: 14, Diff: 14, Sum: 39]
      [Scan RS (ms): Min: 0,0, Avg: 0,1, Max: 0,1, Diff: 0,1, Sum: 0,3]
      [Code Root Scanning (ms): Min: 0,0, Avg: 0,0, Max: 0,1, Diff: 0,1, Sum: 0,1]
      [Object Copy (ms): Min: 4,8, Avg: 6,8, Max: 12,8, Diff: 7,9, Sum: 27,4]
      [Termination (ms): Min: 0,0, Avg: 8,4, Max: 13,8, Diff: 13,8, Sum: 33,4]
         [Termination Attempts: Min: 1, Avg: 1,0, Max: 1, Diff: 0, Sum: 4]
      [GC Worker Other (ms): Min: 0,0, Avg: 0,0, Max: 0,1, Diff: 0,0, Sum: 0,1]
      [GC Worker Total (ms): Min: 16,3, Avg: 18,1, Max: 21,1, Diff: 4,8, Sum: 72,3]
      [GC Worker End (ms): Min: 2217173,5, Avg: 2217175,2, Max: 2217178,6, Diff: 5,1]
   [Code Root Fixup: 0,0 ms]
   [Code Root Purge: 0,0 ms]
   [Clear CT: 0,4 ms]
   [Other: 8,9 ms]
      [Choose CSet: 0,0 ms]
      [Ref Proc: 3,9 ms]
      [Ref Enq: 0,0 ms]
      [Redirty Cards: 0,3 ms]
      [Humongous Register: 1,9 ms]
      [Humongous Reclaim: 0,0 ms]
      [Free CSet: 2,5 ms]
   [Eden: 252,0M(252,0M)->0,0B(171,0M) Survivors: 3072,0K->2048,0K Heap: 404,9M(1024,0M)->152,6M(1024,0M)]
 [Times: user=0,03 sys=0,00, real=0,03 secs] 
2023-05-30T13:40:38.757+0200: 2380,031: [GC pause (G1 Evacuation Pause) (young), 0,0254545 secs]
   [Parallel Time: 6,4 ms, GC Workers: 4]
      [GC Worker Start (ms): Min: 2380031,8, Avg: 2380032,2, Max: 2380032,4, Diff: 0,5]
      [Ext Root Scanning (ms): Min: 0,9, Avg: 1,1, Max: 1,5, Diff: 0,6, Sum: 4,6]
      [Update RS (ms): Min: 1,0, Avg: 1,0, Max: 1,1, Diff: 0,1, Sum: 4,2]
         [Processed Buffers: Min: 3, Avg: 9,5, Max: 21, Diff: 18, Sum: 38]
      [Scan RS (ms): Min: 0,1, Avg: 0,1, Max: 0,2, Diff: 0,1, Sum: 0,4]
      [Code Root Scanning (ms): Min: 0,0, Avg: 0,0, Max: 0,2, Diff: 0,2, Sum: 0,2]
      [Object Copy (ms): Min: 2,6, Avg: 2,7, Max: 2,8, Diff: 0,2, Sum: 10,7]
      [Termination (ms): Min: 0,0, Avg: 0,0, Max: 0,0, Diff: 0,0, Sum: 0,0]
         [Termination Attempts: Min: 1, Avg: 1,0, Max: 1, Diff: 0, Sum: 4]
      [GC Worker Other (ms): Min: 0,0, Avg: 0,0, Max: 0,0, Diff: 0,0, Sum: 0,2]
      [GC Worker Total (ms): Min: 4,8, Avg: 5,0, Max: 5,4, Diff: 0,5, Sum: 20,2]
      [GC Worker End (ms): Min: 2380037,2, Avg: 2380037,2, Max: 2380037,2, Diff: 0,0]
   [Code Root Fixup: 0,0 ms]
   [Code Root Purge: 0,0 ms]
   [Clear CT: 1,1 ms]
   [Other: 17,9 ms]
      [Choose CSet: 0,0 ms]
      [Ref Proc: 12,2 ms]
      [Ref Enq: 0,0 ms]
      [Redirty Cards: 0,6 ms]
      [Humongous Register: 0,1 ms]
      [Humongous Reclaim: 0,0 ms]
      [Free CSet: 4,6 ms]
   [Eden: 171,0M(171,0M)->0,0B(86016,0K) Survivors: 2048,0K->3072,0K Heap: 323,6M(1024,0M)->153,6M(1024,0M)]
 [Times: user=0,04 sys=0,00, real=0,02 secs] 
2023-05-30T13:41:55.779+0200: 2457,053: [GC pause (G1 Evacuation Pause) (young), 0,0069957 secs]
   [Parallel Time: 4,3 ms, GC Workers: 4]
      [GC Worker Start (ms): Min: 2457052,9, Avg: 2457052,9, Max: 2457053,0, Diff: 0,2]
      [Ext Root Scanning (ms): Min: 0,7, Avg: 0,9, Max: 1,3, Diff: 0,6, Sum: 3,6]
      [Update RS (ms): Min: 0,7, Avg: 0,9, Max: 1,0, Diff: 0,3, Sum: 3,5]
         [Processed Buffers: Min: 1, Avg: 10,2, Max: 16, Diff: 15, Sum: 41]
      [Scan RS (ms): Min: 0,0, Avg: 0,0, Max: 0,0, Diff: 0,0, Sum: 0,1]
      [Code Root Scanning (ms): Min: 0,0, Avg: 0,0, Max: 0,1, Diff: 0,1, Sum: 0,1]
      [Object Copy (ms): Min: 2,1, Avg: 2,2, Max: 2,3, Diff: 0,1, Sum: 8,9]
      [Termination (ms): Min: 0,0, Avg: 0,0, Max: 0,0, Diff: 0,0, Sum: 0,0]
         [Termination Attempts: Min: 1, Avg: 1,2, Max: 2, Diff: 1, Sum: 5]
      [GC Worker Other (ms): Min: 0,0, Avg: 0,0, Max: 0,0, Diff: 0,0, Sum: 0,1]
      [GC Worker Total (ms): Min: 4,0, Avg: 4,1, Max: 4,1, Diff: 0,2, Sum: 16,3]
      [GC Worker End (ms): Min: 2457057,0, Avg: 2457057,0, Max: 2457057,0, Diff: 0,0]
   [Code Root Fixup: 0,0 ms]
   [Code Root Purge: 0,0 ms]
   [Clear CT: 0,6 ms]
   [Other: 2,0 ms]
      [Choose CSet: 0,0 ms]
      [Ref Proc: 1,1 ms]
      [Ref Enq: 0,0 ms]
      [Redirty Cards: 0,4 ms]
      [Humongous Register: 0,1 ms]
      [Humongous Reclaim: 0,0 ms]
      [Free CSet: 0,1 ms]
   [Eden: 86016,0K(86016,0K)->0,0B(195,0M) Survivors: 3072,0K->2048,0K Heap: 237,6M(1024,0M)->152,5M(1024,0M)]
 [Times: user=0,01 sys=0,00, real=0,00 secs] 
2023-05-30T13:44:55.524+0200: 2636,798: [GC pause (G1 Evacuation Pause) (young), 0,0098192 secs]
   [Parallel Time: 6,9 ms, GC Workers: 4]
      [GC Worker Start (ms): Min: 2636798,5, Avg: 2636798,6, Max: 2636798,8, Diff: 0,3]
      [Ext Root Scanning (ms): Min: 1,1, Avg: 1,3, Max: 1,8, Diff: 0,7, Sum: 5,3]
      [Update RS (ms): Min: 0,9, Avg: 1,1, Max: 1,2, Diff: 0,3, Sum: 4,2]
         [Processed Buffers: Min: 3, Avg: 9,2, Max: 15, Diff: 12, Sum: 37]
      [Scan RS (ms): Min: 0,0, Avg: 0,1, Max: 0,1, Diff: 0,1, Sum: 0,2]
      [Code Root Scanning (ms): Min: 0,0, Avg: 0,0, Max: 0,1, Diff: 0,1, Sum: 0,2]
      [Object Copy (ms): Min: 3,8, Avg: 3,9, Max: 4,0, Diff: 0,2, Sum: 15,4]
      [Termination (ms): Min: 0,0, Avg: 0,0, Max: 0,0, Diff: 0,0, Sum: 0,0]
         [Termination Attempts: Min: 1, Avg: 1,0, Max: 1, Diff: 0, Sum: 4]
      [GC Worker Other (ms): Min: 0,0, Avg: 0,0, Max: 0,1, Diff: 0,0, Sum: 0,2]
      [GC Worker Total (ms): Min: 6,2, Avg: 6,4, Max: 6,6, Diff: 0,4, Sum: 25,5]
      [GC Worker End (ms): Min: 2636805,0, Avg: 2636805,0, Max: 2636805,0, Diff: 0,0]
   [Code Root Fixup: 0,0 ms]
   [Code Root Purge: 0,0 ms]
   [Clear CT: 0,5 ms]
   [Other: 2,4 ms]
      [Choose CSet: 0,0 ms]
      [Ref Proc: 1,2 ms]
      [Ref Enq: 0,0 ms]
      [Redirty Cards: 0,5 ms]
      [Humongous Register: 0,1 ms]
      [Humongous Reclaim: 0,0 ms]
      [Free CSet: 0,2 ms]
   [Eden: 195,0M(195,0M)->0,0B(298,0M) Survivors: 2048,0K->3072,0K Heap: 347,5M(1024,0M)->153,1M(1024,0M)]
 [Times: user=0,02 sys=0,01, real=0,01 secs] 
2023-05-30T13:49:21.718+0200: 2902,992: [GC pause (G1 Evacuation Pause) (young), 0,0273879 secs]
   [Parallel Time: 16,7 ms, GC Workers: 4]
      [GC Worker Start (ms): Min: 2902992,2, Avg: 2902992,4, Max: 2902992,7, Diff: 0,4]
      [Ext Root Scanning (ms): Min: 1,1, Avg: 2,6, Max: 6,3, Diff: 5,2, Sum: 10,5]
      [Update RS (ms): Min: 0,0, Avg: 1,1, Max: 1,6, Diff: 1,6, Sum: 4,4]
         [Processed Buffers: Min: 0, Avg: 9,8, Max: 17, Diff: 17, Sum: 39]
      [Scan RS (ms): Min: 0,0, Avg: 0,1, Max: 0,1, Diff: 0,1, Sum: 0,4]
      [Code Root Scanning (ms): Min: 0,0, Avg: 0,0, Max: 0,1, Diff: 0,1, Sum: 0,2]
      [Object Copy (ms): Min: 8,3, Avg: 11,1, Max: 12,8, Diff: 4,5, Sum: 44,3]
      [Termination (ms): Min: 0,0, Avg: 1,0, Max: 1,5, Diff: 1,5, Sum: 4,0]
         [Termination Attempts: Min: 1, Avg: 1,0, Max: 1, Diff: 0, Sum: 4]
      [GC Worker Other (ms): Min: 0,0, Avg: 0,0, Max: 0,0, Diff: 0,0, Sum: 0,1]
      [GC Worker Total (ms): Min: 15,6, Avg: 16,0, Max: 16,2, Diff: 0,5, Sum: 63,9]
      [GC Worker End (ms): Min: 2903008,3, Avg: 2903008,4, Max: 2903008,5, Diff: 0,2]
   [Code Root Fixup: 0,0 ms]
   [Code Root Purge: 0,0 ms]
   [Clear CT: 0,6 ms]
   [Other: 10,1 ms]
      [Choose CSet: 0,0 ms]
      [Ref Proc: 1,0 ms]
      [Ref Enq: 0,0 ms]
      [Redirty Cards: 0,7 ms]
      [Humongous Register: 0,3 ms]
      [Humongous Reclaim: 0,0 ms]
      [Free CSet: 7,8 ms]
   [Eden: 298,0M(298,0M)->0,0B(220,0M) Survivors: 3072,0K->3072,0K Heap: 451,1M(1024,0M)->153,4M(1024,0M)]
 [Times: user=0,03 sys=0,01, real=0,02 secs] 
2023-05-30T13:52:43.803+0200: 3105,077: [GC pause (G1 Evacuation Pause) (young), 0,0236080 secs]
   [Parallel Time: 9,7 ms, GC Workers: 4]
      [GC Worker Start (ms): Min: 3105077,6, Avg: 3105078,8, Max: 3105081,9, Diff: 4,3]
      [Ext Root Scanning (ms): Min: 0,0, Avg: 1,1, Max: 2,0, Diff: 1,9, Sum: 4,5]
      [Update RS (ms): Min: 0,0, Avg: 1,4, Max: 2,1, Diff: 2,1, Sum: 5,7]
         [Processed Buffers: Min: 0, Avg: 11,0, Max: 29, Diff: 29, Sum: 44]
      [Scan RS (ms): Min: 0,0, Avg: 0,1, Max: 0,1, Diff: 0,1, Sum: 0,3]
      [Code Root Scanning (ms): Min: 0,0, Avg: 0,0, Max: 0,1, Diff: 0,1, Sum: 0,2]
      [Object Copy (ms): Min: 5,0, Avg: 5,5, Max: 5,9, Diff: 0,9, Sum: 22,0]
      [Termination (ms): Min: 0,0, Avg: 0,3, Max: 0,8, Diff: 0,8, Sum: 1,1]
         [Termination Attempts: Min: 1, Avg: 1,0, Max: 1, Diff: 0, Sum: 4]
      [GC Worker Other (ms): Min: 0,0, Avg: 0,0, Max: 0,0, Diff: 0,0, Sum: 0,1]
      [GC Worker Total (ms): Min: 5,3, Avg: 8,4, Max: 9,5, Diff: 4,3, Sum: 33,8]
      [GC Worker End (ms): Min: 3105087,2, Avg: 3105087,2, Max: 3105087,2, Diff: 0,0]
   [Code Root Fixup: 0,0 ms]
   [Code Root Purge: 0,0 ms]
   [Clear CT: 3,1 ms]
   [Other: 10,8 ms]
      [Choose CSet: 0,0 ms]
      [Ref Proc: 3,6 ms]
      [Ref Enq: 0,0 ms]
      [Redirty Cards: 1,9 ms]
      [Humongous Register: 0,1 ms]
      [Humongous Reclaim: 0,0 ms]
      [Free CSet: 0,7 ms]
   [Eden: 220,0M(220,0M)->0,0B(147,0M) Survivors: 3072,0K->2048,0K Heap: 373,4M(1024,0M)->153,1M(1024,0M)]
 [Times: user=0,03 sys=0,00, real=0,02 secs] 
2023-05-30T13:55:03.105+0200: 3244,379: [GC pause (G1 Evacuation Pause) (young), 0,0114763 secs]
   [Parallel Time: 8,2 ms, GC Workers: 4]
      [GC Worker Start (ms): Min: 3244379,1, Avg: 3244380,0, Max: 3244382,3, Diff: 3,2]
      [Ext Root Scanning (ms): Min: 0,0, Avg: 0,9, Max: 1,4, Diff: 1,4, Sum: 3,7]
      [Update RS (ms): Min: 0,0, Avg: 0,7, Max: 1,0, Diff: 1,0, Sum: 2,8]
         [Processed Buffers: Min: 0, Avg: 10,0, Max: 15, Diff: 15, Sum: 40]
      [Scan RS (ms): Min: 0,0, Avg: 0,0, Max: 0,1, Diff: 0,1, Sum: 0,2]
      [Code Root Scanning (ms): Min: 0,0, Avg: 0,0, Max: 0,2, Diff: 0,2, Sum: 0,2]
      [Object Copy (ms): Min: 4,5, Avg: 5,3, Max: 5,8, Diff: 1,3, Sum: 21,2]
      [Termination (ms): Min: 0,0, Avg: 0,2, Max: 0,5, Diff: 0,5, Sum: 0,9]
         [Termination Attempts: Min: 1, Avg: 1,0, Max: 1, Diff: 0, Sum: 4]
      [GC Worker Other (ms): Min: 0,0, Avg: 0,0, Max: 0,0, Diff: 0,0, Sum: 0,1]
      [GC Worker Total (ms): Min: 5,0, Avg: 7,2, Max: 8,1, Diff: 3,1, Sum: 29,0]
      [GC Worker End (ms): Min: 3244387,2, Avg: 3244387,2, Max: 3244387,2, Diff: 0,0]
   [Code Root Fixup: 0,0 ms]
   [Code Root Purge: 0,0 ms]
   [Clear CT: 0,6 ms]
   [Other: 2,6 ms]
      [Choose CSet: 0,0 ms]
      [Ref Proc: 0,7 ms]
      [Ref Enq: 0,0 ms]
      [Redirty Cards: 0,7 ms]
      [Humongous Register: 0,1 ms]
      [Humongous Reclaim: 0,0 ms]
      [Free CSet: 0,2 ms]
   [Eden: 147,0M(147,0M)->0,0B(266,0M) Survivors: 2048,0K->3072,0K Heap: 300,1M(1024,0M)->153,9M(1024,0M)]
 [Times: user=0,02 sys=0,01, real=0,02 secs] 
2023-05-30T13:59:16.120+0200: 3497,394: [GC pause (G1 Evacuation Pause) (young), 0,0137209 secs]
   [Parallel Time: 9,5 ms, GC Workers: 4]
      [GC Worker Start (ms): Min: 3497393,9, Avg: 3497394,7, Max: 3497397,0, Diff: 3,1]
      [Ext Root Scanning (ms): Min: 0,0, Avg: 0,8, Max: 1,1, Diff: 1,1, Sum: 3,0]
      [Update RS (ms): Min: 0,0, Avg: 0,5, Max: 1,0, Diff: 1,0, Sum: 2,0]
         [Processed Buffers: Min: 0, Avg: 10,0, Max: 32, Diff: 32, Sum: 40]
      [Scan RS (ms): Min: 0,0, Avg: 0,1, Max: 0,1, Diff: 0,1, Sum: 0,2]
      [Code Root Scanning (ms): Min: 0,0, Avg: 0,0, Max: 0,1, Diff: 0,1, Sum: 0,2]
      [Object Copy (ms): Min: 4,6, Avg: 6,5, Max: 8,0, Diff: 3,4, Sum: 25,9]
      [Termination (ms): Min: 0,0, Avg: 0,7, Max: 2,5, Diff: 2,5, Sum: 3,0]
         [Termination Attempts: Min: 1, Avg: 1,5, Max: 2, Diff: 1, Sum: 6]
      [GC Worker Other (ms): Min: 0,0, Avg: 0,0, Max: 0,0, Diff: 0,0, Sum: 0,1]
      [GC Worker Total (ms): Min: 6,3, Avg: 8,6, Max: 9,4, Diff: 3,1, Sum: 34,4]
      [GC Worker End (ms): Min: 3497403,3, Avg: 3497403,3, Max: 3497403,3, Diff: 0,0]
   [Code Root Fixup: 0,0 ms]
   [Code Root Purge: 0,0 ms]
   [Clear CT: 0,2 ms]
   [Other: 4,0 ms]
      [Choose CSet: 0,0 ms]
      [Ref Proc: 0,5 ms]
      [Ref Enq: 0,0 ms]
      [Redirty Cards: 2,0 ms]
      [Humongous Register: 0,1 ms]
      [Humongous Reclaim: 0,0 ms]
      [Free CSet: 0,2 ms]
   [Eden: 266,0M(266,0M)->0,0B(400,0M) Survivors: 3072,0K->2048,0K Heap: 419,9M(1024,0M)->153,4M(1024,0M)]
 [Times: user=0,02 sys=0,00, real=0,01 secs] 
2023-05-30T14:05:21.569+0200: 3862,843: [GC pause (G1 Evacuation Pause) (young), 0,1329495 secs]
   [Parallel Time: 22,2 ms, GC Workers: 4]
      [GC Worker Start (ms): Min: 3862843,0, Avg: 3862843,1, Max: 3862843,3, Diff: 0,3]
      [Ext Root Scanning (ms): Min: 0,8, Avg: 3,2, Max: 5,9, Diff: 5,1, Sum: 12,9]
      [Update RS (ms): Min: 0,0, Avg: 0,5, Max: 0,9, Diff: 0,9, Sum: 1,9]
         [Processed Buffers: Min: 0, Avg: 10,2, Max: 27, Diff: 27, Sum: 41]
      [Scan RS (ms): Min: 0,0, Avg: 0,1, Max: 0,2, Diff: 0,1, Sum: 0,3]
      [Code Root Scanning (ms): Min: 0,0, Avg: 0,0, Max: 0,1, Diff: 0,1, Sum: 0,1]
      [Object Copy (ms): Min: 11,6, Avg: 13,4, Max: 15,8, Diff: 4,1, Sum: 53,6]
      [Termination (ms): Min: 0,0, Avg: 2,9, Max: 5,7, Diff: 5,7, Sum: 11,4]
         [Termination Attempts: Min: 1, Avg: 1,0, Max: 1, Diff: 0, Sum: 4]
      [GC Worker Other (ms): Min: 0,0, Avg: 0,0, Max: 0,0, Diff: 0,0, Sum: 0,1]
      [GC Worker Total (ms): Min: 18,1, Avg: 20,1, Max: 22,1, Diff: 4,0, Sum: 80,3]
      [GC Worker End (ms): Min: 3862861,3, Avg: 3862863,2, Max: 3862865,1, Diff: 3,8]
   [Code Root Fixup: 0,0 ms]
   [Code Root Purge: 0,0 ms]
   [Clear CT: 10,2 ms]
   [Other: 100,5 ms]
      [Choose CSet: 0,0 ms]
      [Ref Proc: 2,7 ms]
      [Ref Enq: 0,0 ms]
      [Redirty Cards: 0,2 ms]
      [Humongous Register: 0,2 ms]
      [Humongous Reclaim: 0,0 ms]
      [Free CSet: 97,1 ms]
   [Eden: 400,0M(400,0M)->0,0B(49152,0K) Survivors: 2048,0K->3072,0K Heap: 553,4M(1024,0M)->154,4M(1024,0M)]
 [Times: user=0,02 sys=0,00, real=0,13 secs] 
2023-05-30T14:06:05.790+0200: 3907,064: [GC pause (G1 Evacuation Pause) (young), 0,0153101 secs]
   [Parallel Time: 9,2 ms, GC Workers: 4]
      [GC Worker Start (ms): Min: 3907064,1, Avg: 3907065,4, Max: 3907067,0, Diff: 3,0]
      [Ext Root Scanning (ms): Min: 0,0, Avg: 1,0, Max: 2,1, Diff: 2,1, Sum: 4,1]
      [Update RS (ms): Min: 0,2, Avg: 0,8, Max: 1,0, Diff: 0,8, Sum: 3,1]
         [Processed Buffers: Min: 2, Avg: 8,2, Max: 14, Diff: 12, Sum: 33]
      [Scan RS (ms): Min: 0,0, Avg: 0,0, Max: 0,0, Diff: 0,0, Sum: 0,1]
      [Code Root Scanning (ms): Min: 0,0, Avg: 0,1, Max: 0,1, Diff: 0,1, Sum: 0,2]
      [Object Copy (ms): Min: 5,7, Avg: 5,8, Max: 6,0, Diff: 0,3, Sum: 23,2]
      [Termination (ms): Min: 0,0, Avg: 0,0, Max: 0,0, Diff: 0,0, Sum: 0,0]
         [Termination Attempts: Min: 1, Avg: 1,0, Max: 1, Diff: 0, Sum: 4]
      [GC Worker Other (ms): Min: 0,0, Avg: 0,0, Max: 0,0, Diff: 0,0, Sum: 0,1]
      [GC Worker Total (ms): Min: 6,1, Avg: 7,7, Max: 9,1, Diff: 3,0, Sum: 30,8]
      [GC Worker End (ms): Min: 3907073,1, Avg: 3907073,1, Max: 3907073,1, Diff: 0,0]
   [Code Root Fixup: 0,0 ms]
   [Code Root Purge: 0,0 ms]
   [Clear CT: 0,7 ms]
   [Other: 5,4 ms]
      [Choose CSet: 0,0 ms]
      [Ref Proc: 1,7 ms]
      [Ref Enq: 0,0 ms]
      [Redirty Cards: 0,5 ms]
      [Humongous Register: 0,2 ms]
      [Humongous Reclaim: 0,0 ms]
      [Free CSet: 1,7 ms]
   [Eden: 49152,0K(49152,0K)->0,0B(48128,0K) Survivors: 3072,0K->4096,0K Heap: 202,4M(1024,0M)->155,4M(1024,0M)]
 [Times: user=0,03 sys=0,00, real=0,01 secs] 
2023-05-30T14:06:47.298+0200: 3948,572: [GC pause (G1 Evacuation Pause) (young), 0,0205162 secs]
   [Parallel Time: 14,6 ms, GC Workers: 4]
      [GC Worker Start (ms): Min: 3948572,1, Avg: 3948572,3, Max: 3948572,4, Diff: 0,3]
      [Ext Root Scanning (ms): Min: 0,6, Avg: 0,9, Max: 1,3, Diff: 0,7, Sum: 3,6]
      [Update RS (ms): Min: 0,2, Avg: 0,8, Max: 1,7, Diff: 1,5, Sum: 3,2]
         [Processed Buffers: Min: 1, Avg: 8,8, Max: 20, Diff: 19, Sum: 35]
      [Scan RS (ms): Min: 0,0, Avg: 0,0, Max: 0,0, Diff: 0,0, Sum: 0,1]
      [Code Root Scanning (ms): Min: 0,0, Avg: 0,0, Max: 0,2, Diff: 0,2, Sum: 0,2]
      [Object Copy (ms): Min: 9,4, Avg: 10,2, Max: 11,4, Diff: 2,0, Sum: 40,7]
      [Termination (ms): Min: 0,0, Avg: 2,4, Max: 3,4, Diff: 3,4, Sum: 9,4]
         [Termination Attempts: Min: 1, Avg: 1,0, Max: 1, Diff: 0, Sum: 4]
      [GC Worker Other (ms): Min: 0,0, Avg: 0,0, Max: 0,0, Diff: 0,0, Sum: 0,1]
      [GC Worker Total (ms): Min: 14,2, Avg: 14,3, Max: 14,5, Diff: 0,3, Sum: 57,3]
      [GC Worker End (ms): Min: 3948586,6, Avg: 3948586,6, Max: 3948586,6, Diff: 0,0]
   [Code Root Fixup: 0,0 ms]
   [Code Root Purge: 0,0 ms]
   [Clear CT: 0,9 ms]
   [Other: 5,0 ms]
      [Choose CSet: 0,0 ms]
      [Ref Proc: 3,2 ms]
      [Ref Enq: 0,0 ms]
      [Redirty Cards: 1,2 ms]
      [Humongous Register: 0,1 ms]
      [Humongous Reclaim: 0,0 ms]
      [Free CSet: 0,1 ms]
   [Eden: 48128,0K(48128,0K)->0,0B(48128,0K) Survivors: 4096,0K->4096,0K Heap: 202,4M(1024,0M)->155,1M(1024,0M)]
 [Times: user=0,04 sys=0,01, real=0,02 secs] 
2023-05-30T14:07:29.162+0200: 3990,436: [GC pause (G1 Evacuation Pause) (young), 0,0188041 secs]
   [Parallel Time: 15,5 ms, GC Workers: 4]
      [GC Worker Start (ms): Min: 3990435,8, Avg: 3990436,1, Max: 3990436,3, Diff: 0,5]
      [Ext Root Scanning (ms): Min: 1,0, Avg: 1,7, Max: 3,0, Diff: 1,9, Sum: 6,7]
      [Update RS (ms): Min: 0,3, Avg: 2,1, Max: 3,0, Diff: 2,6, Sum: 8,6]
         [Processed Buffers: Min: 2, Avg: 8,5, Max: 18, Diff: 16, Sum: 34]
      [Scan RS (ms): Min: 0,0, Avg: 0,0, Max: 0,0, Diff: 0,0, Sum: 0,1]
      [Code Root Scanning (ms): Min: 0,0, Avg: 0,0, Max: 0,1, Diff: 0,1, Sum: 0,1]
      [Object Copy (ms): Min: 8,6, Avg: 9,4, Max: 10,6, Diff: 2,0, Sum: 37,8]
      [Termination (ms): Min: 0,0, Avg: 1,2, Max: 1,8, Diff: 1,8, Sum: 4,8]
         [Termination Attempts: Min: 1, Avg: 1,0, Max: 1, Diff: 0, Sum: 4]
      [GC Worker Other (ms): Min: 0,0, Avg: 0,0, Max: 0,0, Diff: 0,0, Sum: 0,1]
      [GC Worker Total (ms): Min: 14,1, Avg: 14,5, Max: 14,9, Diff: 0,8, Sum: 58,1]
      [GC Worker End (ms): Min: 3990450,5, Avg: 3990450,6, Max: 3990450,8, Diff: 0,4]
   [Code Root Fixup: 0,0 ms]
   [Code Root Purge: 0,0 ms]
   [Clear CT: 0,6 ms]
   [Other: 2,6 ms]
      [Choose CSet: 0,0 ms]
      [Ref Proc: 0,7 ms]
      [Ref Enq: 0,0 ms]
      [Redirty Cards: 0,6 ms]
      [Humongous Register: 0,1 ms]
      [Humongous Reclaim: 0,0 ms]
      [Free CSet: 0,1 ms]
   [Eden: 48128,0K(48128,0K)->0,0B(48128,0K) Survivors: 4096,0K->4096,0K Heap: 202,1M(1024,0M)->154,8M(1024,0M)]
 [Times: user=0,02 sys=0,02, real=0,02 secs] 
2023-05-30T14:08:11.665+0200: 4032,939: [GC pause (G1 Evacuation Pause) (young), 0,0156817 secs]
   [Parallel Time: 13,2 ms, GC Workers: 4]
      [GC Worker Start (ms): Min: 4032939,5, Avg: 4032939,8, Max: 4032940,6, Diff: 1,1]
      [Ext Root Scanning (ms): Min: 0,3, Avg: 0,9, Max: 1,4, Diff: 1,1, Sum: 3,5]
      [Update RS (ms): Min: 0,0, Avg: 0,9, Max: 1,8, Diff: 1,8, Sum: 3,5]
         [Processed Buffers: Min: 0, Avg: 8,5, Max: 23, Diff: 23, Sum: 34]
      [Scan RS (ms): Min: 0,0, Avg: 0,0, Max: 0,0, Diff: 0,0, Sum: 0,1]
      [Code Root Scanning (ms): Min: 0,0, Avg: 0,0, Max: 0,1, Diff: 0,1, Sum: 0,1]
      [Object Copy (ms): Min: 8,0, Avg: 9,5, Max: 11,5, Diff: 3,5, Sum: 37,9]
      [Termination (ms): Min: 0,0, Avg: 1,3, Max: 1,7, Diff: 1,7, Sum: 5,1]
         [Termination Attempts: Min: 1, Avg: 1,0, Max: 1, Diff: 0, Sum: 4]
      [GC Worker Other (ms): Min: 0,0, Avg: 0,0, Max: 0,0, Diff: 0,0, Sum: 0,1]
      [GC Worker Total (ms): Min: 11,8, Avg: 12,6, Max: 12,9, Diff: 1,1, Sum: 50,4]
      [GC Worker End (ms): Min: 4032952,4, Avg: 4032952,4, Max: 4032952,5, Diff: 0,1]
   [Code Root Fixup: 0,0 ms]
   [Code Root Purge: 0,0 ms]
   [Clear CT: 0,5 ms]
   [Other: 2,0 ms]
      [Choose CSet: 0,0 ms]
      [Ref Proc: 0,9 ms]
      [Ref Enq: 0,0 ms]
      [Redirty Cards: 0,5 ms]
      [Humongous Register: 0,1 ms]
      [Humongous Reclaim: 0,0 ms]
      [Free CSet: 0,1 ms]
   [Eden: 48128,0K(48128,0K)->0,0B(65536,0K) Survivors: 4096,0K->4096,0K Heap: 201,8M(1024,0M)->155,0M(1024,0M)]
 [Times: user=0,03 sys=0,00, real=0,02 secs] 
2023-05-30T14:09:12.968+0200: 4094,242: [GC pause (G1 Evacuation Pause) (young), 0,0239983 secs]
   [Parallel Time: 19,9 ms, GC Workers: 4]
      [GC Worker Start (ms): Min: 4094242,4, Avg: 4094244,8, Max: 4094247,2, Diff: 4,7]
      [Ext Root Scanning (ms): Min: 0,0, Avg: 0,9, Max: 1,8, Diff: 1,8, Sum: 3,5]
      [Update RS (ms): Min: 0,0, Avg: 0,9, Max: 1,8, Diff: 1,8, Sum: 3,5]
         [Processed Buffers: Min: 0, Avg: 9,2, Max: 31, Diff: 31, Sum: 37]
      [Scan RS (ms): Min: 0,0, Avg: 0,0, Max: 0,1, Diff: 0,0, Sum: 0,1]
      [Code Root Scanning (ms): Min: 0,0, Avg: 0,0, Max: 0,1, Diff: 0,1, Sum: 0,1]
      [Object Copy (ms): Min: 9,8, Avg: 11,4, Max: 14,9, Diff: 5,2, Sum: 45,6]
      [Termination (ms): Min: 0,0, Avg: 3,0, Max: 4,1, Diff: 4,1, Sum: 12,1]
         [Termination Attempts: Min: 1, Avg: 1,2, Max: 2, Diff: 1, Sum: 5]
      [GC Worker Other (ms): Min: 0,0, Avg: 0,0, Max: 0,1, Diff: 0,0, Sum: 0,1]
      [GC Worker Total (ms): Min: 13,9, Avg: 16,3, Max: 18,7, Diff: 4,8, Sum: 65,2]
      [GC Worker End (ms): Min: 4094261,1, Avg: 4094261,1, Max: 4094261,1, Diff: 0,0]
   [Code Root Fixup: 0,0 ms]
   [Code Root Purge: 0,0 ms]
   [Clear CT: 0,5 ms]
   [Other: 3,6 ms]
      [Choose CSet: 0,0 ms]
      [Ref Proc: 1,2 ms]
      [Ref Enq: 0,0 ms]
      [Redirty Cards: 1,1 ms]
      [Humongous Register: 0,1 ms]
      [Humongous Reclaim: 0,0 ms]
      [Free CSet: 0,4 ms]
   [Eden: 65536,0K(65536,0K)->0,0B(72704,0K) Survivors: 4096,0K->4096,0K Heap: 219,0M(1024,0M)->155,1M(1024,0M)]
 [Times: user=0,04 sys=0,00, real=0,03 secs] 
2023-05-30T14:10:16.289+0200: 4157,563: [GC pause (G1 Evacuation Pause) (young), 0,0293849 secs]
   [Parallel Time: 22,8 ms, GC Workers: 4]
      [GC Worker Start (ms): Min: 4157563,3, Avg: 4157563,8, Max: 4157565,1, Diff: 1,9]
      [Ext Root Scanning (ms): Min: 0,1, Avg: 1,9, Max: 4,2, Diff: 4,1, Sum: 7,6]
      [Update RS (ms): Min: 0,0, Avg: 0,8, Max: 1,9, Diff: 1,9, Sum: 3,2]
         [Processed Buffers: Min: 0, Avg: 9,8, Max: 26, Diff: 26, Sum: 39]
      [Scan RS (ms): Min: 0,0, Avg: 0,0, Max: 0,1, Diff: 0,0, Sum: 0,1]
      [Code Root Scanning (ms): Min: 0,0, Avg: 0,1, Max: 0,3, Diff: 0,3, Sum: 0,3]
      [Object Copy (ms): Min: 17,6, Avg: 18,9, Max: 20,7, Diff: 3,0, Sum: 75,6]
      [Termination (ms): Min: 0,0, Avg: 0,4, Max: 0,8, Diff: 0,8, Sum: 1,7]
         [Termination Attempts: Min: 1, Avg: 1,0, Max: 1, Diff: 0, Sum: 4]
      [GC Worker Other (ms): Min: 0,0, Avg: 0,0, Max: 0,0, Diff: 0,0, Sum: 0,1]
      [GC Worker Total (ms): Min: 20,8, Avg: 22,1, Max: 22,7, Diff: 1,9, Sum: 88,5]
      [GC Worker End (ms): Min: 4157585,9, Avg: 4157586,0, Max: 4157586,0, Diff: 0,1]
   [Code Root Fixup: 0,0 ms]
   [Code Root Purge: 0,0 ms]
   [Clear CT: 0,8 ms]
   [Other: 5,7 ms]
      [Choose CSet: 0,0 ms]
      [Ref Proc: 4,4 ms]
      [Ref Enq: 0,0 ms]
      [Redirty Cards: 0,4 ms]
      [Humongous Register: 0,4 ms]
      [Humongous Reclaim: 0,0 ms]
      [Free CSet: 0,1 ms]
   [Eden: 72704,0K(72704,0K)->0,0B(49152,0K) Survivors: 4096,0K->3072,0K Heap: 226,1M(1024,0M)->154,6M(1024,0M)]
 [Times: user=0,03 sys=0,00, real=0,03 secs] 
2023-05-30T14:11:00.290+0200: 4201,564: [GC pause (G1 Evacuation Pause) (young), 0,0234914 secs]
   [Parallel Time: 14,8 ms, GC Workers: 4]
      [GC Worker Start (ms): Min: 4201564,4, Avg: 4201564,7, Max: 4201565,1, Diff: 0,7]
      [Ext Root Scanning (ms): Min: 0,7, Avg: 1,5, Max: 2,0, Diff: 1,3, Sum: 6,1]
      [Update RS (ms): Min: 0,8, Avg: 1,0, Max: 1,1, Diff: 0,3, Sum: 4,0]
         [Processed Buffers: Min: 3, Avg: 8,8, Max: 23, Diff: 20, Sum: 35]
      [Scan RS (ms): Min: 0,0, Avg: 0,0, Max: 0,0, Diff: 0,0, Sum: 0,1]
      [Code Root Scanning (ms): Min: 0,0, Avg: 0,0, Max: 0,1, Diff: 0,1, Sum: 0,1]
      [Object Copy (ms): Min: 8,4, Avg: 9,4, Max: 11,4, Diff: 3,0, Sum: 37,6]
      [Termination (ms): Min: 0,0, Avg: 2,2, Max: 3,1, Diff: 3,1, Sum: 8,9]
         [Termination Attempts: Min: 1, Avg: 1,0, Max: 1, Diff: 0, Sum: 4]
      [GC Worker Other (ms): Min: 0,0, Avg: 0,0, Max: 0,1, Diff: 0,1, Sum: 0,1]
      [GC Worker Total (ms): Min: 13,9, Avg: 14,2, Max: 14,7, Diff: 0,8, Sum: 56,9]
      [GC Worker End (ms): Min: 4201578,9, Avg: 4201579,0, Max: 4201579,1, Diff: 0,1]
   [Code Root Fixup: 0,0 ms]
   [Code Root Purge: 0,0 ms]
   [Clear CT: 1,3 ms]
   [Other: 7,3 ms]
      [Choose CSet: 0,0 ms]
      [Ref Proc: 3,9 ms]
      [Ref Enq: 0,0 ms]
      [Redirty Cards: 2,2 ms]
      [Humongous Register: 0,1 ms]
      [Humongous Reclaim: 0,0 ms]
      [Free CSet: 0,1 ms]
   [Eden: 49152,0K(49152,0K)->0,0B(48128,0K) Survivors: 3072,0K->4096,0K Heap: 202,6M(1024,0M)->155,7M(1024,0M)]
 [Times: user=0,04 sys=0,00, real=0,02 secs] 
2023-05-30T14:11:42.717+0200: 4243,991: [GC pause (G1 Evacuation Pause) (young), 0,0122056 secs]
   [Parallel Time: 10,1 ms, GC Workers: 4]
      [GC Worker Start (ms): Min: 4243991,4, Avg: 4243991,8, Max: 4243992,6, Diff: 1,2]
      [Ext Root Scanning (ms): Min: 0,0, Avg: 0,7, Max: 1,1, Diff: 1,1, Sum: 2,9]
      [Update RS (ms): Min: 0,3, Avg: 1,4, Max: 2,6, Diff: 2,3, Sum: 5,8]
         [Processed Buffers: Min: 2, Avg: 11,0, Max: 34, Diff: 32, Sum: 44]
      [Scan RS (ms): Min: 0,0, Avg: 0,0, Max: 0,0, Diff: 0,0, Sum: 0,1]
      [Code Root Scanning (ms): Min: 0,0, Avg: 0,0, Max: 0,1, Diff: 0,1, Sum: 0,1]
      [Object Copy (ms): Min: 5,9, Avg: 6,7, Max: 8,2, Diff: 2,3, Sum: 27,0]
      [Termination (ms): Min: 0,0, Avg: 0,5, Max: 1,1, Diff: 1,1, Sum: 2,2]
         [Termination Attempts: Min: 1, Avg: 1,0, Max: 1, Diff: 0, Sum: 4]
      [GC Worker Other (ms): Min: 0,0, Avg: 0,0, Max: 0,0, Diff: 0,0, Sum: 0,1]
      [GC Worker Total (ms): Min: 8,6, Avg: 9,5, Max: 9,8, Diff: 1,2, Sum: 38,0]
      [GC Worker End (ms): Min: 4244001,2, Avg: 4244001,3, Max: 4244001,3, Diff: 0,0]
   [Code Root Fixup: 0,0 ms]
   [Code Root Purge: 0,0 ms]
   [Clear CT: 0,4 ms]
   [Other: 1,6 ms]
      [Choose CSet: 0,0 ms]
      [Ref Proc: 0,5 ms]
      [Ref Enq: 0,0 ms]
      [Redirty Cards: 0,4 ms]
      [Humongous Register: 0,0 ms]
      [Humongous Reclaim: 0,0 ms]
      [Free CSet: 0,1 ms]
   [Eden: 48128,0K(48128,0K)->0,0B(101,0M) Survivors: 4096,0K->3072,0K Heap: 202,7M(1024,0M)->154,8M(1024,0M)]
 [Times: user=0,02 sys=0,01, real=0,01 secs] 
2023-05-30T14:13:14.965+0200: 4336,239: [GC pause (G1 Evacuation Pause) (young), 0,0298179 secs]
   [Parallel Time: 24,8 ms, GC Workers: 4]
      [GC Worker Start (ms): Min: 4336239,4, Avg: 4336240,0, Max: 4336240,7, Diff: 1,4]
      [Ext Root Scanning (ms): Min: 4,1, Avg: 5,0, Max: 6,5, Diff: 2,4, Sum: 20,1]
      [Update RS (ms): Min: 0,4, Avg: 1,2, Max: 3,3, Diff: 2,9, Sum: 4,9]
         [Processed Buffers: Min: 2, Avg: 10,2, Max: 21, Diff: 19, Sum: 41]
      [Scan RS (ms): Min: 0,0, Avg: 0,0, Max: 0,1, Diff: 0,1, Sum: 0,2]
      [Code Root Scanning (ms): Min: 0,0, Avg: 0,1, Max: 0,2, Diff: 0,2, Sum: 0,2]
      [Object Copy (ms): Min: 15,0, Avg: 15,4, Max: 16,2, Diff: 1,2, Sum: 61,4]
      [Termination (ms): Min: 0,0, Avg: 1,3, Max: 1,9, Diff: 1,9, Sum: 5,3]
         [Termination Attempts: Min: 1, Avg: 1,8, Max: 3, Diff: 2, Sum: 7]
      [GC Worker Other (ms): Min: 0,0, Avg: 0,4, Max: 1,4, Diff: 1,4, Sum: 1,5]
      [GC Worker Total (ms): Min: 22,8, Avg: 23,4, Max: 23,9, Diff: 1,1, Sum: 93,6]
      [GC Worker End (ms): Min: 4336263,3, Avg: 4336263,4, Max: 4336263,5, Diff: 0,3]
   [Code Root Fixup: 0,0 ms]
   [Code Root Purge: 0,0 ms]
   [Clear CT: 0,5 ms]
   [Other: 4,6 ms]
      [Choose CSet: 0,0 ms]
      [Ref Proc: 2,7 ms]
      [Ref Enq: 0,0 ms]
      [Redirty Cards: 0,6 ms]
      [Humongous Register: 0,1 ms]
      [Humongous Reclaim: 0,0 ms]
      [Free CSet: 0,1 ms]
   [Eden: 101,0M(101,0M)->0,0B(48128,0K) Survivors: 3072,0K->4096,0K Heap: 255,8M(1024,0M)->155,8M(1024,0M)]
 [Times: user=0,03 sys=0,00, real=0,03 secs] 
2023-05-30T14:13:57.492+0200: 4378,766: [GC pause (G1 Evacuation Pause) (young), 0,0197506 secs]
   [Parallel Time: 16,4 ms, GC Workers: 4]
      [GC Worker Start (ms): Min: 4378766,0, Avg: 4378766,2, Max: 4378766,4, Diff: 0,4]
      [Ext Root Scanning (ms): Min: 0,8, Avg: 2,0, Max: 4,8, Diff: 4,0, Sum: 8,1]
      [Update RS (ms): Min: 0,0, Avg: 1,0, Max: 1,5, Diff: 1,5, Sum: 3,9]
         [Processed Buffers: Min: 0, Avg: 8,8, Max: 19, Diff: 19, Sum: 35]
      [Scan RS (ms): Min: 0,0, Avg: 0,0, Max: 0,0, Diff: 0,0, Sum: 0,1]
      [Code Root Scanning (ms): Min: 0,0, Avg: 0,0, Max: 0,1, Diff: 0,1, Sum: 0,1]
      [Object Copy (ms): Min: 11,2, Avg: 11,9, Max: 12,5, Diff: 1,4, Sum: 47,7]
      [Termination (ms): Min: 0,0, Avg: 0,9, Max: 1,2, Diff: 1,2, Sum: 3,5]
         [Termination Attempts: Min: 1, Avg: 1,2, Max: 2, Diff: 1, Sum: 5]
      [GC Worker Other (ms): Min: 0,0, Avg: 0,0, Max: 0,0, Diff: 0,0, Sum: 0,1]
      [GC Worker Total (ms): Min: 15,6, Avg: 15,9, Max: 16,1, Diff: 0,5, Sum: 63,4]
      [GC Worker End (ms): Min: 4378782,0, Avg: 4378782,1, Max: 4378782,1, Diff: 0,1]
   [Code Root Fixup: 0,0 ms]
   [Code Root Purge: 0,0 ms]
   [Clear CT: 0,4 ms]
   [Other: 3,0 ms]
      [Choose CSet: 0,0 ms]
      [Ref Proc: 1,4 ms]
      [Ref Enq: 0,0 ms]
      [Redirty Cards: 0,5 ms]
      [Humongous Register: 0,1 ms]
      [Humongous Reclaim: 0,0 ms]
      [Free CSet: 0,1 ms]
   [Eden: 48128,0K(48128,0K)->0,0B(103,0M) Survivors: 4096,0K->4096,0K Heap: 202,8M(1024,0M)->155,4M(1024,0M)]
 [Times: user=0,03 sys=0,00, real=0,02 secs] 
2023-05-30T14:15:33.297+0200: 4474,571: [GC pause (G1 Evacuation Pause) (young), 0,0627015 secs]
   [Parallel Time: 58,9 ms, GC Workers: 4]
      [GC Worker Start (ms): Min: 4474571,4, Avg: 4474571,8, Max: 4474572,8, Diff: 1,5]
      [Ext Root Scanning (ms): Min: 0,1, Avg: 0,8, Max: 2,1, Diff: 2,0, Sum: 3,3]
      [Update RS (ms): Min: 0,0, Avg: 1,4, Max: 2,1, Diff: 2,1, Sum: 5,7]
         [Processed Buffers: Min: 0, Avg: 10,0, Max: 26, Diff: 26, Sum: 40]
      [Scan RS (ms): Min: 0,0, Avg: 0,0, Max: 0,1, Diff: 0,0, Sum: 0,1]
      [Code Root Scanning (ms): Min: 0,0, Avg: 0,0, Max: 0,1, Diff: 0,1, Sum: 0,1]
      [Object Copy (ms): Min: 54,1, Avg: 55,4, Max: 56,8, Diff: 2,8, Sum: 221,7]
      [Termination (ms): Min: 0,0, Avg: 0,2, Max: 0,3, Diff: 0,3, Sum: 0,6]
         [Termination Attempts: Min: 1, Avg: 1,0, Max: 1, Diff: 0, Sum: 4]
      [GC Worker Other (ms): Min: 0,0, Avg: 0,3, Max: 1,3, Diff: 1,3, Sum: 1,3]
      [GC Worker Total (ms): Min: 57,1, Avg: 58,2, Max: 58,6, Diff: 1,5, Sum: 232,8]
      [GC Worker End (ms): Min: 4474630,0, Avg: 4474630,0, Max: 4474630,0, Diff: 0,1]
   [Code Root Fixup: 0,0 ms]
   [Code Root Purge: 0,0 ms]
   [Clear CT: 0,7 ms]
   [Other: 3,1 ms]
      [Choose CSet: 0,0 ms]
      [Ref Proc: 1,7 ms]
      [Ref Enq: 0,0 ms]
      [Redirty Cards: 0,5 ms]
      [Humongous Register: 0,1 ms]
      [Humongous Reclaim: 0,0 ms]
      [Free CSet: 0,1 ms]
   [Eden: 103,0M(103,0M)->0,0B(48128,0K) Survivors: 4096,0K->4096,0K Heap: 258,4M(1024,0M)->156,0M(1024,0M)]
 [Times: user=0,02 sys=0,02, real=0,06 secs] 
2023-05-30T14:16:17.503+0200: 4518,777: [GC pause (G1 Evacuation Pause) (young), 0,0213293 secs]
   [Parallel Time: 15,5 ms, GC Workers: 4]
      [GC Worker Start (ms): Min: 4518777,5, Avg: 4518778,5, Max: 4518779,1, Diff: 1,6]
      [Ext Root Scanning (ms): Min: 0,9, Avg: 2,5, Max: 5,9, Diff: 4,9, Sum: 9,9]
      [Update RS (ms): Min: 0,0, Avg: 1,2, Max: 2,0, Diff: 2,0, Sum: 4,6]
         [Processed Buffers: Min: 0, Avg: 8,8, Max: 26, Diff: 26, Sum: 35]
      [Scan RS (ms): Min: 0,0, Avg: 0,0, Max: 0,0, Diff: 0,0, Sum: 0,1]
      [Code Root Scanning (ms): Min: 0,0, Avg: 0,0, Max: 0,1, Diff: 0,1, Sum: 0,1]
      [Object Copy (ms): Min: 9,0, Avg: 10,2, Max: 11,5, Diff: 2,5, Sum: 40,9]
      [Termination (ms): Min: 0,0, Avg: 0,2, Max: 0,3, Diff: 0,3, Sum: 0,7]
         [Termination Attempts: Min: 1, Avg: 1,5, Max: 2, Diff: 1, Sum: 6]
      [GC Worker Other (ms): Min: 0,0, Avg: 0,0, Max: 0,0, Diff: 0,0, Sum: 0,1]
      [GC Worker Total (ms): Min: 13,5, Avg: 14,1, Max: 15,1, Diff: 1,7, Sum: 56,4]
      [GC Worker End (ms): Min: 4518792,6, Avg: 4518792,6, Max: 4518792,6, Diff: 0,1]
   [Code Root Fixup: 0,0 ms]
   [Code Root Purge: 0,0 ms]
   [Clear CT: 0,4 ms]
   [Other: 5,4 ms]
      [Choose CSet: 0,0 ms]
      [Ref Proc: 0,8 ms]
      [Ref Enq: 0,0 ms]
      [Redirty Cards: 3,1 ms]
      [Humongous Register: 0,1 ms]
      [Humongous Reclaim: 0,1 ms]
      [Free CSet: 0,1 ms]
   [Eden: 48128,0K(48128,0K)->0,0B(49152,0K) Survivors: 4096,0K->3072,0K Heap: 203,0M(1024,0M)->154,7M(1024,0M)]
 [Times: user=0,03 sys=0,01, real=0,02 secs] 
2023-05-30T14:17:02.786+0200: 4564,060: [GC pause (G1 Evacuation Pause) (young), 0,0391511 secs]
   [Parallel Time: 14,8 ms, GC Workers: 4]
      [GC Worker Start (ms): Min: 4564060,3, Avg: 4564061,9, Max: 4564063,3, Diff: 2,9]
      [Ext Root Scanning (ms): Min: 0,1, Avg: 1,2, Max: 2,7, Diff: 2,6, Sum: 4,7]
      [Update RS (ms): Min: 0,0, Avg: 1,0, Max: 1,8, Diff: 1,8, Sum: 4,2]
         [Processed Buffers: Min: 0, Avg: 9,0, Max: 15, Diff: 15, Sum: 36]
      [Scan RS (ms): Min: 0,0, Avg: 0,0, Max: 0,0, Diff: 0,0, Sum: 0,1]
      [Code Root Scanning (ms): Min: 0,0, Avg: 0,0, Max: 0,1, Diff: 0,1, Sum: 0,1]
      [Object Copy (ms): Min: 7,7, Avg: 8,2, Max: 9,2, Diff: 1,5, Sum: 32,9]
      [Termination (ms): Min: 0,0, Avg: 0,4, Max: 0,5, Diff: 0,5, Sum: 1,5]
         [Termination Attempts: Min: 1, Avg: 1,0, Max: 1, Diff: 0, Sum: 4]
      [GC Worker Other (ms): Min: 0,0, Avg: 0,0, Max: 0,1, Diff: 0,0, Sum: 0,1]
      [GC Worker Total (ms): Min: 9,5, Avg: 10,9, Max: 12,5, Diff: 3,0, Sum: 43,6]
      [GC Worker End (ms): Min: 4564072,8, Avg: 4564072,8, Max: 4564072,9, Diff: 0,1]
   [Code Root Fixup: 0,0 ms]
   [Code Root Purge: 0,0 ms]
   [Clear CT: 6,9 ms]
   [Other: 17,4 ms]
      [Choose CSet: 0,0 ms]
      [Ref Proc: 12,0 ms]
      [Ref Enq: 0,0 ms]
      [Redirty Cards: 3,9 ms]
      [Humongous Register: 0,1 ms]
      [Humongous Reclaim: 0,0 ms]
      [Free CSet: 0,1 ms]
   [Eden: 49152,0K(49152,0K)->0,0B(49152,0K) Survivors: 3072,0K->3072,0K Heap: 202,7M(1024,0M)->155,2M(1024,0M)]
 [Times: user=0,02 sys=0,01, real=0,04 secs] 
2023-05-30T14:17:48.570+0200: 4609,844: [GC pause (G1 Evacuation Pause) (young), 0,0168150 secs]
   [Parallel Time: 13,2 ms, GC Workers: 4]
      [GC Worker Start (ms): Min: 4609843,9, Avg: 4609844,0, Max: 4609844,2, Diff: 0,4]
      [Ext Root Scanning (ms): Min: 0,8, Avg: 1,6, Max: 3,6, Diff: 2,8, Sum: 6,5]
      [Update RS (ms): Min: 0,0, Avg: 1,3, Max: 2,4, Diff: 2,4, Sum: 5,0]
         [Processed Buffers: Min: 0, Avg: 8,5, Max: 23, Diff: 23, Sum: 34]
      [Scan RS (ms): Min: 0,0, Avg: 0,0, Max: 0,0, Diff: 0,0, Sum: 0,1]
      [Code Root Scanning (ms): Min: 0,0, Avg: 0,0, Max: 0,1, Diff: 0,1, Sum: 0,1]
      [Object Copy (ms): Min: 8,7, Avg: 9,4, Max: 10,7, Diff: 1,9, Sum: 37,4]
      [Termination (ms): Min: 0,0, Avg: 0,6, Max: 0,9, Diff: 0,9, Sum: 2,6]
         [Termination Attempts: Min: 1, Avg: 1,0, Max: 1, Diff: 0, Sum: 4]
      [GC Worker Other (ms): Min: 0,0, Avg: 0,0, Max: 0,0, Diff: 0,0, Sum: 0,1]
      [GC Worker Total (ms): Min: 12,8, Avg: 12,9, Max: 13,1, Diff: 0,4, Sum: 51,7]
      [GC Worker End (ms): Min: 4609856,9, Avg: 4609857,0, Max: 4609857,0, Diff: 0,1]
   [Code Root Fixup: 0,0 ms]
   [Code Root Purge: 0,0 ms]
   [Clear CT: 0,7 ms]
   [Other: 2,9 ms]
      [Choose CSet: 0,0 ms]
      [Ref Proc: 1,4 ms]
      [Ref Enq: 0,0 ms]
      [Redirty Cards: 0,5 ms]
      [Humongous Register: 0,1 ms]
      [Humongous Reclaim: 0,0 ms]
      [Free CSet: 0,1 ms]
   [Eden: 49152,0K(49152,0K)->0,0B(50176,0K) Survivors: 3072,0K->2048,0K Heap: 203,2M(1024,0M)->154,5M(1024,0M)]
 [Times: user=0,02 sys=0,00, real=0,01 secs] 
2023-05-30T14:18:35.100+0200: 4656,374: [GC pause (G1 Evacuation Pause) (young), 0,0357785 secs]
   [Parallel Time: 25,7 ms, GC Workers: 4]
      [GC Worker Start (ms): Min: 4656374,5, Avg: 4656375,2, Max: 4656377,4, Diff: 2,9]
      [Ext Root Scanning (ms): Min: 0,0, Avg: 0,7, Max: 1,1, Diff: 1,1, Sum: 3,0]
      [Update RS (ms): Min: 0,0, Avg: 1,1, Max: 1,7, Diff: 1,7, Sum: 4,2]
         [Processed Buffers: Min: 0, Avg: 9,0, Max: 18, Diff: 18, Sum: 36]
      [Scan RS (ms): Min: 0,0, Avg: 0,0, Max: 0,0, Diff: 0,0, Sum: 0,1]
      [Code Root Scanning (ms): Min: 0,0, Avg: 0,0, Max: 0,0, Diff: 0,0, Sum: 0,0]
      [Object Copy (ms): Min: 17,2, Avg: 18,7, Max: 23,0, Diff: 5,8, Sum: 74,8]
      [Termination (ms): Min: 0,0, Avg: 3,7, Max: 5,2, Diff: 5,2, Sum: 14,7]
         [Termination Attempts: Min: 1, Avg: 1,0, Max: 1, Diff: 0, Sum: 4]
      [GC Worker Other (ms): Min: 0,0, Avg: 0,0, Max: 0,0, Diff: 0,0, Sum: 0,1]
      [GC Worker Total (ms): Min: 22,0, Avg: 24,2, Max: 25,3, Diff: 3,3, Sum: 96,9]
      [GC Worker End (ms): Min: 4656399,4, Avg: 4656399,5, Max: 4656399,8, Diff: 0,4]
   [Code Root Fixup: 0,0 ms]
   [Code Root Purge: 0,0 ms]
   [Clear CT: 0,4 ms]
   [Other: 9,6 ms]
      [Choose CSet: 0,0 ms]
      [Ref Proc: 8,0 ms]
      [Ref Enq: 0,0 ms]
      [Redirty Cards: 0,2 ms]
      [Humongous Register: 0,0 ms]
      [Humongous Reclaim: 0,0 ms]
      [Free CSet: 0,1 ms]
   [Eden: 50176,0K(50176,0K)->0,0B(50176,0K) Survivors: 2048,0K->2048,0K Heap: 203,5M(1024,0M)->154,9M(1024,0M)]
 [Times: user=0,03 sys=0,00, real=0,03 secs] 
2023-05-30T14:19:20.881+0200: 4702,155: [GC pause (G1 Evacuation Pause) (young), 0,0162154 secs]
   [Parallel Time: 10,0 ms, GC Workers: 4]
      [GC Worker Start (ms): Min: 4702155,4, Avg: 4702157,1, Max: 4702158,7, Diff: 3,3]
      [Ext Root Scanning (ms): Min: 0,0, Avg: 1,3, Max: 2,7, Diff: 2,7, Sum: 5,3]
      [Update RS (ms): Min: 1,8, Avg: 2,2, Max: 2,5, Diff: 0,6, Sum: 8,7]
         [Processed Buffers: Min: 4, Avg: 9,0, Max: 11, Diff: 7, Sum: 36]
      [Scan RS (ms): Min: 0,0, Avg: 0,0, Max: 0,0, Diff: 0,0, Sum: 0,1]
      [Code Root Scanning (ms): Min: 0,0, Avg: 0,2, Max: 0,9, Diff: 0,9, Sum: 0,9]
      [Object Copy (ms): Min: 2,4, Avg: 3,3, Max: 4,2, Diff: 1,9, Sum: 13,3]
      [Termination (ms): Min: 0,0, Avg: 0,8, Max: 1,1, Diff: 1,1, Sum: 3,1]
         [Termination Attempts: Min: 1, Avg: 1,0, Max: 1, Diff: 0, Sum: 4]
      [GC Worker Other (ms): Min: 0,0, Avg: 0,0, Max: 0,0, Diff: 0,0, Sum: 0,1]
      [GC Worker Total (ms): Min: 6,2, Avg: 7,9, Max: 9,6, Diff: 3,4, Sum: 31,5]
      [GC Worker End (ms): Min: 4702164,9, Avg: 4702164,9, Max: 4702165,0, Diff: 0,2]
   [Code Root Fixup: 0,0 ms]
   [Code Root Purge: 0,0 ms]
   [Clear CT: 2,4 ms]
   [Other: 3,8 ms]
      [Choose CSet: 0,0 ms]
      [Ref Proc: 2,2 ms]
      [Ref Enq: 0,0 ms]
      [Redirty Cards: 0,5 ms]
      [Humongous Register: 0,1 ms]
      [Humongous Reclaim: 0,0 ms]
      [Free CSet: 0,1 ms]
   [Eden: 50176,0K(50176,0K)->0,0B(50176,0K) Survivors: 2048,0K->2048,0K Heap: 203,9M(1024,0M)->154,8M(1024,0M)]
 [Times: user=0,01 sys=0,01, real=0,02 secs] 
2023-05-30T14:20:06.848+0200: 4748,123: [GC pause (G1 Evacuation Pause) (young), 0,0156372 secs]
   [Parallel Time: 8,0 ms, GC Workers: 4]
      [GC Worker Start (ms): Min: 4748122,8, Avg: 4748124,2, Max: 4748124,8, Diff: 1,9]
      [Ext Root Scanning (ms): Min: 1,0, Avg: 1,9, Max: 4,5, Diff: 3,5, Sum: 7,7]
      [Update RS (ms): Min: 0,0, Avg: 0,4, Max: 0,6, Diff: 0,6, Sum: 1,7]
         [Processed Buffers: Min: 0, Avg: 7,8, Max: 15, Diff: 15, Sum: 31]
      [Scan RS (ms): Min: 0,0, Avg: 0,0, Max: 0,0, Diff: 0,0, Sum: 0,1]
      [Code Root Scanning (ms): Min: 0,0, Avg: 0,0, Max: 0,0, Diff: 0,0, Sum: 0,0]
      [Object Copy (ms): Min: 2,7, Avg: 3,0, Max: 3,1, Diff: 0,4, Sum: 11,9]
      [Termination (ms): Min: 0,0, Avg: 0,7, Max: 1,2, Diff: 1,2, Sum: 2,8]
         [Termination Attempts: Min: 1, Avg: 1,0, Max: 1, Diff: 0, Sum: 4]
      [GC Worker Other (ms): Min: 0,0, Avg: 0,0, Max: 0,0, Diff: 0,0, Sum: 0,1]
      [GC Worker Total (ms): Min: 5,5, Avg: 6,1, Max: 7,3, Diff: 1,8, Sum: 24,2]
      [GC Worker End (ms): Min: 4748130,1, Avg: 4748130,3, Max: 4748130,6, Diff: 0,5]
   [Code Root Fixup: 0,0 ms]
   [Code Root Purge: 0,0 ms]
   [Clear CT: 1,2 ms]
   [Other: 6,5 ms]
      [Choose CSet: 0,0 ms]
      [Ref Proc: 3,1 ms]
      [Ref Enq: 0,0 ms]
      [Redirty Cards: 2,2 ms]
      [Humongous Register: 0,1 ms]
      [Humongous Reclaim: 0,0 ms]
      [Free CSet: 0,1 ms]
   [Eden: 50176,0K(50176,0K)->0,0B(50176,0K) Survivors: 2048,0K->2048,0K Heap: 203,8M(1024,0M)->155,2M(1024,0M)]
 [Times: user=0,02 sys=0,00, real=0,02 secs] 
2023-05-30T14:20:52.729+0200: 4794,003: [GC pause (G1 Evacuation Pause) (young), 0,0126051 secs]
   [Parallel Time: 9,2 ms, GC Workers: 4]
      [GC Worker Start (ms): Min: 4794003,1, Avg: 4794004,1, Max: 4794006,6, Diff: 3,5]
      [Ext Root Scanning (ms): Min: 0,0, Avg: 2,6, Max: 7,4, Diff: 7,4, Sum: 10,3]
      [Update RS (ms): Min: 0,0, Avg: 0,4, Max: 0,8, Diff: 0,8, Sum: 1,5]
         [Processed Buffers: Min: 0, Avg: 8,0, Max: 17, Diff: 17, Sum: 32]
      [Scan RS (ms): Min: 0,0, Avg: 0,0, Max: 0,0, Diff: 0,0, Sum: 0,1]
      [Code Root Scanning (ms): Min: 0,0, Avg: 0,0, Max: 0,0, Diff: 0,0, Sum: 0,0]
      [Object Copy (ms): Min: 1,1, Avg: 4,0, Max: 5,0, Diff: 4,0, Sum: 16,1]
      [Termination (ms): Min: 0,0, Avg: 0,7, Max: 1,5, Diff: 1,5, Sum: 2,8]
         [Termination Attempts: Min: 1, Avg: 1,0, Max: 1, Diff: 0, Sum: 4]
      [GC Worker Other (ms): Min: 0,0, Avg: 0,0, Max: 0,0, Diff: 0,0, Sum: 0,1]
      [GC Worker Total (ms): Min: 5,1, Avg: 7,7, Max: 8,7, Diff: 3,6, Sum: 30,8]
      [GC Worker End (ms): Min: 4794011,7, Avg: 4794011,8, Max: 4794012,2, Diff: 0,5]
   [Code Root Fixup: 0,0 ms]
   [Code Root Purge: 0,0 ms]
   [Clear CT: 0,3 ms]
   [Other: 3,1 ms]
      [Choose CSet: 0,0 ms]
      [Ref Proc: 0,5 ms]
      [Ref Enq: 0,0 ms]
      [Redirty Cards: 0,3 ms]
      [Humongous Register: 0,1 ms]
      [Humongous Reclaim: 0,0 ms]
      [Free CSet: 0,1 ms]
   [Eden: 50176,0K(50176,0K)->0,0B(131,0M) Survivors: 2048,0K->2048,0K Heap: 204,2M(1024,0M)->155,4M(1024,0M)]
 [Times: user=0,02 sys=0,00, real=0,01 secs] 
2023-05-30T14:22:54.510+0200: 4915,785: [GC pause (G1 Evacuation Pause) (young), 0,0267651 secs]
   [Parallel Time: 22,4 ms, GC Workers: 4]
      [GC Worker Start (ms): Min: 4915784,9, Avg: 4915785,2, Max: 4915785,7, Diff: 0,9]
      [Ext Root Scanning (ms): Min: 0,2, Avg: 1,7, Max: 3,5, Diff: 3,3, Sum: 6,9]
      [Update RS (ms): Min: 0,0, Avg: 0,5, Max: 0,8, Diff: 0,8, Sum: 2,1]
         [Processed Buffers: Min: 0, Avg: 9,5, Max: 14, Diff: 14, Sum: 38]
      [Scan RS (ms): Min: 0,0, Avg: 0,0, Max: 0,1, Diff: 0,1, Sum: 0,2]
      [Code Root Scanning (ms): Min: 0,0, Avg: 0,0, Max: 0,0, Diff: 0,0, Sum: 0,1]
      [Object Copy (ms): Min: 18,2, Avg: 19,1, Max: 19,9, Diff: 1,7, Sum: 76,6]
      [Termination (ms): Min: 0,0, Avg: 0,2, Max: 0,3, Diff: 0,3, Sum: 0,9]
         [Termination Attempts: Min: 1, Avg: 1,0, Max: 1, Diff: 0, Sum: 4]
      [GC Worker Other (ms): Min: 0,0, Avg: 0,0, Max: 0,0, Diff: 0,0, Sum: 0,1]
      [GC Worker Total (ms): Min: 21,2, Avg: 21,7, Max: 22,1, Diff: 0,9, Sum: 86,9]
      [GC Worker End (ms): Min: 4915806,9, Avg: 4915806,9, Max: 4915807,0, Diff: 0,1]
   [Code Root Fixup: 0,0 ms]
   [Code Root Purge: 0,0 ms]
   [Clear CT: 0,4 ms]
   [Other: 4,0 ms]
      [Choose CSet: 0,0 ms]
      [Ref Proc: 2,7 ms]
      [Ref Enq: 0,0 ms]
      [Redirty Cards: 0,3 ms]
      [Humongous Register: 0,1 ms]
      [Humongous Reclaim: 0,0 ms]
      [Free CSet: 0,2 ms]
   [Eden: 131,0M(131,0M)->0,0B(50176,0K) Survivors: 2048,0K->2048,0K Heap: 286,4M(1024,0M)->155,1M(1024,0M)]
 [Times: user=0,03 sys=0,00, real=0,03 secs] 
2023-05-30T14:23:39.258+0200: 4960,532: [GC pause (G1 Evacuation Pause) (young), 0,0129368 secs]
   [Parallel Time: 10,0 ms, GC Workers: 4]
      [GC Worker Start (ms): Min: 4960533,5, Avg: 4960533,6, Max: 4960533,8, Diff: 0,4]
      [Ext Root Scanning (ms): Min: 1,2, Avg: 1,7, Max: 2,6, Diff: 1,4, Sum: 6,8]
      [Update RS (ms): Min: 0,0, Avg: 0,5, Max: 0,7, Diff: 0,7, Sum: 1,9]
         [Processed Buffers: Min: 0, Avg: 8,0, Max: 15, Diff: 15, Sum: 32]
      [Scan RS (ms): Min: 0,0, Avg: 0,0, Max: 0,0, Diff: 0,0, Sum: 0,1]
      [Code Root Scanning (ms): Min: 0,0, Avg: 0,0, Max: 0,1, Diff: 0,1, Sum: 0,1]
      [Object Copy (ms): Min: 3,8, Avg: 4,3, Max: 5,3, Diff: 1,6, Sum: 17,1]
      [Termination (ms): Min: 0,0, Avg: 1,2, Max: 2,6, Diff: 2,6, Sum: 4,9]
         [Termination Attempts: Min: 1, Avg: 1,0, Max: 1, Diff: 0, Sum: 4]
      [GC Worker Other (ms): Min: 0,0, Avg: 0,0, Max: 0,0, Diff: 0,0, Sum: 0,1]
      [GC Worker Total (ms): Min: 7,2, Avg: 7,7, Max: 8,7, Diff: 1,5, Sum: 31,0]
      [GC Worker End (ms): Min: 4960541,0, Avg: 4960541,4, Max: 4960542,4, Diff: 1,4]
   [Code Root Fixup: 0,0 ms]
   [Code Root Purge: 0,0 ms]
   [Clear CT: 0,6 ms]
   [Other: 2,3 ms]
      [Choose CSet: 0,0 ms]
      [Ref Proc: 0,8 ms]
      [Ref Enq: 0,0 ms]
      [Redirty Cards: 0,8 ms]
      [Humongous Register: 0,1 ms]
      [Humongous Reclaim: 0,1 ms]
      [Free CSet: 0,1 ms]
   [Eden: 50176,0K(50176,0K)->0,0B(106,0M) Survivors: 2048,0K->2048,0K Heap: 204,1M(1024,0M)->155,2M(1024,0M)]
 [Times: user=0,02 sys=0,00, real=0,01 secs] 
2023-05-30T14:25:15.463+0200: 5056,737: [GC pause (G1 Evacuation Pause) (young), 0,0081543 secs]
   [Parallel Time: 5,5 ms, GC Workers: 4]
      [GC Worker Start (ms): Min: 5056737,7, Avg: 5056737,8, Max: 5056737,8, Diff: 0,1]
      [Ext Root Scanning (ms): Min: 0,9, Avg: 1,0, Max: 1,2, Diff: 0,3, Sum: 4,1]
      [Update RS (ms): Min: 0,4, Avg: 0,5, Max: 0,6, Diff: 0,2, Sum: 2,1]
         [Processed Buffers: Min: 1, Avg: 8,8, Max: 15, Diff: 14, Sum: 35]
      [Scan RS (ms): Min: 0,0, Avg: 0,0, Max: 0,1, Diff: 0,1, Sum: 0,1]
      [Code Root Scanning (ms): Min: 0,0, Avg: 0,0, Max: 0,1, Diff: 0,1, Sum: 0,1]
      [Object Copy (ms): Min: 2,9, Avg: 3,1, Max: 3,7, Diff: 0,8, Sum: 12,5]
      [Termination (ms): Min: 0,0, Avg: 0,5, Max: 0,7, Diff: 0,7, Sum: 2,2]
         [Termination Attempts: Min: 1, Avg: 1,0, Max: 1, Diff: 0, Sum: 4]
      [GC Worker Other (ms): Min: 0,0, Avg: 0,0, Max: 0,0, Diff: 0,0, Sum: 0,1]
      [GC Worker Total (ms): Min: 5,2, Avg: 5,3, Max: 5,4, Diff: 0,2, Sum: 21,1]
      [GC Worker End (ms): Min: 5056743,0, Avg: 5056743,1, Max: 5056743,1, Diff: 0,0]
   [Code Root Fixup: 0,0 ms]
   [Code Root Purge: 0,0 ms]
   [Clear CT: 0,6 ms]
   [Other: 2,1 ms]
      [Choose CSet: 0,0 ms]
      [Ref Proc: 0,8 ms]
      [Ref Enq: 0,0 ms]
      [Redirty Cards: 0,7 ms]
      [Humongous Register: 0,1 ms]
      [Humongous Reclaim: 0,0 ms]
      [Free CSet: 0,1 ms]
   [Eden: 106,0M(106,0M)->0,0B(226,0M) Survivors: 2048,0K->2048,0K Heap: 261,2M(1024,0M)->155,1M(1024,0M)]
 [Times: user=0,01 sys=0,00, real=0,01 secs] 
2023-05-30T14:28:49.264+0200: 5270,540: [GC pause (G1 Evacuation Pause) (young), 0,0549050 secs]
   [Parallel Time: 33,8 ms, GC Workers: 4]
      [GC Worker Start (ms): Min: 5270550,6, Avg: 5270551,5, Max: 5270552,4, Diff: 1,8]
      [Ext Root Scanning (ms): Min: 0,9, Avg: 2,0, Max: 3,2, Diff: 2,4, Sum: 7,9]
      [Update RS (ms): Min: 2,8, Avg: 3,2, Max: 3,4, Diff: 0,6, Sum: 12,7]
         [Processed Buffers: Min: 2, Avg: 9,5, Max: 15, Diff: 13, Sum: 38]
      [Scan RS (ms): Min: 0,0, Avg: 0,1, Max: 0,1, Diff: 0,1, Sum: 0,3]
      [Code Root Scanning (ms): Min: 0,0, Avg: 0,0, Max: 0,1, Diff: 0,1, Sum: 0,1]
      [Object Copy (ms): Min: 24,9, Avg: 25,5, Max: 27,2, Diff: 2,3, Sum: 102,1]
      [Termination (ms): Min: 0,0, Avg: 1,5, Max: 2,0, Diff: 2,0, Sum: 5,8]
         [Termination Attempts: Min: 1, Avg: 1,0, Max: 1, Diff: 0, Sum: 4]
      [GC Worker Other (ms): Min: 0,0, Avg: 0,3, Max: 0,6, Diff: 0,6, Sum: 1,3]
      [GC Worker Total (ms): Min: 31,6, Avg: 32,5, Max: 33,4, Diff: 1,8, Sum: 130,2]
      [GC Worker End (ms): Min: 5270584,0, Avg: 5270584,1, Max: 5270584,1, Diff: 0,1]
   [Code Root Fixup: 0,0 ms]
   [Code Root Purge: 0,0 ms]
   [Clear CT: 0,5 ms]
   [Other: 20,6 ms]
      [Choose CSet: 0,0 ms]
      [Ref Proc: 1,9 ms]
      [Ref Enq: 0,0 ms]
      [Redirty Cards: 0,4 ms]
      [Humongous Register: 1,8 ms]
      [Humongous Reclaim: 0,0 ms]
      [Free CSet: 5,3 ms]
   [Eden: 226,0M(226,0M)->0,0B(49152,0K) Survivors: 2048,0K->3072,0K Heap: 381,1M(1024,0M)->156,1M(1024,0M)]
 [Times: user=0,03 sys=0,03, real=0,06 secs] 
2023-05-30T14:29:35.146+0200: 5316,420: [GC pause (G1 Evacuation Pause) (young), 0,0097179 secs]
   [Parallel Time: 6,8 ms, GC Workers: 4]
      [GC Worker Start (ms): Min: 5316420,3, Avg: 5316420,8, Max: 5316422,1, Diff: 1,9]
      [Ext Root Scanning (ms): Min: 0,0, Avg: 0,7, Max: 1,0, Diff: 1,0, Sum: 2,7]
      [Update RS (ms): Min: 0,0, Avg: 0,4, Max: 0,6, Diff: 0,6, Sum: 1,5]
         [Processed Buffers: Min: 0, Avg: 7,8, Max: 14, Diff: 14, Sum: 31]
      [Scan RS (ms): Min: 0,0, Avg: 0,0, Max: 0,0, Diff: 0,0, Sum: 0,0]
      [Code Root Scanning (ms): Min: 0,0, Avg: 0,0, Max: 0,0, Diff: 0,0, Sum: 0,0]
      [Object Copy (ms): Min: 3,8, Avg: 4,3, Max: 5,1, Diff: 1,4, Sum: 17,2]
      [Termination (ms): Min: 0,0, Avg: 0,7, Max: 1,3, Diff: 1,3, Sum: 2,9]
         [Termination Attempts: Min: 1, Avg: 1,0, Max: 1, Diff: 0, Sum: 4]
      [GC Worker Other (ms): Min: 0,0, Avg: 0,0, Max: 0,0, Diff: 0,0, Sum: 0,1]
      [GC Worker Total (ms): Min: 4,7, Avg: 6,1, Max: 6,6, Diff: 1,9, Sum: 24,5]
      [GC Worker End (ms): Min: 5316426,9, Avg: 5316426,9, Max: 5316426,9, Diff: 0,1]
   [Code Root Fixup: 0,0 ms]
   [Code Root Purge: 0,0 ms]
   [Clear CT: 0,4 ms]
   [Other: 2,5 ms]
      [Choose CSet: 0,0 ms]
      [Ref Proc: 0,4 ms]
      [Ref Enq: 0,0 ms]
      [Redirty Cards: 1,2 ms]
      [Humongous Register: 0,0 ms]
      [Humongous Reclaim: 0,0 ms]
      [Free CSet: 0,5 ms]
   [Eden: 49152,0K(49152,0K)->0,0B(71680,0K) Survivors: 3072,0K->2048,0K Heap: 204,1M(1024,0M)->155,4M(1024,0M)]
 [Times: user=0,02 sys=0,01, real=0,01 secs] 
2023-05-30T14:30:39.582+0200: 5380,856: [GC pause (G1 Evacuation Pause) (young), 0,0327798 secs]
   [Parallel Time: 22,3 ms, GC Workers: 4]
      [GC Worker Start (ms): Min: 5380856,6, Avg: 5380857,2, Max: 5380858,6, Diff: 2,0]
      [Ext Root Scanning (ms): Min: 0,0, Avg: 0,9, Max: 1,4, Diff: 1,3, Sum: 3,7]
      [Update RS (ms): Min: 0,1, Avg: 0,7, Max: 0,9, Diff: 0,8, Sum: 2,6]
         [Processed Buffers: Min: 1, Avg: 9,0, Max: 19, Diff: 18, Sum: 36]
      [Scan RS (ms): Min: 0,0, Avg: 0,0, Max: 0,1, Diff: 0,0, Sum: 0,1]
      [Code Root Scanning (ms): Min: 0,0, Avg: 0,0, Max: 0,1, Diff: 0,1, Sum: 0,1]
      [Object Copy (ms): Min: 5,3, Avg: 9,8, Max: 15,8, Diff: 10,5, Sum: 39,0]
      [Termination (ms): Min: 0,0, Avg: 7,0, Max: 12,3, Diff: 12,3, Sum: 27,9]
         [Termination Attempts: Min: 1, Avg: 1,0, Max: 1, Diff: 0, Sum: 4]
      [GC Worker Other (ms): Min: 0,0, Avg: 0,0, Max: 0,0, Diff: 0,0, Sum: 0,1]
      [GC Worker Total (ms): Min: 16,1, Avg: 18,4, Max: 19,9, Diff: 3,9, Sum: 73,5]
      [GC Worker End (ms): Min: 5380874,6, Avg: 5380875,6, Max: 5380876,6, Diff: 2,0]
   [Code Root Fixup: 0,0 ms]
   [Code Root Purge: 0,0 ms]
   [Clear CT: 1,8 ms]
   [Other: 8,7 ms]
      [Choose CSet: 0,0 ms]
      [Ref Proc: 6,9 ms]
      [Ref Enq: 0,0 ms]
      [Redirty Cards: 0,6 ms]
      [Humongous Register: 0,1 ms]
      [Humongous Reclaim: 0,0 ms]
      [Free CSet: 0,1 ms]
   [Eden: 71680,0K(71680,0K)->0,0B(50176,0K) Survivors: 2048,0K->2048,0K Heap: 225,4M(1024,0M)->155,6M(1024,0M)]
 [Times: user=0,04 sys=0,00, real=0,03 secs] 
2023-05-30T14:31:25.789+0200: 5427,063: [GC pause (G1 Evacuation Pause) (young), 0,0183905 secs]
   [Parallel Time: 10,0 ms, GC Workers: 4]
      [GC Worker Start (ms): Min: 5427063,4, Avg: 5427064,1, Max: 5427065,0, Diff: 1,6]
      [Ext Root Scanning (ms): Min: 0,2, Avg: 2,1, Max: 6,1, Diff: 5,8, Sum: 8,4]
      [Update RS (ms): Min: 0,0, Avg: 1,9, Max: 3,1, Diff: 3,1, Sum: 7,6]
         [Processed Buffers: Min: 0, Avg: 9,5, Max: 35, Diff: 35, Sum: 38]
      [Scan RS (ms): Min: 0,0, Avg: 0,0, Max: 0,0, Diff: 0,0, Sum: 0,1]
      [Code Root Scanning (ms): Min: 0,0, Avg: 0,0, Max: 0,1, Diff: 0,1, Sum: 0,1]
      [Object Copy (ms): Min: 3,4, Avg: 4,8, Max: 6,5, Diff: 3,1, Sum: 19,0]
      [Termination (ms): Min: 0,0, Avg: 0,3, Max: 0,4, Diff: 0,4, Sum: 1,2]
         [Termination Attempts: Min: 1, Avg: 1,0, Max: 1, Diff: 0, Sum: 4]
      [GC Worker Other (ms): Min: 0,0, Avg: 0,0, Max: 0,0, Diff: 0,0, Sum: 0,1]
      [GC Worker Total (ms): Min: 8,2, Avg: 9,1, Max: 9,9, Diff: 1,6, Sum: 36,4]
      [GC Worker End (ms): Min: 5427073,2, Avg: 5427073,2, Max: 5427073,3, Diff: 0,0]
   [Code Root Fixup: 0,0 ms]
   [Code Root Purge: 0,0 ms]
   [Clear CT: 0,5 ms]
   [Other: 7,8 ms]
      [Choose CSet: 0,0 ms]
      [Ref Proc: 6,1 ms]
      [Ref Enq: 0,0 ms]
      [Redirty Cards: 0,7 ms]
      [Humongous Register: 0,1 ms]
      [Humongous Reclaim: 0,0 ms]
      [Free CSet: 0,1 ms]
   [Eden: 50176,0K(50176,0K)->0,0B(50176,0K) Survivors: 2048,0K->2048,0K Heap: 204,6M(1024,0M)->155,9M(1024,0M)]
 [Times: user=0,02 sys=0,01, real=0,01 secs] 
2023-05-30T14:32:11.464+0200: 5472,738: [GC pause (G1 Evacuation Pause) (young), 0,0143824 secs]
   [Parallel Time: 10,5 ms, GC Workers: 4]
      [GC Worker Start (ms): Min: 5472737,9, Avg: 5472738,8, Max: 5472741,0, Diff: 3,1]
      [Ext Root Scanning (ms): Min: 0,0, Avg: 1,0, Max: 1,5, Diff: 1,5, Sum: 4,1]
      [Update RS (ms): Min: 0,0, Avg: 0,7, Max: 0,9, Diff: 0,9, Sum: 2,6]
         [Processed Buffers: Min: 0, Avg: 8,8, Max: 19, Diff: 19, Sum: 35]
      [Scan RS (ms): Min: 0,0, Avg: 0,0, Max: 0,0, Diff: 0,0, Sum: 0,1]
      [Code Root Scanning (ms): Min: 0,0, Avg: 0,0, Max: 0,1, Diff: 0,1, Sum: 0,1]
      [Object Copy (ms): Min: 5,2, Avg: 6,7, Max: 7,8, Diff: 2,6, Sum: 26,6]
      [Termination (ms): Min: 0,0, Avg: 0,9, Max: 1,8, Diff: 1,8, Sum: 3,7]
         [Termination Attempts: Min: 1, Avg: 1,0, Max: 1, Diff: 0, Sum: 4]
      [GC Worker Other (ms): Min: 0,0, Avg: 0,0, Max: 0,0, Diff: 0,0, Sum: 0,1]
      [GC Worker Total (ms): Min: 7,0, Avg: 9,3, Max: 10,2, Diff: 3,2, Sum: 37,2]
      [GC Worker End (ms): Min: 5472748,0, Avg: 5472748,1, Max: 5472748,1, Diff: 0,1]
   [Code Root Fixup: 0,0 ms]
   [Code Root Purge: 0,0 ms]
   [Clear CT: 0,9 ms]
   [Other: 3,0 ms]
      [Choose CSet: 0,0 ms]
      [Ref Proc: 1,6 ms]
      [Ref Enq: 0,0 ms]
      [Redirty Cards: 0,7 ms]
      [Humongous Register: 0,1 ms]
      [Humongous Reclaim: 0,1 ms]
      [Free CSet: 0,1 ms]
   [Eden: 50176,0K(50176,0K)->0,0B(109,0M) Survivors: 2048,0K->2048,0K Heap: 204,9M(1024,0M)->155,4M(1024,0M)]
 [Times: user=0,02 sys=0,00, real=0,02 secs] 
2023-05-30T14:33:53.699+0200: 5574,973: [GC pause (G1 Evacuation Pause) (young), 0,0200097 secs]
   [Parallel Time: 14,9 ms, GC Workers: 4]
      [GC Worker Start (ms): Min: 5574973,4, Avg: 5574976,5, Max: 5574979,7, Diff: 6,3]
      [Ext Root Scanning (ms): Min: 0,0, Avg: 1,5, Max: 3,0, Diff: 3,0, Sum: 6,0]
      [Update RS (ms): Min: 0,0, Avg: 0,7, Max: 1,5, Diff: 1,5, Sum: 2,9]
         [Processed Buffers: Min: 0, Avg: 9,2, Max: 23, Diff: 23, Sum: 37]
      [Scan RS (ms): Min: 0,0, Avg: 0,0, Max: 0,1, Diff: 0,1, Sum: 0,1]
      [Code Root Scanning (ms): Min: 0,0, Avg: 0,0, Max: 0,1, Diff: 0,1, Sum: 0,1]
      [Object Copy (ms): Min: 5,9, Avg: 7,3, Max: 9,7, Diff: 3,7, Sum: 29,3]
      [Termination (ms): Min: 0,0, Avg: 1,6, Max: 2,2, Diff: 2,2, Sum: 6,4]
         [Termination Attempts: Min: 1, Avg: 1,2, Max: 2, Diff: 1, Sum: 5]
      [GC Worker Other (ms): Min: 0,0, Avg: 0,1, Max: 0,1, Diff: 0,1, Sum: 0,3]
      [GC Worker Total (ms): Min: 8,2, Avg: 11,3, Max: 14,4, Diff: 6,2, Sum: 45,1]
      [GC Worker End (ms): Min: 5574987,7, Avg: 5574987,8, Max: 5574987,9, Diff: 0,2]
   [Code Root Fixup: 0,0 ms]
   [Code Root Purge: 0,0 ms]
   [Clear CT: 0,5 ms]
   [Other: 4,6 ms]
      [Choose CSet: 0,0 ms]
      [Ref Proc: 3,2 ms]
      [Ref Enq: 0,0 ms]
      [Redirty Cards: 0,8 ms]
      [Humongous Register: 0,1 ms]
      [Humongous Reclaim: 0,0 ms]
      [Free CSet: 0,1 ms]
   [Eden: 109,0M(109,0M)->0,0B(133,0M) Survivors: 2048,0K->2048,0K Heap: 264,4M(1024,0M)->155,9M(1024,0M)]
 [Times: user=0,02 sys=0,00, real=0,02 secs] 
2023-05-30T14:35:57.913+0200: 5699,187: [GC pause (G1 Evacuation Pause) (young), 0,0170959 secs]
   [Parallel Time: 14,7 ms, GC Workers: 4]
      [GC Worker Start (ms): Min: 5699187,4, Avg: 5699188,1, Max: 5699188,7, Diff: 1,3]
      [Ext Root Scanning (ms): Min: 3,8, Avg: 6,2, Max: 10,3, Diff: 6,5, Sum: 24,7]
      [Update RS (ms): Min: 0,0, Avg: 1,6, Max: 5,0, Diff: 5,0, Sum: 6,6]
         [Processed Buffers: Min: 0, Avg: 9,5, Max: 28, Diff: 28, Sum: 38]
      [Scan RS (ms): Min: 0,0, Avg: 0,0, Max: 0,1, Diff: 0,1, Sum: 0,2]
      [Code Root Scanning (ms): Min: 0,0, Avg: 0,0, Max: 0,1, Diff: 0,1, Sum: 0,1]
      [Object Copy (ms): Min: 3,3, Avg: 5,2, Max: 6,2, Diff: 2,9, Sum: 20,7]
      [Termination (ms): Min: 0,0, Avg: 0,4, Max: 0,8, Diff: 0,8, Sum: 1,4]
         [Termination Attempts: Min: 1, Avg: 1,8, Max: 2, Diff: 1, Sum: 7]
      [GC Worker Other (ms): Min: 0,0, Avg: 0,0, Max: 0,0, Diff: 0,0, Sum: 0,1]
      [GC Worker Total (ms): Min: 12,6, Avg: 13,5, Max: 14,1, Diff: 1,5, Sum: 53,8]
      [GC Worker End (ms): Min: 5699201,3, Avg: 5699201,5, Max: 5699201,9, Diff: 0,6]
   [Code Root Fixup: 0,0 ms]
   [Code Root Purge: 0,0 ms]
   [Clear CT: 0,5 ms]
   [Other: 1,8 ms]
      [Choose CSet: 0,0 ms]
      [Ref Proc: 0,8 ms]
      [Ref Enq: 0,0 ms]
      [Redirty Cards: 0,5 ms]
      [Humongous Register: 0,1 ms]
      [Humongous Reclaim: 0,0 ms]
      [Free CSet: 0,1 ms]
   [Eden: 133,0M(133,0M)->0,0B(187,0M) Survivors: 2048,0K->2048,0K Heap: 288,9M(1024,0M)->155,5M(1024,0M)]
 [Times: user=0,02 sys=0,01, real=0,02 secs] 
2023-05-30T14:38:49.367+0200: 5870,641: [GC pause (G1 Evacuation Pause) (young), 0,0103916 secs]
   [Parallel Time: 6,9 ms, GC Workers: 4]
      [GC Worker Start (ms): Min: 5870640,9, Avg: 5870641,3, Max: 5870641,6, Diff: 0,7]
      [Ext Root Scanning (ms): Min: 0,9, Avg: 1,4, Max: 2,0, Diff: 1,1, Sum: 5,7]
      [Update RS (ms): Min: 0,4, Avg: 0,9, Max: 1,1, Diff: 0,7, Sum: 3,4]
         [Processed Buffers: Min: 3, Avg: 9,0, Max: 19, Diff: 16, Sum: 36]
      [Scan RS (ms): Min: 0,0, Avg: 0,1, Max: 0,1, Diff: 0,1, Sum: 0,2]
      [Code Root Scanning (ms): Min: 0,0, Avg: 0,0, Max: 0,0, Diff: 0,0, Sum: 0,1]
      [Object Copy (ms): Min: 3,5, Avg: 3,7, Max: 3,9, Diff: 0,4, Sum: 14,6]
      [Termination (ms): Min: 0,0, Avg: 0,3, Max: 0,4, Diff: 0,4, Sum: 1,2]
         [Termination Attempts: Min: 1, Avg: 1,0, Max: 1, Diff: 0, Sum: 4]
      [GC Worker Other (ms): Min: 0,0, Avg: 0,0, Max: 0,0, Diff: 0,0, Sum: 0,1]
      [GC Worker Total (ms): Min: 6,1, Avg: 6,4, Max: 6,8, Diff: 0,7, Sum: 25,4]
      [GC Worker End (ms): Min: 5870647,6, Avg: 5870647,6, Max: 5870647,6, Diff: 0,0]
   [Code Root Fixup: 0,0 ms]
   [Code Root Purge: 0,0 ms]
   [Clear CT: 1,0 ms]
   [Other: 2,5 ms]
      [Choose CSet: 0,0 ms]
      [Ref Proc: 0,9 ms]
      [Ref Enq: 0,0 ms]
      [Redirty Cards: 1,0 ms]
      [Humongous Register: 0,1 ms]
      [Humongous Reclaim: 0,0 ms]
      [Free CSet: 0,2 ms]
   [Eden: 187,0M(187,0M)->0,0B(341,0M) Survivors: 2048,0K->2048,0K Heap: 342,5M(1024,0M)->156,0M(1024,0M)]
 [Times: user=0,02 sys=0,01, real=0,02 secs] 
2023-05-30T14:44:04.976+0200: 6186,250: [GC pause (G1 Evacuation Pause) (young), 0,0761863 secs]
   [Parallel Time: 60,3 ms, GC Workers: 4]
      [GC Worker Start (ms): Min: 6186250,7, Avg: 6186251,0, Max: 6186251,3, Diff: 0,6]
      [Ext Root Scanning (ms): Min: 0,4, Avg: 1,6, Max: 2,7, Diff: 2,3, Sum: 6,2]
      [Update RS (ms): Min: 0,0, Avg: 0,9, Max: 1,4, Diff: 1,4, Sum: 3,6]
         [Processed Buffers: Min: 0, Avg: 10,2, Max: 27, Diff: 27, Sum: 41]
      [Scan RS (ms): Min: 0,0, Avg: 0,1, Max: 0,2, Diff: 0,2, Sum: 0,6]
      [Code Root Scanning (ms): Min: 0,0, Avg: 0,0, Max: 0,1, Diff: 0,1, Sum: 0,1]
      [Object Copy (ms): Min: 47,5, Avg: 51,4, Max: 56,7, Diff: 9,3, Sum: 205,5]
      [Termination (ms): Min: 0,0, Avg: 5,7, Max: 8,8, Diff: 8,8, Sum: 22,7]
         [Termination Attempts: Min: 1, Avg: 1,0, Max: 1, Diff: 0, Sum: 4]
      [GC Worker Other (ms): Min: 0,0, Avg: 0,0, Max: 0,1, Diff: 0,0, Sum: 0,2]
      [GC Worker Total (ms): Min: 59,4, Avg: 59,7, Max: 60,0, Diff: 0,7, Sum: 238,8]
      [GC Worker End (ms): Min: 6186310,7, Avg: 6186310,7, Max: 6186310,8, Diff: 0,1]
   [Code Root Fixup: 0,0 ms]
   [Code Root Purge: 0,0 ms]
   [Clear CT: 2,3 ms]
   [Other: 13,5 ms]
      [Choose CSet: 0,0 ms]
      [Ref Proc: 1,9 ms]
      [Ref Enq: 0,0 ms]
      [Redirty Cards: 0,6 ms]
      [Humongous Register: 0,1 ms]
      [Humongous Reclaim: 0,0 ms]
      [Free CSet: 10,3 ms]
   [Eden: 341,0M(341,0M)->0,0B(50176,0K) Survivors: 2048,0K->2048,0K Heap: 497,0M(1024,0M)->155,8M(1024,0M)]
 [Times: user=0,06 sys=0,01, real=0,08 secs] 
2023-05-30T14:44:49.483+0200: 6230,757: [GC pause (G1 Evacuation Pause) (young), 0,0124266 secs]
   [Parallel Time: 9,2 ms, GC Workers: 4]
      [GC Worker Start (ms): Min: 6230757,5, Avg: 6230758,9, Max: 6230760,9, Diff: 3,3]
      [Ext Root Scanning (ms): Min: 0,0, Avg: 1,0, Max: 2,1, Diff: 2,1, Sum: 4,1]
      [Update RS (ms): Min: 0,0, Avg: 0,8, Max: 1,1, Diff: 1,1, Sum: 3,2]
         [Processed Buffers: Min: 0, Avg: 9,0, Max: 26, Diff: 26, Sum: 36]
      [Scan RS (ms): Min: 0,0, Avg: 0,0, Max: 0,0, Diff: 0,0, Sum: 0,1]
      [Code Root Scanning (ms): Min: 0,0, Avg: 0,0, Max: 0,0, Diff: 0,0, Sum: 0,0]
      [Object Copy (ms): Min: 4,7, Avg: 4,9, Max: 5,0, Diff: 0,3, Sum: 19,4]
      [Termination (ms): Min: 0,0, Avg: 0,3, Max: 0,7, Diff: 0,7, Sum: 1,2]
         [Termination Attempts: Min: 1, Avg: 1,0, Max: 1, Diff: 0, Sum: 4]
      [GC Worker Other (ms): Min: 0,0, Avg: 0,0, Max: 0,0, Diff: 0,0, Sum: 0,1]
      [GC Worker Total (ms): Min: 5,0, Avg: 7,0, Max: 8,8, Diff: 3,8, Sum: 28,2]
      [GC Worker End (ms): Min: 6230765,8, Avg: 6230766,0, Max: 6230766,4, Diff: 0,5]
   [Code Root Fixup: 0,0 ms]
   [Code Root Purge: 0,0 ms]
   [Clear CT: 0,5 ms]
   [Other: 2,8 ms]
      [Choose CSet: 0,0 ms]
      [Ref Proc: 0,8 ms]
      [Ref Enq: 0,0 ms]
      [Redirty Cards: 0,8 ms]
      [Humongous Register: 0,1 ms]
      [Humongous Reclaim: 0,0 ms]
      [Free CSet: 0,8 ms]
   [Eden: 50176,0K(50176,0K)->0,0B(49152,0K) Survivors: 2048,0K->3072,0K Heap: 204,8M(1024,0M)->156,7M(1024,0M)]
 [Times: user=0,02 sys=0,01, real=0,01 secs] 
2023-05-30T14:45:32.546+0200: 6273,820: [GC pause (G1 Evacuation Pause) (young), 0,0111353 secs]
   [Parallel Time: 8,1 ms, GC Workers: 4]
      [GC Worker Start (ms): Min: 6273820,3, Avg: 6273820,5, Max: 6273820,6, Diff: 0,2]
      [Ext Root Scanning (ms): Min: 0,9, Avg: 1,0, Max: 1,2, Diff: 0,3, Sum: 4,2]
      [Update RS (ms): Min: 0,7, Avg: 0,8, Max: 0,9, Diff: 0,2, Sum: 3,4]
         [Processed Buffers: Min: 2, Avg: 8,5, Max: 15, Diff: 13, Sum: 34]
      [Scan RS (ms): Min: 0,0, Avg: 0,0, Max: 0,0, Diff: 0,0, Sum: 0,1]
      [Code Root Scanning (ms): Min: 0,0, Avg: 0,0, Max: 0,0, Diff: 0,0, Sum: 0,0]
      [Object Copy (ms): Min: 5,2, Avg: 5,3, Max: 5,4, Diff: 0,3, Sum: 21,2]
      [Termination (ms): Min: 0,0, Avg: 0,2, Max: 0,3, Diff: 0,3, Sum: 0,6]
         [Termination Attempts: Min: 1, Avg: 1,0, Max: 1, Diff: 0, Sum: 4]
      [GC Worker Other (ms): Min: 0,0, Avg: 0,0, Max: 0,0, Diff: 0,0, Sum: 0,1]
      [GC Worker Total (ms): Min: 7,3, Avg: 7,4, Max: 7,5, Diff: 0,2, Sum: 29,6]
      [GC Worker End (ms): Min: 6273827,8, Avg: 6273827,8, Max: 6273827,9, Diff: 0,0]
   [Code Root Fixup: 0,0 ms]
   [Code Root Purge: 0,0 ms]
   [Clear CT: 0,6 ms]
   [Other: 2,4 ms]
      [Choose CSet: 0,0 ms]
      [Ref Proc: 0,6 ms]
      [Ref Enq: 0,0 ms]
      [Redirty Cards: 0,8 ms]
      [Humongous Register: 0,1 ms]
      [Humongous Reclaim: 0,0 ms]
      [Free CSet: 0,1 ms]
   [Eden: 49152,0K(49152,0K)->0,0B(50176,0K) Survivors: 3072,0K->2048,0K Heap: 204,7M(1024,0M)->156,1M(1024,0M)]
 [Times: user=0,02 sys=0,00, real=0,02 secs] 
2023-05-30T14:46:16.509+0200: 6317,783: [GC pause (G1 Evacuation Pause) (young), 0,0087463 secs]
   [Parallel Time: 6,1 ms, GC Workers: 4]
      [GC Worker Start (ms): Min: 6317783,5, Avg: 6317783,7, Max: 6317783,8, Diff: 0,3]
      [Ext Root Scanning (ms): Min: 0,9, Avg: 1,1, Max: 1,5, Diff: 0,6, Sum: 4,5]
      [Update RS (ms): Min: 0,4, Avg: 0,8, Max: 1,1, Diff: 0,7, Sum: 3,4]
         [Processed Buffers: Min: 2, Avg: 9,0, Max: 16, Diff: 14, Sum: 36]
      [Scan RS (ms): Min: 0,0, Avg: 0,0, Max: 0,0, Diff: 0,0, Sum: 0,1]
      [Code Root Scanning (ms): Min: 0,0, Avg: 0,0, Max: 0,0, Diff: 0,0, Sum: 0,0]
      [Object Copy (ms): Min: 3,7, Avg: 3,8, Max: 3,9, Diff: 0,2, Sum: 15,2]
      [Termination (ms): Min: 0,0, Avg: 0,0, Max: 0,0, Diff: 0,0, Sum: 0,0]
         [Termination Attempts: Min: 1, Avg: 1,0, Max: 1, Diff: 0, Sum: 4]
      [GC Worker Other (ms): Min: 0,0, Avg: 0,0, Max: 0,0, Diff: 0,0, Sum: 0,1]
      [GC Worker Total (ms): Min: 5,7, Avg: 5,8, Max: 5,9, Diff: 0,3, Sum: 23,2]
      [GC Worker End (ms): Min: 6317789,5, Avg: 6317789,5, Max: 6317789,5, Diff: 0,0]
   [Code Root Fixup: 0,0 ms]
   [Code Root Purge: 0,0 ms]
   [Clear CT: 0,7 ms]
   [Other: 2,0 ms]
      [Choose CSet: 0,0 ms]
      [Ref Proc: 0,7 ms]
      [Ref Enq: 0,0 ms]
      [Redirty Cards: 0,8 ms]
      [Humongous Register: 0,1 ms]
      [Humongous Reclaim: 0,0 ms]
      [Free CSet: 0,1 ms]
   [Eden: 50176,0K(50176,0K)->0,0B(56320,0K) Survivors: 2048,0K->3072,0K Heap: 205,1M(1024,0M)->156,8M(1024,0M)]
 [Times: user=0,02 sys=0,00, real=0,01 secs] 
2023-05-30T14:47:05.435+0200: 6366,709: [GC pause (G1 Evacuation Pause) (young), 0,0093864 secs]
   [Parallel Time: 6,6 ms, GC Workers: 4]
      [GC Worker Start (ms): Min: 6366709,7, Avg: 6366709,9, Max: 6366710,0, Diff: 0,2]
      [Ext Root Scanning (ms): Min: 1,0, Avg: 1,2, Max: 1,4, Diff: 0,4, Sum: 4,6]
      [Update RS (ms): Min: 0,5, Avg: 0,9, Max: 1,2, Diff: 0,7, Sum: 3,4]
         [Processed Buffers: Min: 1, Avg: 9,2, Max: 20, Diff: 19, Sum: 37]
      [Scan RS (ms): Min: 0,0, Avg: 0,0, Max: 0,0, Diff: 0,0, Sum: 0,1]
      [Code Root Scanning (ms): Min: 0,0, Avg: 0,0, Max: 0,0, Diff: 0,0, Sum: 0,0]
      [Object Copy (ms): Min: 3,8, Avg: 4,1, Max: 4,6, Diff: 0,8, Sum: 16,6]
      [Termination (ms): Min: 0,0, Avg: 0,0, Max: 0,0, Diff: 0,0, Sum: 0,0]
         [Termination Attempts: Min: 1, Avg: 1,0, Max: 1, Diff: 0, Sum: 4]
      [GC Worker Other (ms): Min: 0,0, Avg: 0,0, Max: 0,0, Diff: 0,0, Sum: 0,1]
      [GC Worker Total (ms): Min: 6,1, Avg: 6,2, Max: 6,3, Diff: 0,2, Sum: 24,9]
      [GC Worker End (ms): Min: 6366716,1, Avg: 6366716,1, Max: 6366716,1, Diff: 0,0]
   [Code Root Fixup: 0,0 ms]
   [Code Root Purge: 0,0 ms]
   [Clear CT: 0,8 ms]
   [Other: 2,0 ms]
      [Choose CSet: 0,0 ms]
      [Ref Proc: 0,7 ms]
      [Ref Enq: 0,0 ms]
      [Redirty Cards: 0,8 ms]
      [Humongous Register: 0,1 ms]
      [Humongous Reclaim: 0,0 ms]
      [Free CSet: 0,1 ms]
   [Eden: 56320,0K(56320,0K)->0,0B(139,0M) Survivors: 3072,0K->2048,0K Heap: 211,8M(1024,0M)->156,0M(1024,0M)]
 [Times: user=0,03 sys=0,00, real=0,01 secs] 
2023-05-30T14:49:09.766+0200: 6491,040: [GC pause (G1 Evacuation Pause) (young), 0,0111708 secs]
   [Parallel Time: 8,0 ms, GC Workers: 4]
      [GC Worker Start (ms): Min: 6491040,5, Avg: 6491040,6, Max: 6491040,7, Diff: 0,2]
      [Ext Root Scanning (ms): Min: 0,7, Avg: 1,0, Max: 1,2, Diff: 0,5, Sum: 3,9]
      [Update RS (ms): Min: 0,9, Avg: 1,0, Max: 1,2, Diff: 0,3, Sum: 4,0]
         [Processed Buffers: Min: 2, Avg: 9,5, Max: 18, Diff: 16, Sum: 38]
      [Scan RS (ms): Min: 0,0, Avg: 0,0, Max: 0,1, Diff: 0,1, Sum: 0,2]
      [Code Root Scanning (ms): Min: 0,0, Avg: 0,0, Max: 0,0, Diff: 0,0, Sum: 0,0]
      [Object Copy (ms): Min: 5,3, Avg: 5,4, Max: 5,6, Diff: 0,3, Sum: 21,7]
      [Termination (ms): Min: 0,0, Avg: 0,0, Max: 0,0, Diff: 0,0, Sum: 0,0]
         [Termination Attempts: Min: 1, Avg: 1,0, Max: 1, Diff: 0, Sum: 4]
      [GC Worker Other (ms): Min: 0,0, Avg: 0,1, Max: 0,1, Diff: 0,1, Sum: 0,3]
      [GC Worker Total (ms): Min: 7,4, Avg: 7,5, Max: 7,7, Diff: 0,3, Sum: 30,1]
      [GC Worker End (ms): Min: 6491048,1, Avg: 6491048,1, Max: 6491048,2, Diff: 0,1]
   [Code Root Fixup: 0,0 ms]
   [Code Root Purge: 0,0 ms]
   [Clear CT: 1,1 ms]
   [Other: 2,1 ms]
      [Choose CSet: 0,0 ms]
      [Ref Proc: 0,6 ms]
      [Ref Enq: 0,0 ms]
      [Redirty Cards: 0,7 ms]
      [Humongous Register: 0,1 ms]
      [Humongous Reclaim: 0,1 ms]
      [Free CSet: 0,2 ms]
   [Eden: 139,0M(139,0M)->0,0B(202,0M) Survivors: 2048,0K->3072,0K Heap: 295,0M(1024,0M)->156,6M(1024,0M)]
 [Times: user=0,03 sys=0,00, real=0,02 secs] 
2023-05-30T14:52:09.914+0200: 6671,188: [GC pause (G1 Evacuation Pause) (young), 0,0116726 secs]
   [Parallel Time: 7,8 ms, GC Workers: 4]
      [GC Worker Start (ms): Min: 6671188,5, Avg: 6671188,7, Max: 6671188,8, Diff: 0,3]
      [Ext Root Scanning (ms): Min: 0,4, Avg: 1,0, Max: 1,6, Diff: 1,2, Sum: 4,1]
      [Update RS (ms): Min: 0,4, Avg: 1,0, Max: 1,4, Diff: 1,0, Sum: 3,9]
         [Processed Buffers: Min: 4, Avg: 10,2, Max: 20, Diff: 16, Sum: 41]
      [Scan RS (ms): Min: 0,0, Avg: 0,1, Max: 0,1, Diff: 0,1, Sum: 0,3]
      [Code Root Scanning (ms): Min: 0,0, Avg: 0,0, Max: 0,0, Diff: 0,0, Sum: 0,0]
      [Object Copy (ms): Min: 4,2, Avg: 5,0, Max: 5,9, Diff: 1,6, Sum: 20,2]
      [Termination (ms): Min: 0,0, Avg: 0,0, Max: 0,1, Diff: 0,1, Sum: 0,2]
         [Termination Attempts: Min: 1, Avg: 1,0, Max: 1, Diff: 0, Sum: 4]
      [GC Worker Other (ms): Min: 0,0, Avg: 0,0, Max: 0,0, Diff: 0,0, Sum: 0,1]
      [GC Worker Total (ms): Min: 7,1, Avg: 7,2, Max: 7,3, Diff: 0,2, Sum: 28,8]
      [GC Worker End (ms): Min: 6671195,8, Avg: 6671195,9, Max: 6671195,9, Diff: 0,0]
   [Code Root Fixup: 0,0 ms]
   [Code Root Purge: 0,0 ms]
   [Clear CT: 0,7 ms]
   [Other: 3,1 ms]
      [Choose CSet: 0,0 ms]
      [Ref Proc: 1,3 ms]
      [Ref Enq: 0,0 ms]
      [Redirty Cards: 0,9 ms]
      [Humongous Register: 0,4 ms]
      [Humongous Reclaim: 0,0 ms]
      [Free CSet: 0,2 ms]
   [Eden: 202,0M(202,0M)->0,0B(306,0M) Survivors: 3072,0K->3072,0K Heap: 358,6M(1024,0M)->157,0M(1024,0M)]
 [Times: user=0,02 sys=0,00, real=0,01 secs] 
2023-05-30T14:56:41.971+0200: 6943,245: [GC pause (G1 Evacuation Pause) (young), 0,0173777 secs]
   [Parallel Time: 12,0 ms, GC Workers: 4]
      [GC Worker Start (ms): Min: 6943245,1, Avg: 6943246,6, Max: 6943248,0, Diff: 2,9]
      [Ext Root Scanning (ms): Min: 0,2, Avg: 2,1, Max: 5,2, Diff: 5,1, Sum: 8,5]
      [Update RS (ms): Min: 0,0, Avg: 0,9, Max: 1,3, Diff: 1,3, Sum: 3,6]
         [Processed Buffers: Min: 0, Avg: 10,2, Max: 30, Diff: 30, Sum: 41]
      [Scan RS (ms): Min: 0,0, Avg: 0,1, Max: 0,1, Diff: 0,1, Sum: 0,4]
      [Code Root Scanning (ms): Min: 0,0, Avg: 0,0, Max: 0,0, Diff: 0,0, Sum: 0,0]
      [Object Copy (ms): Min: 5,5, Avg: 6,5, Max: 7,2, Diff: 1,8, Sum: 26,1]
      [Termination (ms): Min: 0,0, Avg: 0,5, Max: 0,8, Diff: 0,8, Sum: 2,1]
         [Termination Attempts: Min: 1, Avg: 1,0, Max: 1, Diff: 0, Sum: 4]
      [GC Worker Other (ms): Min: 0,0, Avg: 0,0, Max: 0,0, Diff: 0,0, Sum: 0,1]
      [GC Worker Total (ms): Min: 8,8, Avg: 10,2, Max: 11,7, Diff: 2,9, Sum: 40,9]
      [GC Worker End (ms): Min: 6943256,8, Avg: 6943256,8, Max: 6943257,0, Diff: 0,2]
   [Code Root Fixup: 0,0 ms]
   [Code Root Purge: 0,0 ms]
   [Clear CT: 0,5 ms]
   [Other: 4,9 ms]
      [Choose CSet: 0,0 ms]
      [Ref Proc: 3,3 ms]
      [Ref Enq: 0,0 ms]
      [Redirty Cards: 0,8 ms]
      [Humongous Register: 0,1 ms]
      [Humongous Reclaim: 0,0 ms]
      [Free CSet: 0,3 ms]
   [Eden: 306,0M(306,0M)->0,0B(354,0M) Survivors: 3072,0K->2048,0K Heap: 463,0M(1024,0M)->156,3M(1024,0M)]
 [Times: user=0,03 sys=0,00, real=0,02 secs] 
2023-05-30T15:01:55.304+0200: 7256,578: [GC pause (G1 Evacuation Pause) (young), 0,0671329 secs]
   [Parallel Time: 58,5 ms, GC Workers: 4]
      [GC Worker Start (ms): Min: 7256578,6, Avg: 7256580,1, Max: 7256582,6, Diff: 4,0]
      [Ext Root Scanning (ms): Min: 0,0, Avg: 0,9, Max: 1,7, Diff: 1,7, Sum: 3,4]
      [Update RS (ms): Min: 0,0, Avg: 1,2, Max: 2,6, Diff: 2,6, Sum: 4,9]
         [Processed Buffers: Min: 0, Avg: 10,5, Max: 25, Diff: 25, Sum: 42]
      [Scan RS (ms): Min: 0,0, Avg: 0,1, Max: 0,2, Diff: 0,2, Sum: 0,5]
      [Code Root Scanning (ms): Min: 0,0, Avg: 0,0, Max: 0,0, Diff: 0,0, Sum: 0,0]
      [Object Copy (ms): Min: 53,2, Avg: 54,2, Max: 56,1, Diff: 2,9, Sum: 216,9]
      [Termination (ms): Min: 0,0, Avg: 0,3, Max: 0,5, Diff: 0,5, Sum: 1,4]
         [Termination Attempts: Min: 1, Avg: 1,0, Max: 1, Diff: 0, Sum: 4]
      [GC Worker Other (ms): Min: 0,0, Avg: 0,0, Max: 0,1, Diff: 0,0, Sum: 0,1]
      [GC Worker Total (ms): Min: 54,3, Avg: 56,8, Max: 58,2, Diff: 4,0, Sum: 227,1]
      [GC Worker End (ms): Min: 7256636,8, Avg: 7256636,8, Max: 7256636,9, Diff: 0,1]
   [Code Root Fixup: 0,0 ms]
   [Code Root Purge: 0,0 ms]
   [Clear CT: 0,5 ms]
   [Other: 8,1 ms]
      [Choose CSet: 0,0 ms]
      [Ref Proc: 5,9 ms]
      [Ref Enq: 0,0 ms]
      [Redirty Cards: 0,4 ms]
      [Humongous Register: 0,1 ms]
      [Humongous Reclaim: 0,0 ms]
      [Free CSet: 1,0 ms]
   [Eden: 354,0M(354,0M)->0,0B(49152,0K) Survivors: 2048,0K->3072,0K Heap: 510,3M(1024,0M)->157,5M(1024,0M)]
 [Times: user=0,05 sys=0,02, real=0,07 secs] 
2023-05-30T15:02:37.790+0200: 7299,064: [GC pause (G1 Evacuation Pause) (young), 0,0276848 secs]
   [Parallel Time: 23,5 ms, GC Workers: 4]
      [GC Worker Start (ms): Min: 7299064,7, Avg: 7299064,8, Max: 7299065,0, Diff: 0,3]
      [Ext Root Scanning (ms): Min: 1,3, Avg: 1,7, Max: 2,0, Diff: 0,6, Sum: 6,8]
      [Update RS (ms): Min: 0,7, Avg: 1,0, Max: 1,1, Diff: 0,4, Sum: 3,9]
         [Processed Buffers: Min: 3, Avg: 9,0, Max: 15, Diff: 12, Sum: 36]
      [Scan RS (ms): Min: 0,0, Avg: 0,0, Max: 0,0, Diff: 0,0, Sum: 0,1]
      [Code Root Scanning (ms): Min: 0,0, Avg: 0,0, Max: 0,0, Diff: 0,0, Sum: 0,0]
      [Object Copy (ms): Min: 5,2, Avg: 9,0, Max: 20,3, Diff: 15,1, Sum: 36,2]
      [Termination (ms): Min: 0,0, Avg: 11,3, Max: 15,1, Diff: 15,1, Sum: 45,1]
         [Termination Attempts: Min: 1, Avg: 1,0, Max: 1, Diff: 0, Sum: 4]
      [GC Worker Other (ms): Min: 0,0, Avg: 0,0, Max: 0,0, Diff: 0,0, Sum: 0,1]
      [GC Worker Total (ms): Min: 22,9, Avg: 23,0, Max: 23,1, Diff: 0,2, Sum: 92,1]
      [GC Worker End (ms): Min: 7299087,8, Avg: 7299087,8, Max: 7299087,9, Diff: 0,1]
   [Code Root Fixup: 0,0 ms]
   [Code Root Purge: 0,0 ms]
   [Clear CT: 1,0 ms]
   [Other: 3,2 ms]
      [Choose CSet: 0,0 ms]
      [Ref Proc: 0,9 ms]
      [Ref Enq: 0,0 ms]
      [Redirty Cards: 0,7 ms]
      [Humongous Register: 0,1 ms]
      [Humongous Reclaim: 0,0 ms]
      [Free CSet: 0,7 ms]
   [Eden: 49152,0K(49152,0K)->0,0B(48128,0K) Survivors: 3072,0K->4096,0K Heap: 205,5M(1024,0M)->158,6M(1024,0M)]
 [Times: user=0,07 sys=0,00, real=0,03 secs] 
2023-05-30T15:03:19.170+0200: 7340,445: [GC pause (G1 Evacuation Pause) (young), 0,0110039 secs]
   [Parallel Time: 8,3 ms, GC Workers: 4]
      [GC Worker Start (ms): Min: 7340444,8, Avg: 7340445,3, Max: 7340446,6, Diff: 1,8]
      [Ext Root Scanning (ms): Min: 0,0, Avg: 0,9, Max: 1,4, Diff: 1,4, Sum: 3,8]
      [Update RS (ms): Min: 0,8, Avg: 1,3, Max: 1,8, Diff: 1,0, Sum: 5,1]
         [Processed Buffers: Min: 1, Avg: 8,8, Max: 24, Diff: 23, Sum: 35]
      [Scan RS (ms): Min: 0,0, Avg: 0,0, Max: 0,0, Diff: 0,0, Sum: 0,1]
      [Code Root Scanning (ms): Min: 0,0, Avg: 0,0, Max: 0,0, Diff: 0,0, Sum: 0,0]
      [Object Copy (ms): Min: 4,7, Avg: 5,2, Max: 5,4, Diff: 0,7, Sum: 20,7]
      [Termination (ms): Min: 0,0, Avg: 0,0, Max: 0,0, Diff: 0,0, Sum: 0,0]
         [Termination Attempts: Min: 1, Avg: 1,2, Max: 2, Diff: 1, Sum: 5]
      [GC Worker Other (ms): Min: 0,0, Avg: 0,0, Max: 0,0, Diff: 0,0, Sum: 0,1]
      [GC Worker Total (ms): Min: 6,1, Avg: 7,4, Max: 8,0, Diff: 1,8, Sum: 29,7]
      [GC Worker End (ms): Min: 7340452,7, Avg: 7340452,7, Max: 7340452,7, Diff: 0,0]
   [Code Root Fixup: 0,0 ms]
   [Code Root Purge: 0,0 ms]
   [Clear CT: 0,8 ms]
   [Other: 2,0 ms]
      [Choose CSet: 0,0 ms]
      [Ref Proc: 0,7 ms]
      [Ref Enq: 0,0 ms]
      [Redirty Cards: 0,8 ms]
      [Humongous Register: 0,1 ms]
      [Humongous Reclaim: 0,0 ms]
      [Free CSet: 0,1 ms]
   [Eden: 48128,0K(48128,0K)->0,0B(49152,0K) Survivors: 4096,0K->3072,0K Heap: 205,6M(1024,0M)->157,6M(1024,0M)]
 [Times: user=0,03 sys=0,00, real=0,01 secs] 
2023-05-30T15:04:01.473+0200: 7382,747: [GC pause (G1 Evacuation Pause) (young), 0,0134381 secs]
   [Parallel Time: 8,0 ms, GC Workers: 4]
      [GC Worker Start (ms): Min: 7382747,6, Avg: 7382747,7, Max: 7382747,8, Diff: 0,2]
      [Ext Root Scanning (ms): Min: 0,8, Avg: 1,0, Max: 1,2, Diff: 0,4, Sum: 3,8]
      [Update RS (ms): Min: 0,9, Avg: 1,0, Max: 1,1, Diff: 0,3, Sum: 3,8]
         [Processed Buffers: Min: 2, Avg: 9,5, Max: 14, Diff: 12, Sum: 38]
      [Scan RS (ms): Min: 0,0, Avg: 0,0, Max: 0,1, Diff: 0,1, Sum: 0,1]
      [Code Root Scanning (ms): Min: 0,0, Avg: 0,0, Max: 0,0, Diff: 0,0, Sum: 0,0]
      [Object Copy (ms): Min: 5,6, Avg: 5,7, Max: 5,8, Diff: 0,2, Sum: 22,8]
      [Termination (ms): Min: 0,0, Avg: 0,0, Max: 0,0, Diff: 0,0, Sum: 0,0]
         [Termination Attempts: Min: 1, Avg: 1,2, Max: 2, Diff: 1, Sum: 5]
      [GC Worker Other (ms): Min: 0,0, Avg: 0,0, Max: 0,0, Diff: 0,0, Sum: 0,1]
      [GC Worker Total (ms): Min: 7,5, Avg: 7,7, Max: 7,8, Diff: 0,2, Sum: 30,7]
      [GC Worker End (ms): Min: 7382755,3, Avg: 7382755,3, Max: 7382755,3, Diff: 0,0]
   [Code Root Fixup: 0,0 ms]
   [Code Root Purge: 0,0 ms]
   [Clear CT: 0,6 ms]
   [Other: 4,9 ms]
      [Choose CSet: 0,0 ms]
      [Ref Proc: 2,5 ms]
      [Ref Enq: 0,0 ms]
      [Redirty Cards: 0,6 ms]
      [Humongous Register: 0,1 ms]
      [Humongous Reclaim: 0,0 ms]
      [Free CSet: 0,1 ms]
   [Eden: 49152,0K(49152,0K)->0,0B(48128,0K) Survivors: 3072,0K->4096,0K Heap: 205,6M(1024,0M)->158,2M(1024,0M)]
 [Times: user=0,03 sys=0,00, real=0,01 secs] 
2023-05-30T15:04:42.944+0200: 7424,218: [GC pause (G1 Evacuation Pause) (young), 0,0110053 secs]
   [Parallel Time: 8,0 ms, GC Workers: 4]
      [GC Worker Start (ms): Min: 7424218,6, Avg: 7424218,9, Max: 7424219,5, Diff: 1,0]
      [Ext Root Scanning (ms): Min: 0,3, Avg: 0,9, Max: 1,3, Diff: 1,0, Sum: 3,8]
      [Update RS (ms): Min: 0,9, Avg: 1,0, Max: 1,0, Diff: 0,1, Sum: 3,9]
         [Processed Buffers: Min: 2, Avg: 8,8, Max: 18, Diff: 16, Sum: 35]
      [Scan RS (ms): Min: 0,0, Avg: 0,0, Max: 0,0, Diff: 0,0, Sum: 0,1]
      [Code Root Scanning (ms): Min: 0,0, Avg: 0,0, Max: 0,0, Diff: 0,0, Sum: 0,0]
      [Object Copy (ms): Min: 5,4, Avg: 5,5, Max: 5,6, Diff: 0,2, Sum: 21,9]
      [Termination (ms): Min: 0,0, Avg: 0,0, Max: 0,0, Diff: 0,0, Sum: 0,0]
         [Termination Attempts: Min: 1, Avg: 1,0, Max: 1, Diff: 0, Sum: 4]
      [GC Worker Other (ms): Min: 0,0, Avg: 0,0, Max: 0,0, Diff: 0,0, Sum: 0,1]
      [GC Worker Total (ms): Min: 6,8, Avg: 7,4, Max: 7,7, Diff: 1,0, Sum: 29,8]
      [GC Worker End (ms): Min: 7424226,3, Avg: 7424226,3, Max: 7424226,3, Diff: 0,0]
   [Code Root Fixup: 0,0 ms]
   [Code Root Purge: 0,0 ms]
   [Clear CT: 0,6 ms]
   [Other: 2,4 ms]
      [Choose CSet: 0,0 ms]
      [Ref Proc: 1,2 ms]
      [Ref Enq: 0,0 ms]
      [Redirty Cards: 0,6 ms]
      [Humongous Register: 0,1 ms]
      [Humongous Reclaim: 0,0 ms]
      [Free CSet: 0,1 ms]
   [Eden: 48128,0K(48128,0K)->0,0B(63488,0K) Survivors: 4096,0K->4096,0K Heap: 205,2M(1024,0M)->158,7M(1024,0M)]
 [Times: user=0,02 sys=0,01, real=0,01 secs] 
2023-05-30T15:05:37.213+0200: 7478,487: [GC pause (G1 Evacuation Pause) (young), 0,0114003 secs]
   [Parallel Time: 8,7 ms, GC Workers: 4]
      [GC Worker Start (ms): Min: 7478487,3, Avg: 7478487,5, Max: 7478487,6, Diff: 0,3]
      [Ext Root Scanning (ms): Min: 0,7, Avg: 1,0, Max: 1,2, Diff: 0,4, Sum: 3,9]
      [Update RS (ms): Min: 0,2, Avg: 1,0, Max: 1,4, Diff: 1,2, Sum: 4,1]
         [Processed Buffers: Min: 3, Avg: 9,2, Max: 16, Diff: 13, Sum: 37]
      [Scan RS (ms): Min: 0,0, Avg: 0,0, Max: 0,1, Diff: 0,0, Sum: 0,1]
      [Code Root Scanning (ms): Min: 0,0, Avg: 0,0, Max: 0,0, Diff: 0,0, Sum: 0,0]
      [Object Copy (ms): Min: 5,9, Avg: 6,3, Max: 7,2, Diff: 1,3, Sum: 25,2]
      [Termination (ms): Min: 0,0, Avg: 0,0, Max: 0,0, Diff: 0,0, Sum: 0,0]
         [Termination Attempts: Min: 1, Avg: 1,5, Max: 2, Diff: 1, Sum: 6]
      [GC Worker Other (ms): Min: 0,0, Avg: 0,0, Max: 0,0, Diff: 0,0, Sum: 0,1]
      [GC Worker Total (ms): Min: 8,2, Avg: 8,4, Max: 8,5, Diff: 0,3, Sum: 33,4]
      [GC Worker End (ms): Min: 7478495,8, Avg: 7478495,8, Max: 7478495,8, Diff: 0,0]
   [Code Root Fixup: 0,0 ms]
   [Code Root Purge: 0,0 ms]
   [Clear CT: 0,6 ms]
   [Other: 2,1 ms]
      [Choose CSet: 0,0 ms]
      [Ref Proc: 0,8 ms]
      [Ref Enq: 0,0 ms]
      [Redirty Cards: 0,8 ms]
      [Humongous Register: 0,1 ms]
      [Humongous Reclaim: 0,0 ms]
      [Free CSet: 0,1 ms]
   [Eden: 63488,0K(63488,0K)->0,0B(217,0M) Survivors: 4096,0K->3072,0K Heap: 220,7M(1024,0M)->157,8M(1024,0M)]
 [Times: user=0,02 sys=0,01, real=0,01 secs] 
2023-05-30T15:08:48.861+0200: 7670,135: [GC pause (G1 Evacuation Pause) (young), 0,0132166 secs]
   [Parallel Time: 10,2 ms, GC Workers: 4]
      [GC Worker Start (ms): Min: 7670135,4, Avg: 7670135,5, Max: 7670135,6, Diff: 0,2]
      [Ext Root Scanning (ms): Min: 0,8, Avg: 1,0, Max: 1,2, Diff: 0,3, Sum: 3,9]
      [Update RS (ms): Min: 1,0, Avg: 1,1, Max: 1,1, Diff: 0,1, Sum: 4,2]
         [Processed Buffers: Min: 2, Avg: 9,8, Max: 22, Diff: 20, Sum: 39]
      [Scan RS (ms): Min: 0,0, Avg: 0,1, Max: 0,1, Diff: 0,1, Sum: 0,3]
      [Code Root Scanning (ms): Min: 0,0, Avg: 0,0, Max: 0,0, Diff: 0,0, Sum: 0,0]
      [Object Copy (ms): Min: 7,7, Avg: 7,8, Max: 7,8, Diff: 0,1, Sum: 31,1]
      [Termination (ms): Min: 0,0, Avg: 0,0, Max: 0,0, Diff: 0,0, Sum: 0,0]
         [Termination Attempts: Min: 1, Avg: 1,0, Max: 1, Diff: 0, Sum: 4]
      [GC Worker Other (ms): Min: 0,0, Avg: 0,0, Max: 0,0, Diff: 0,0, Sum: 0,2]
      [GC Worker Total (ms): Min: 9,8, Avg: 9,9, Max: 10,0, Diff: 0,2, Sum: 39,7]
      [GC Worker End (ms): Min: 7670145,4, Avg: 7670145,4, Max: 7670145,4, Diff: 0,0]
   [Code Root Fixup: 0,0 ms]
   [Code Root Purge: 0,0 ms]
   [Clear CT: 0,6 ms]
   [Other: 2,3 ms]
      [Choose CSet: 0,0 ms]
      [Ref Proc: 0,9 ms]
      [Ref Enq: 0,0 ms]
      [Redirty Cards: 0,8 ms]
      [Humongous Register: 0,1 ms]
      [Humongous Reclaim: 0,0 ms]
      [Free CSet: 0,2 ms]
   [Eden: 217,0M(217,0M)->0,0B(360,0M) Survivors: 3072,0K->3072,0K Heap: 374,8M(1024,0M)->157,8M(1024,0M)]
 [Times: user=0,03 sys=0,02, real=0,01 secs] 
2023-05-30T15:14:06.821+0200: 7988,095: [GC pause (G1 Evacuation Pause) (young), 0,0444072 secs]
   [Parallel Time: 40,6 ms, GC Workers: 4]
      [GC Worker Start (ms): Min: 7988095,7, Avg: 7988095,8, Max: 7988095,9, Diff: 0,2]
      [Ext Root Scanning (ms): Min: 0,4, Avg: 0,9, Max: 1,2, Diff: 0,8, Sum: 3,6]
      [Update RS (ms): Min: 1,0, Avg: 1,3, Max: 1,6, Diff: 0,6, Sum: 5,3]
         [Processed Buffers: Min: 2, Avg: 11,2, Max: 19, Diff: 17, Sum: 45]
      [Scan RS (ms): Min: 0,1, Avg: 0,1, Max: 0,2, Diff: 0,1, Sum: 0,6]
      [Code Root Scanning (ms): Min: 0,0, Avg: 0,0, Max: 0,1, Diff: 0,1, Sum: 0,1]
      [Object Copy (ms): Min: 36,7, Avg: 37,5, Max: 38,4, Diff: 1,6, Sum: 150,1]
      [Termination (ms): Min: 0,0, Avg: 0,3, Max: 0,6, Diff: 0,6, Sum: 1,2]
         [Termination Attempts: Min: 1, Avg: 1,2, Max: 2, Diff: 1, Sum: 5]
      [GC Worker Other (ms): Min: 0,0, Avg: 0,0, Max: 0,1, Diff: 0,0, Sum: 0,2]
      [GC Worker Total (ms): Min: 40,1, Avg: 40,3, Max: 40,4, Diff: 0,2, Sum: 161,0]
      [GC Worker End (ms): Min: 7988136,0, Avg: 7988136,0, Max: 7988136,0, Diff: 0,0]
   [Code Root Fixup: 0,0 ms]
   [Code Root Purge: 0,0 ms]
   [Clear CT: 0,6 ms]
   [Other: 3,2 ms]
      [Choose CSet: 0,0 ms]
      [Ref Proc: 1,5 ms]
      [Ref Enq: 0,0 ms]
      [Redirty Cards: 0,5 ms]
      [Humongous Register: 0,1 ms]
      [Humongous Reclaim: 0,0 ms]
      [Free CSet: 0,8 ms]
   [Eden: 360,0M(360,0M)->0,0B(51200,0K) Survivors: 3072,0K->4096,0K Heap: 517,8M(1024,0M)->158,6M(1024,0M)]
 [Times: user=0,04 sys=0,01, real=0,04 secs] 
2023-05-30T15:14:50.881+0200: 8032,155: [GC pause (G1 Evacuation Pause) (young), 0,0160784 secs]
   [Parallel Time: 11,6 ms, GC Workers: 4]
      [GC Worker Start (ms): Min: 8032155,2, Avg: 8032156,1, Max: 8032158,6, Diff: 3,4]
      [Ext Root Scanning (ms): Min: 0,0, Avg: 0,9, Max: 1,4, Diff: 1,4, Sum: 3,7]
      [Update RS (ms): Min: 0,0, Avg: 1,2, Max: 1,6, Diff: 1,6, Sum: 4,7]
         [Processed Buffers: Min: 0, Avg: 9,2, Max: 21, Diff: 21, Sum: 37]
      [Scan RS (ms): Min: 0,0, Avg: 0,0, Max: 0,0, Diff: 0,0, Sum: 0,1]
      [Code Root Scanning (ms): Min: 0,0, Avg: 0,0, Max: 0,0, Diff: 0,0, Sum: 0,0]
      [Object Copy (ms): Min: 5,7, Avg: 6,6, Max: 8,5, Diff: 2,9, Sum: 26,4]
      [Termination (ms): Min: 0,0, Avg: 1,8, Max: 2,3, Diff: 2,3, Sum: 7,0]
         [Termination Attempts: Min: 1, Avg: 1,5, Max: 2, Diff: 1, Sum: 6]
      [GC Worker Other (ms): Min: 0,0, Avg: 0,0, Max: 0,0, Diff: 0,0, Sum: 0,1]
      [GC Worker Total (ms): Min: 8,0, Avg: 10,5, Max: 11,4, Diff: 3,4, Sum: 42,0]
      [GC Worker End (ms): Min: 8032166,6, Avg: 8032166,6, Max: 8032166,6, Diff: 0,0]
   [Code Root Fixup: 0,0 ms]
   [Code Root Purge: 0,0 ms]
   [Clear CT: 0,6 ms]
   [Other: 3,9 ms]
      [Choose CSet: 0,0 ms]
      [Ref Proc: 0,7 ms]
      [Ref Enq: 0,0 ms]
      [Redirty Cards: 2,6 ms]
      [Humongous Register: 0,1 ms]
      [Humongous Reclaim: 0,0 ms]
      [Free CSet: 0,1 ms]
   [Eden: 51200,0K(51200,0K)->0,0B(134,0M) Survivors: 4096,0K->3072,0K Heap: 208,6M(1024,0M)->158,1M(1024,0M)]
 [Times: user=0,03 sys=0,00, real=0,02 secs] 
2023-05-30T15:16:48.859+0200: 8150,133: [GC pause (G1 Evacuation Pause) (young), 0,0117489 secs]
   [Parallel Time: 8,2 ms, GC Workers: 4]
      [GC Worker Start (ms): Min: 8150133,6, Avg: 8150133,9, Max: 8150134,7, Diff: 1,1]
      [Ext Root Scanning (ms): Min: 0,3, Avg: 1,0, Max: 1,4, Diff: 1,1, Sum: 4,1]
      [Update RS (ms): Min: 0,9, Avg: 1,0, Max: 1,1, Diff: 0,2, Sum: 4,1]
         [Processed Buffers: Min: 2, Avg: 10,2, Max: 27, Diff: 25, Sum: 41]
      [Scan RS (ms): Min: 0,0, Avg: 0,0, Max: 0,1, Diff: 0,1, Sum: 0,2]
      [Code Root Scanning (ms): Min: 0,0, Avg: 0,0, Max: 0,0, Diff: 0,0, Sum: 0,0]
      [Object Copy (ms): Min: 5,3, Avg: 5,4, Max: 5,4, Diff: 0,1, Sum: 21,6]
      [Termination (ms): Min: 0,0, Avg: 0,1, Max: 0,1, Diff: 0,1, Sum: 0,3]
         [Termination Attempts: Min: 1, Avg: 130,5, Max: 178, Diff: 177, Sum: 522]
      [GC Worker Other (ms): Min: 0,0, Avg: 0,0, Max: 0,0, Diff: 0,0, Sum: 0,2]
      [GC Worker Total (ms): Min: 6,9, Avg: 7,6, Max: 7,9, Diff: 1,1, Sum: 30,4]
      [GC Worker End (ms): Min: 8150141,5, Avg: 8150141,5, Max: 8150141,5, Diff: 0,0]
   [Code Root Fixup: 0,0 ms]
   [Code Root Purge: 0,0 ms]
   [Clear CT: 0,8 ms]
   [Other: 2,8 ms]
      [Choose CSet: 0,0 ms]
      [Ref Proc: 0,9 ms]
      [Ref Enq: 0,0 ms]
      [Redirty Cards: 0,7 ms]
      [Humongous Register: 0,1 ms]
      [Humongous Reclaim: 0,0 ms]
      [Free CSet: 0,1 ms]
   [Eden: 134,0M(134,0M)->0,0B(264,0M) Survivors: 3072,0K->4096,0K Heap: 292,1M(1024,0M)->159,0M(1024,0M)]
 [Times: user=0,03 sys=0,00, real=0,01 secs] 
2023-05-30T15:20:41.836+0200: 8383,110: [GC pause (G1 Evacuation Pause) (young), 0,0105842 secs]
   [Parallel Time: 7,2 ms, GC Workers: 4]
      [GC Worker Start (ms): Min: 8383110,5, Avg: 8383110,6, Max: 8383110,8, Diff: 0,3]
      [Ext Root Scanning (ms): Min: 0,9, Avg: 1,1, Max: 1,5, Diff: 0,6, Sum: 4,6]
      [Update RS (ms): Min: 0,9, Avg: 1,1, Max: 1,3, Diff: 0,4, Sum: 4,3]
         [Processed Buffers: Min: 2, Avg: 10,5, Max: 21, Diff: 19, Sum: 42]
      [Scan RS (ms): Min: 0,0, Avg: 0,1, Max: 0,1, Diff: 0,1, Sum: 0,4]
      [Code Root Scanning (ms): Min: 0,0, Avg: 0,0, Max: 0,0, Diff: 0,0, Sum: 0,1]
      [Object Copy (ms): Min: 4,1, Avg: 4,1, Max: 4,2, Diff: 0,1, Sum: 16,4]
      [Termination (ms): Min: 0,0, Avg: 0,0, Max: 0,0, Diff: 0,0, Sum: 0,0]
         [Termination Attempts: Min: 1, Avg: 1,0, Max: 1, Diff: 0, Sum: 4]
      [GC Worker Other (ms): Min: 0,0, Avg: 0,1, Max: 0,1, Diff: 0,1, Sum: 0,4]
      [GC Worker Total (ms): Min: 6,4, Avg: 6,6, Max: 6,7, Diff: 0,3, Sum: 26,2]
      [GC Worker End (ms): Min: 8383117,1, Avg: 8383117,2, Max: 8383117,3, Diff: 0,1]
   [Code Root Fixup: 0,0 ms]
   [Code Root Purge: 0,0 ms]
   [Clear CT: 0,6 ms]
   [Other: 2,7 ms]
      [Choose CSet: 0,0 ms]
      [Ref Proc: 1,3 ms]
      [Ref Enq: 0,0 ms]
      [Redirty Cards: 0,8 ms]
      [Humongous Register: 0,1 ms]
      [Humongous Reclaim: 0,0 ms]
      [Free CSet: 0,2 ms]
   [Eden: 264,0M(264,0M)->0,0B(557,0M) Survivors: 4096,0K->3072,0K Heap: 423,0M(1024,0M)->157,6M(1024,0M)]
 [Times: user=0,02 sys=0,01, real=0,01 secs] 
2023-05-30T15:28:56.804+0200: 8878,078: [GC pause (G1 Evacuation Pause) (young), 0,0402838 secs]
   [Parallel Time: 11,0 ms, GC Workers: 4]
      [GC Worker Start (ms): Min: 8878078,9, Avg: 8878079,1, Max: 8878079,3, Diff: 0,4]
      [Ext Root Scanning (ms): Min: 0,4, Avg: 1,1, Max: 1,9, Diff: 1,5, Sum: 4,3]
      [Update RS (ms): Min: 0,0, Avg: 1,1, Max: 1,6, Diff: 1,6, Sum: 4,4]
         [Processed Buffers: Min: 0, Avg: 10,5, Max: 16, Diff: 16, Sum: 42]
      [Scan RS (ms): Min: 0,1, Avg: 0,2, Max: 0,3, Diff: 0,2, Sum: 0,8]
      [Code Root Scanning (ms): Min: 0,0, Avg: 0,0, Max: 0,0, Diff: 0,0, Sum: 0,1]
      [Object Copy (ms): Min: 6,7, Avg: 7,6, Max: 9,2, Diff: 2,5, Sum: 30,4]
      [Termination (ms): Min: 0,0, Avg: 0,0, Max: 0,0, Diff: 0,0, Sum: 0,0]
         [Termination Attempts: Min: 1, Avg: 1,0, Max: 1, Diff: 0, Sum: 4]
      [GC Worker Other (ms): Min: 0,0, Avg: 0,3, Max: 1,0, Diff: 1,0, Sum: 1,3]
      [GC Worker Total (ms): Min: 10,2, Avg: 10,3, Max: 10,5, Diff: 0,4, Sum: 41,3]
      [GC Worker End (ms): Min: 8878089,4, Avg: 8878089,4, Max: 8878089,5, Diff: 0,1]
   [Code Root Fixup: 0,0 ms]
   [Code Root Purge: 0,0 ms]
   [Clear CT: 0,6 ms]
   [Other: 28,7 ms]
      [Choose CSet: 0,0 ms]
      [Ref Proc: 1,0 ms]
      [Ref Enq: 0,0 ms]
      [Redirty Cards: 0,8 ms]
      [Humongous Register: 0,1 ms]
      [Humongous Reclaim: 0,0 ms]
      [Free CSet: 25,8 ms]
   [Eden: 557,0M(557,0M)->0,0B(221,0M) Survivors: 3072,0K->4096,0K Heap: 714,6M(1024,0M)->159,1M(1024,0M)]
 [Times: user=0,04 sys=0,00, real=0,04 secs] 
2023-05-30T15:32:11.757+0200: 9073,031: [GC pause (G1 Evacuation Pause) (young), 0,0125105 secs]
   [Parallel Time: 9,5 ms, GC Workers: 4]
      [GC Worker Start (ms): Min: 9073031,0, Avg: 9073031,2, Max: 9073031,3, Diff: 0,3]
      [Ext Root Scanning (ms): Min: 0,8, Avg: 1,0, Max: 1,3, Diff: 0,5, Sum: 4,0]
      [Update RS (ms): Min: 0,9, Avg: 1,1, Max: 1,2, Diff: 0,3, Sum: 4,4]
         [Processed Buffers: Min: 9, Avg: 10,2, Max: 12, Diff: 3, Sum: 41]
      [Scan RS (ms): Min: 0,0, Avg: 0,1, Max: 0,1, Diff: 0,1, Sum: 0,3]
      [Code Root Scanning (ms): Min: 0,0, Avg: 0,0, Max: 0,0, Diff: 0,0, Sum: 0,0]
      [Object Copy (ms): Min: 5,2, Avg: 5,4, Max: 5,9, Diff: 0,7, Sum: 21,7]
      [Termination (ms): Min: 0,0, Avg: 0,8, Max: 1,6, Diff: 1,6, Sum: 3,2]
         [Termination Attempts: Min: 1, Avg: 1,0, Max: 1, Diff: 0, Sum: 4]
      [GC Worker Other (ms): Min: 0,0, Avg: 0,0, Max: 0,0, Diff: 0,0, Sum: 0,1]
      [GC Worker Total (ms): Min: 8,3, Avg: 8,4, Max: 8,9, Diff: 0,6, Sum: 33,8]
      [GC Worker End (ms): Min: 9073039,4, Avg: 9073039,6, Max: 9073040,2, Diff: 0,8]
   [Code Root Fixup: 0,0 ms]
   [Code Root Purge: 0,0 ms]
   [Clear CT: 0,5 ms]
   [Other: 2,6 ms]
      [Choose CSet: 0,0 ms]
      [Ref Proc: 0,8 ms]
      [Ref Enq: 0,0 ms]
      [Redirty Cards: 0,4 ms]
      [Humongous Register: 0,1 ms]
      [Humongous Reclaim: 0,0 ms]
      [Free CSet: 0,9 ms]
   [Eden: 221,0M(221,0M)->0,0B(333,0M) Survivors: 4096,0K->3072,0K Heap: 380,1M(1024,0M)->157,7M(1024,0M)]
 [Times: user=0,03 sys=0,00, real=0,01 secs] 
2023-05-30T15:37:06.255+0200: 9367,529: [GC pause (G1 Evacuation Pause) (young), 0,0123446 secs]
   [Parallel Time: 8,9 ms, GC Workers: 4]
      [GC Worker Start (ms): Min: 9367529,4, Avg: 9367529,5, Max: 9367529,7, Diff: 0,3]
      [Ext Root Scanning (ms): Min: 1,0, Avg: 1,2, Max: 1,5, Diff: 0,5, Sum: 4,7]
      [Update RS (ms): Min: 1,2, Avg: 1,3, Max: 1,4, Diff: 0,2, Sum: 5,1]
         [Processed Buffers: Min: 2, Avg: 10,2, Max: 20, Diff: 18, Sum: 41]
      [Scan RS (ms): Min: 0,1, Avg: 0,1, Max: 0,2, Diff: 0,1, Sum: 0,5]
      [Code Root Scanning (ms): Min: 0,0, Avg: 0,0, Max: 0,0, Diff: 0,0, Sum: 0,1]
      [Object Copy (ms): Min: 5,6, Avg: 5,7, Max: 5,8, Diff: 0,1, Sum: 22,9]
      [Termination (ms): Min: 0,0, Avg: 0,0, Max: 0,0, Diff: 0,0, Sum: 0,0]
         [Termination Attempts: Min: 1, Avg: 1,0, Max: 1, Diff: 0, Sum: 4]
      [GC Worker Other (ms): Min: 0,0, Avg: 0,1, Max: 0,1, Diff: 0,1, Sum: 0,2]
      [GC Worker Total (ms): Min: 8,2, Avg: 8,4, Max: 8,5, Diff: 0,3, Sum: 33,5]
      [GC Worker End (ms): Min: 9367537,9, Avg: 9367537,9, Max: 9367537,9, Diff: 0,1]
   [Code Root Fixup: 0,0 ms]
   [Code Root Purge: 0,0 ms]
   [Clear CT: 0,6 ms]
   [Other: 2,8 ms]
      [Choose CSet: 0,0 ms]
      [Ref Proc: 0,8 ms]
      [Ref Enq: 0,0 ms]
      [Redirty Cards: 0,7 ms]
      [Humongous Register: 0,1 ms]
      [Humongous Reclaim: 0,0 ms]
      [Free CSet: 0,2 ms]
   [Eden: 333,0M(333,0M)->0,0B(449,0M) Survivors: 3072,0K->4096,0K Heap: 490,7M(1024,0M)->159,2M(1024,0M)]
 [Times: user=0,03 sys=0,00, real=0,01 secs] 
2023-05-30T15:43:42.778+0200: 9764,052: [GC pause (G1 Evacuation Pause) (young), 0,0147055 secs]
   [Parallel Time: 9,3 ms, GC Workers: 4]
      [GC Worker Start (ms): Min: 9764052,2, Avg: 9764052,5, Max: 9764052,8, Diff: 0,6]
      [Ext Root Scanning (ms): Min: 0,7, Avg: 1,0, Max: 1,3, Diff: 0,6, Sum: 3,9]
      [Update RS (ms): Min: 1,1, Avg: 1,2, Max: 1,3, Diff: 0,1, Sum: 4,8]
         [Processed Buffers: Min: 2, Avg: 9,8, Max: 23, Diff: 21, Sum: 39]
      [Scan RS (ms): Min: 0,1, Avg: 0,2, Max: 0,2, Diff: 0,1, Sum: 0,6]
      [Code Root Scanning (ms): Min: 0,0, Avg: 0,0, Max: 0,0, Diff: 0,0, Sum: 0,1]
      [Object Copy (ms): Min: 6,3, Avg: 6,4, Max: 6,5, Diff: 0,2, Sum: 25,6]
      [Termination (ms): Min: 0,0, Avg: 0,1, Max: 0,1, Diff: 0,1, Sum: 0,3]
         [Termination Attempts: Min: 1, Avg: 1,2, Max: 2, Diff: 1, Sum: 5]
      [GC Worker Other (ms): Min: 0,0, Avg: 0,0, Max: 0,0, Diff: 0,0, Sum: 0,1]
      [GC Worker Total (ms): Min: 8,6, Avg: 8,9, Max: 9,2, Diff: 0,6, Sum: 35,5]
      [GC Worker End (ms): Min: 9764061,4, Avg: 9764061,4, Max: 9764061,4, Diff: 0,0]
   [Code Root Fixup: 0,0 ms]
   [Code Root Purge: 0,0 ms]
   [Clear CT: 0,8 ms]
   [Other: 4,6 ms]
      [Choose CSet: 0,0 ms]
      [Ref Proc: 1,7 ms]
      [Ref Enq: 0,0 ms]
      [Redirty Cards: 1,2 ms]
      [Humongous Register: 0,1 ms]
      [Humongous Reclaim: 0,0 ms]
      [Free CSet: 0,4 ms]
   [Eden: 449,0M(449,0M)->0,0B(567,0M) Survivors: 4096,0K->3072,0K Heap: 608,2M(1024,0M)->157,9M(1024,0M)]
 [Times: user=0,03 sys=0,00, real=0,01 secs] 
2023-05-30T15:52:04.641+0200: 10265,915: [GC pause (G1 Evacuation Pause) (young), 0,0173914 secs]
   [Parallel Time: 13,3 ms, GC Workers: 4]
      [GC Worker Start (ms): Min: 10265915,0, Avg: 10265915,1, Max: 10265915,2, Diff: 0,3]
      [Ext Root Scanning (ms): Min: 0,8, Avg: 1,9, Max: 4,7, Diff: 3,9, Sum: 7,4]
      [Update RS (ms): Min: 0,0, Avg: 1,8, Max: 3,6, Diff: 3,6, Sum: 7,0]
         [Processed Buffers: Min: 0, Avg: 10,8, Max: 26, Diff: 26, Sum: 43]
      [Scan RS (ms): Min: 0,1, Avg: 0,2, Max: 0,4, Diff: 0,3, Sum: 0,8]
      [Code Root Scanning (ms): Min: 0,0, Avg: 0,0, Max: 0,1, Diff: 0,1, Sum: 0,1]
      [Object Copy (ms): Min: 8,1, Avg: 8,9, Max: 9,6, Diff: 1,5, Sum: 35,5]
      [Termination (ms): Min: 0,0, Avg: 0,0, Max: 0,0, Diff: 0,0, Sum: 0,0]
         [Termination Attempts: Min: 1, Avg: 1,8, Max: 2, Diff: 1, Sum: 7]
      [GC Worker Other (ms): Min: 0,0, Avg: 0,1, Max: 0,2, Diff: 0,2, Sum: 0,4]
      [GC Worker Total (ms): Min: 12,7, Avg: 12,9, Max: 13,0, Diff: 0,3, Sum: 51,4]
      [GC Worker End (ms): Min: 10265927,9, Avg: 10265928,0, Max: 10265928,1, Diff: 0,2]
   [Code Root Fixup: 0,0 ms]
   [Code Root Purge: 0,0 ms]
   [Clear CT: 0,3 ms]
   [Other: 3,8 ms]
      [Choose CSet: 0,0 ms]
      [Ref Proc: 0,9 ms]
      [Ref Enq: 0,0 ms]
      [Redirty Cards: 0,8 ms]
      [Humongous Register: 0,1 ms]
      [Humongous Reclaim: 0,0 ms]
      [Free CSet: 1,8 ms]
   [Eden: 567,0M(567,0M)->0,0B(612,0M) Survivors: 3072,0K->2048,0K Heap: 724,9M(1024,0M)->158,1M(1024,0M)]
 [Times: user=0,03 sys=0,00, real=0,02 secs] 
2023-05-30T16:01:06.766+0200: 10808,040: [GC pause (G1 Evacuation Pause) (young), 0,0178785 secs]
   [Parallel Time: 6,4 ms, GC Workers: 4]
      [GC Worker Start (ms): Min: 10808040,8, Avg: 10808041,0, Max: 10808041,1, Diff: 0,3]
      [Ext Root Scanning (ms): Min: 0,0, Avg: 1,0, Max: 1,6, Diff: 1,6, Sum: 4,0]
      [Update RS (ms): Min: 0,8, Avg: 1,0, Max: 1,2, Diff: 0,4, Sum: 4,2]
         [Processed Buffers: Min: 3, Avg: 9,8, Max: 15, Diff: 12, Sum: 39]
      [Scan RS (ms): Min: 0,1, Avg: 0,2, Max: 0,3, Diff: 0,2, Sum: 0,9]
      [Code Root Scanning (ms): Min: 0,0, Avg: 0,0, Max: 0,1, Diff: 0,1, Sum: 0,1]
      [Object Copy (ms): Min: 3,0, Avg: 3,1, Max: 3,2, Diff: 0,1, Sum: 12,5]
      [Termination (ms): Min: 0,0, Avg: 0,0, Max: 0,0, Diff: 0,0, Sum: 0,0]
         [Termination Attempts: Min: 1, Avg: 1,0, Max: 1, Diff: 0, Sum: 4]
      [GC Worker Other (ms): Min: 0,0, Avg: 0,4, Max: 1,5, Diff: 1,5, Sum: 1,8]
      [GC Worker Total (ms): Min: 5,7, Avg: 5,8, Max: 6,0, Diff: 0,2, Sum: 23,4]
      [GC Worker End (ms): Min: 10808046,8, Avg: 10808046,8, Max: 10808046,9, Diff: 0,1]
   [Code Root Fixup: 0,0 ms]
   [Code Root Purge: 0,0 ms]
   [Clear CT: 0,3 ms]
   [Other: 11,2 ms]
      [Choose CSet: 0,0 ms]
      [Ref Proc: 0,7 ms]
      [Ref Enq: 0,0 ms]
      [Redirty Cards: 0,6 ms]
      [Humongous Register: 0,1 ms]
      [Humongous Reclaim: 0,0 ms]
      [Free CSet: 9,5 ms]
   [Eden: 612,0M(612,0M)->0,0B(612,0M) Survivors: 2048,0K->2048,0K Heap: 770,1M(1024,0M)->157,9M(1024,0M)]
 [Times: user=0,02 sys=0,00, real=0,02 secs] 
2023-05-30T16:10:07.838+0200: 11349,113: [GC pause (G1 Evacuation Pause) (young), 0,0132795 secs]
   [Parallel Time: 9,9 ms, GC Workers: 4]
      [GC Worker Start (ms): Min: 11349113,1, Avg: 11349113,2, Max: 11349113,2, Diff: 0,2]
      [Ext Root Scanning (ms): Min: 1,1, Avg: 1,5, Max: 2,3, Diff: 1,2, Sum: 5,8]
      [Update RS (ms): Min: 0,0, Avg: 0,6, Max: 0,9, Diff: 0,9, Sum: 2,4]
         [Processed Buffers: Min: 0, Avg: 10,0, Max: 20, Diff: 20, Sum: 40]
      [Scan RS (ms): Min: 0,2, Avg: 0,2, Max: 0,3, Diff: 0,1, Sum: 0,9]
      [Code Root Scanning (ms): Min: 0,0, Avg: 0,0, Max: 0,1, Diff: 0,0, Sum: 0,1]
      [Object Copy (ms): Min: 3,4, Avg: 3,5, Max: 3,6, Diff: 0,2, Sum: 14,0]
      [Termination (ms): Min: 0,0, Avg: 0,0, Max: 0,0, Diff: 0,0, Sum: 0,0]
         [Termination Attempts: Min: 1, Avg: 1,2, Max: 2, Diff: 1, Sum: 5]
      [GC Worker Other (ms): Min: 0,0, Avg: 1,0, Max: 3,7, Diff: 3,6, Sum: 3,9]
      [GC Worker Total (ms): Min: 5,8, Avg: 6,8, Max: 9,5, Diff: 3,8, Sum: 27,1]
      [GC Worker End (ms): Min: 11349119,0, Avg: 11349119,9, Max: 11349122,6, Diff: 3,6]
   [Code Root Fixup: 0,0 ms]
   [Code Root Purge: 0,0 ms]
   [Clear CT: 0,6 ms]
   [Other: 2,8 ms]
      [Choose CSet: 0,0 ms]
      [Ref Proc: 1,0 ms]
      [Ref Enq: 0,0 ms]
      [Redirty Cards: 0,7 ms]
      [Humongous Register: 0,3 ms]
      [Humongous Reclaim: 0,0 ms]
      [Free CSet: 0,5 ms]
   [Eden: 612,0M(612,0M)->0,0B(612,0M) Survivors: 2048,0K->2048,0K Heap: 769,9M(1024,0M)->158,0M(1024,0M)]
 [Times: user=0,03 sys=0,00, real=0,01 secs] 
2023-05-30T16:19:08.428+0200: 11889,702: [GC pause (G1 Evacuation Pause) (young), 0,0161835 secs]
   [Parallel Time: 12,3 ms, GC Workers: 4]
      [GC Worker Start (ms): Min: 11889702,4, Avg: 11889702,6, Max: 11889702,8, Diff: 0,3]
      [Ext Root Scanning (ms): Min: 1,2, Avg: 1,5, Max: 2,2, Diff: 1,0, Sum: 6,1]
      [Update RS (ms): Min: 0,0, Avg: 0,6, Max: 0,9, Diff: 0,9, Sum: 2,5]
         [Processed Buffers: Min: 0, Avg: 10,0, Max: 28, Diff: 28, Sum: 40]
      [Scan RS (ms): Min: 0,1, Avg: 0,3, Max: 0,3, Diff: 0,3, Sum: 1,0]
      [Code Root Scanning (ms): Min: 0,0, Avg: 0,0, Max: 0,1, Diff: 0,1, Sum: 0,1]
      [Object Copy (ms): Min: 2,5, Avg: 2,6, Max: 2,7, Diff: 0,1, Sum: 10,3]
      [Termination (ms): Min: 0,0, Avg: 0,0, Max: 0,0, Diff: 0,0, Sum: 0,0]
         [Termination Attempts: Min: 1, Avg: 1,0, Max: 1, Diff: 0, Sum: 4]
      [GC Worker Other (ms): Min: 0,0, Avg: 0,2, Max: 0,4, Diff: 0,4, Sum: 0,8]
      [GC Worker Total (ms): Min: 5,1, Avg: 5,2, Max: 5,5, Diff: 0,4, Sum: 20,8]
      [GC Worker End (ms): Min: 11889707,6, Avg: 11889707,8, Max: 11889708,0, Diff: 0,4]
   [Code Root Fixup: 0,0 ms]
   [Code Root Purge: 0,0 ms]
   [Clear CT: 0,8 ms]
   [Other: 3,1 ms]
      [Choose CSet: 0,0 ms]
      [Ref Proc: 1,4 ms]
      [Ref Enq: 0,0 ms]
      [Redirty Cards: 0,8 ms]
      [Humongous Register: 0,1 ms]
      [Humongous Reclaim: 0,0 ms]
      [Free CSet: 0,6 ms]
   [Eden: 612,0M(612,0M)->0,0B(611,0M) Survivors: 2048,0K->3072,0K Heap: 770,0M(1024,0M)->158,5M(1024,0M)]
 [Times: user=0,02 sys=0,01, real=0,02 secs] 
2023-05-30T16:28:25.888+0200: 12447,162: [GC pause (G1 Evacuation Pause) (young), 0,1829614 secs]
   [Parallel Time: 123,7 ms, GC Workers: 4]
      [GC Worker Start (ms): Min: 12447165,4, Avg: 12447165,6, Max: 12447165,8, Diff: 0,3]
      [Ext Root Scanning (ms): Min: 3,2, Avg: 34,2, Max: 123,1, Diff: 119,9, Sum: 136,8]
      [Update RS (ms): Min: 0,0, Avg: 4,1, Max: 5,5, Diff: 5,5, Sum: 16,4]
         [Processed Buffers: Min: 0, Avg: 9,2, Max: 15, Diff: 15, Sum: 37]
      [Scan RS (ms): Min: 0,1, Avg: 0,2, Max: 0,3, Diff: 0,2, Sum: 1,0]
      [Code Root Scanning (ms): Min: 0,0, Avg: 0,0, Max: 0,1, Diff: 0,1, Sum: 0,1]
      [Object Copy (ms): Min: 0,0, Avg: 18,6, Max: 26,6, Diff: 26,6, Sum: 74,5]
      [Termination (ms): Min: 0,0, Avg: 64,8, Max: 90,5, Diff: 90,4, Sum: 259,4]
         [Termination Attempts: Min: 1, Avg: 1,0, Max: 1, Diff: 0, Sum: 4]
      [GC Worker Other (ms): Min: 0,0, Avg: 1,3, Max: 3,2, Diff: 3,1, Sum: 5,2]
      [GC Worker Total (ms): Min: 123,2, Avg: 123,3, Max: 123,5, Diff: 0,3, Sum: 493,3]
      [GC Worker End (ms): Min: 12447288,9, Avg: 12447288,9, Max: 12447289,0, Diff: 0,0]
   [Code Root Fixup: 0,0 ms]
   [Code Root Purge: 0,0 ms]
   [Clear CT: 8,9 ms]
   [Other: 50,4 ms]
      [Choose CSet: 0,0 ms]
      [Ref Proc: 8,9 ms]
      [Ref Enq: 0,0 ms]
      [Redirty Cards: 0,5 ms]
      [Humongous Register: 1,5 ms]
      [Humongous Reclaim: 0,0 ms]
      [Free CSet: 37,1 ms]
   [Eden: 611,0M(611,0M)->0,0B(50176,0K) Survivors: 3072,0K->2048,0K Heap: 769,5M(1024,0M)->158,1M(1024,0M)]
 [Times: user=0,21 sys=0,06, real=0,19 secs] 
2023-05-30T16:29:10.337+0200: 12491,611: [GC pause (G1 Evacuation Pause) (young), 0,0117937 secs]
   [Parallel Time: 9,5 ms, GC Workers: 4]
      [GC Worker Start (ms): Min: 12491611,1, Avg: 12491611,3, Max: 12491611,7, Diff: 0,6]
      [Ext Root Scanning (ms): Min: 1,5, Avg: 1,9, Max: 3,0, Diff: 1,5, Sum: 7,8]
      [Update RS (ms): Min: 0,0, Avg: 0,4, Max: 0,5, Diff: 0,5, Sum: 1,4]
         [Processed Buffers: Min: 0, Avg: 7,8, Max: 14, Diff: 14, Sum: 31]
      [Scan RS (ms): Min: 0,0, Avg: 0,0, Max: 0,0, Diff: 0,0, Sum: 0,1]
      [Code Root Scanning (ms): Min: 0,0, Avg: 0,0, Max: 0,0, Diff: 0,0, Sum: 0,0]
      [Object Copy (ms): Min: 6,0, Avg: 6,6, Max: 7,0, Diff: 1,1, Sum: 26,3]
      [Termination (ms): Min: 0,0, Avg: 0,2, Max: 0,3, Diff: 0,3, Sum: 0,7]
         [Termination Attempts: Min: 1, Avg: 1,0, Max: 1, Diff: 0, Sum: 4]
      [GC Worker Other (ms): Min: 0,0, Avg: 0,0, Max: 0,0, Diff: 0,0, Sum: 0,1]
      [GC Worker Total (ms): Min: 8,7, Avg: 9,1, Max: 9,3, Diff: 0,6, Sum: 36,4]
      [GC Worker End (ms): Min: 12491620,4, Avg: 12491620,4, Max: 12491620,5, Diff: 0,0]
   [Code Root Fixup: 0,0 ms]
   [Code Root Purge: 0,0 ms]
   [Clear CT: 0,4 ms]
   [Other: 1,9 ms]
      [Choose CSet: 0,0 ms]
      [Ref Proc: 0,8 ms]
      [Ref Enq: 0,0 ms]
      [Redirty Cards: 0,5 ms]
      [Humongous Register: 0,1 ms]
      [Humongous Reclaim: 0,0 ms]
      [Free CSet: 0,1 ms]
   [Eden: 50176,0K(50176,0K)->0,0B(50176,0K) Survivors: 2048,0K->2048,0K Heap: 207,1M(1024,0M)->158,2M(1024,0M)]
 [Times: user=0,02 sys=0,01, real=0,01 secs] 
2023-05-30T16:29:53.760+0200: 12535,034: [GC pause (G1 Evacuation Pause) (young), 0,0095777 secs]
   [Parallel Time: 7,0 ms, GC Workers: 4]
      [GC Worker Start (ms): Min: 12535034,1, Avg: 12535034,4, Max: 12535034,7, Diff: 0,6]
      [Ext Root Scanning (ms): Min: 0,2, Avg: 1,1, Max: 1,5, Diff: 1,3, Sum: 4,6]
      [Update RS (ms): Min: 0,1, Avg: 0,4, Max: 0,7, Diff: 0,6, Sum: 1,5]
         [Processed Buffers: Min: 5, Avg: 8,2, Max: 12, Diff: 7, Sum: 33]
      [Scan RS (ms): Min: 0,0, Avg: 0,0, Max: 0,0, Diff: 0,0, Sum: 0,1]
      [Code Root Scanning (ms): Min: 0,0, Avg: 0,0, Max: 0,0, Diff: 0,0, Sum: 0,0]
      [Object Copy (ms): Min: 4,1, Avg: 4,7, Max: 5,5, Diff: 1,4, Sum: 18,7]
      [Termination (ms): Min: 0,0, Avg: 0,3, Max: 0,5, Diff: 0,5, Sum: 1,3]
         [Termination Attempts: Min: 1, Avg: 1,0, Max: 1, Diff: 0, Sum: 4]
      [GC Worker Other (ms): Min: 0,0, Avg: 0,0, Max: 0,0, Diff: 0,0, Sum: 0,1]
      [GC Worker Total (ms): Min: 6,2, Avg: 6,6, Max: 6,8, Diff: 0,6, Sum: 26,2]
      [GC Worker End (ms): Min: 12535040,9, Avg: 12535040,9, Max: 12535041,0, Diff: 0,1]
   [Code Root Fixup: 0,0 ms]
   [Code Root Purge: 0,0 ms]
   [Clear CT: 0,7 ms]
   [Other: 1,9 ms]
      [Choose CSet: 0,0 ms]
      [Ref Proc: 0,8 ms]
      [Ref Enq: 0,0 ms]
      [Redirty Cards: 0,6 ms]
      [Humongous Register: 0,1 ms]
      [Humongous Reclaim: 0,0 ms]
      [Free CSet: 0,1 ms]
   [Eden: 50176,0K(50176,0K)->0,0B(50176,0K) Survivors: 2048,0K->2048,0K Heap: 207,2M(1024,0M)->157,9M(1024,0M)]
 [Times: user=0,02 sys=0,01, real=0,01 secs] 
2023-05-30T16:30:38.607+0200: 12579,881: [GC pause (G1 Evacuation Pause) (young), 0,0150543 secs]
   [Parallel Time: 12,4 ms, GC Workers: 4]
      [GC Worker Start (ms): Min: 12579881,7, Avg: 12579881,8, Max: 12579881,9, Diff: 0,1]
      [Ext Root Scanning (ms): Min: 1,2, Avg: 3,9, Max: 11,4, Diff: 10,2, Sum: 15,8]
      [Update RS (ms): Min: 0,0, Avg: 1,2, Max: 3,7, Diff: 3,7, Sum: 4,8]
         [Processed Buffers: Min: 0, Avg: 7,8, Max: 17, Diff: 17, Sum: 31]
      [Scan RS (ms): Min: 0,0, Avg: 0,0, Max: 0,0, Diff: 0,0, Sum: 0,1]
      [Code Root Scanning (ms): Min: 0,0, Avg: 0,0, Max: 0,0, Diff: 0,0, Sum: 0,0]
      [Object Copy (ms): Min: 0,1, Avg: 6,2, Max: 10,1, Diff: 10,0, Sum: 24,7]
      [Termination (ms): Min: 0,0, Avg: 0,8, Max: 1,7, Diff: 1,7, Sum: 3,1]
         [Termination Attempts: Min: 1, Avg: 2,2, Max: 3, Diff: 2, Sum: 9]
      [GC Worker Other (ms): Min: 0,0, Avg: 0,0, Max: 0,0, Diff: 0,0, Sum: 0,1]
      [GC Worker Total (ms): Min: 12,1, Avg: 12,1, Max: 12,2, Diff: 0,1, Sum: 48,6]
      [GC Worker End (ms): Min: 12579893,9, Avg: 12579893,9, Max: 12579893,9, Diff: 0,0]
   [Code Root Fixup: 0,0 ms]
   [Code Root Purge: 0,0 ms]
   [Clear CT: 0,4 ms]
   [Other: 2,3 ms]
      [Choose CSet: 0,0 ms]
      [Ref Proc: 0,8 ms]
      [Ref Enq: 0,0 ms]
      [Redirty Cards: 0,4 ms]
      [Humongous Register: 0,5 ms]
      [Humongous Reclaim: 0,0 ms]
      [Free CSet: 0,1 ms]
   [Eden: 50176,0K(50176,0K)->0,0B(50176,0K) Survivors: 2048,0K->2048,0K Heap: 206,9M(1024,0M)->158,0M(1024,0M)]
 [Times: user=0,02 sys=0,00, real=0,02 secs] 
2023-05-30T16:31:23.246+0200: 12624,520: [GC pause (G1 Evacuation Pause) (young), 0,0104425 secs]
   [Parallel Time: 6,4 ms, GC Workers: 4]
      [GC Worker Start (ms): Min: 12624520,0, Avg: 12624520,1, Max: 12624520,2, Diff: 0,2]
      [Ext Root Scanning (ms): Min: 1,4, Avg: 1,5, Max: 1,6, Diff: 0,3, Sum: 6,2]
      [Update RS (ms): Min: 0,2, Avg: 0,5, Max: 1,2, Diff: 1,0, Sum: 2,0]
         [Processed Buffers: Min: 1, Avg: 8,8, Max: 14, Diff: 13, Sum: 35]
      [Scan RS (ms): Min: 0,0, Avg: 0,0, Max: 0,0, Diff: 0,0, Sum: 0,1]
      [Code Root Scanning (ms): Min: 0,0, Avg: 0,0, Max: 0,0, Diff: 0,0, Sum: 0,0]
      [Object Copy (ms): Min: 2,9, Avg: 3,5, Max: 3,9, Diff: 1,0, Sum: 13,9]
      [Termination (ms): Min: 0,0, Avg: 0,1, Max: 0,3, Diff: 0,3, Sum: 0,6]
         [Termination Attempts: Min: 1, Avg: 1,0, Max: 1, Diff: 0, Sum: 4]
      [GC Worker Other (ms): Min: 0,0, Avg: 0,0, Max: 0,1, Diff: 0,1, Sum: 0,1]
      [GC Worker Total (ms): Min: 5,6, Avg: 5,7, Max: 5,9, Diff: 0,3, Sum: 22,9]
      [GC Worker End (ms): Min: 12624525,8, Avg: 12624525,8, Max: 12624525,9, Diff: 0,1]
   [Code Root Fixup: 0,0 ms]
   [Code Root Purge: 0,0 ms]
   [Clear CT: 1,5 ms]
   [Other: 2,6 ms]
      [Choose CSet: 0,0 ms]
      [Ref Proc: 1,5 ms]
      [Ref Enq: 0,0 ms]
      [Redirty Cards: 0,5 ms]
      [Humongous Register: 0,1 ms]
      [Humongous Reclaim: 0,0 ms]
      [Free CSet: 0,1 ms]
   [Eden: 50176,0K(50176,0K)->0,0B(49152,0K) Survivors: 2048,0K->3072,0K Heap: 207,0M(1024,0M)->158,8M(1024,0M)]
 [Times: user=0,02 sys=0,00, real=0,01 secs] 
2023-05-30T16:32:07.451+0200: 12668,725: [GC pause (G1 Evacuation Pause) (young), 0,0083983 secs]
   [Parallel Time: 5,6 ms, GC Workers: 4]
      [GC Worker Start (ms): Min: 12668725,1, Avg: 12668725,2, Max: 12668725,4, Diff: 0,3]
      [Ext Root Scanning (ms): Min: 0,8, Avg: 1,3, Max: 2,0, Diff: 1,2, Sum: 5,3]
      [Update RS (ms): Min: 0,0, Avg: 0,4, Max: 0,6, Diff: 0,6, Sum: 1,4]
         [Processed Buffers: Min: 0, Avg: 8,5, Max: 19, Diff: 19, Sum: 34]
      [Scan RS (ms): Min: 0,0, Avg: 0,0, Max: 0,0, Diff: 0,0, Sum: 0,1]
      [Code Root Scanning (ms): Min: 0,0, Avg: 0,0, Max: 0,0, Diff: 0,0, Sum: 0,0]
      [Object Copy (ms): Min: 2,5, Avg: 2,8, Max: 3,2, Diff: 0,7, Sum: 11,4]
      [Termination (ms): Min: 0,0, Avg: 0,5, Max: 0,7, Diff: 0,7, Sum: 2,1]
         [Termination Attempts: Min: 1, Avg: 1,0, Max: 1, Diff: 0, Sum: 4]
      [GC Worker Other (ms): Min: 0,0, Avg: 0,0, Max: 0,0, Diff: 0,0, Sum: 0,1]
      [GC Worker Total (ms): Min: 5,0, Avg: 5,1, Max: 5,3, Diff: 0,3, Sum: 20,4]
      [GC Worker End (ms): Min: 12668730,3, Avg: 12668730,3, Max: 12668730,3, Diff: 0,0]
   [Code Root Fixup: 0,0 ms]
   [Code Root Purge: 0,0 ms]
   [Clear CT: 0,7 ms]
   [Other: 2,1 ms]
      [Choose CSet: 0,0 ms]
      [Ref Proc: 0,8 ms]
      [Ref Enq: 0,0 ms]
      [Redirty Cards: 0,7 ms]
      [Humongous Register: 0,1 ms]
      [Humongous Reclaim: 0,0 ms]
      [Free CSet: 0,1 ms]
   [Eden: 49152,0K(49152,0K)->0,0B(121,0M) Survivors: 3072,0K->2048,0K Heap: 206,8M(1024,0M)->157,7M(1024,0M)]
 [Times: user=0,02 sys=0,01, real=0,01 secs] 
2023-05-30T16:33:58.326+0200: 12779,600: [GC pause (G1 Evacuation Pause) (young), 0,0292246 secs]
   [Parallel Time: 24,3 ms, GC Workers: 4]
      [GC Worker Start (ms): Min: 12779600,5, Avg: 12779600,6, Max: 12779600,7, Diff: 0,2]
      [Ext Root Scanning (ms): Min: 0,8, Avg: 1,1, Max: 1,7, Diff: 0,9, Sum: 4,5]
      [Update RS (ms): Min: 0,5, Avg: 0,6, Max: 0,7, Diff: 0,3, Sum: 2,5]
         [Processed Buffers: Min: 1, Avg: 8,8, Max: 15, Diff: 14, Sum: 35]
      [Scan RS (ms): Min: 0,0, Avg: 0,0, Max: 0,1, Diff: 0,0, Sum: 0,2]
      [Code Root Scanning (ms): Min: 0,0, Avg: 0,0, Max: 0,0, Diff: 0,0, Sum: 0,0]
      [Object Copy (ms): Min: 20,4, Avg: 21,1, Max: 22,4, Diff: 2,0, Sum: 84,4]
      [Termination (ms): Min: 0,0, Avg: 1,1, Max: 1,6, Diff: 1,6, Sum: 4,5]
         [Termination Attempts: Min: 1, Avg: 1,0, Max: 1, Diff: 0, Sum: 4]
      [GC Worker Other (ms): Min: 0,0, Avg: 0,0, Max: 0,0, Diff: 0,0, Sum: 0,1]
      [GC Worker Total (ms): Min: 24,0, Avg: 24,1, Max: 24,2, Diff: 0,2, Sum: 96,2]
      [GC Worker End (ms): Min: 12779624,7, Avg: 12779624,7, Max: 12779624,7, Diff: 0,0]
   [Code Root Fixup: 0,0 ms]
   [Code Root Purge: 0,0 ms]
   [Clear CT: 0,5 ms]
   [Other: 4,4 ms]
      [Choose CSet: 0,0 ms]
      [Ref Proc: 1,4 ms]
      [Ref Enq: 0,0 ms]
      [Redirty Cards: 2,3 ms]
      [Humongous Register: 0,1 ms]
      [Humongous Reclaim: 0,0 ms]
      [Free CSet: 0,2 ms]
   [Eden: 121,0M(121,0M)->0,0B(50176,0K) Survivors: 2048,0K->2048,0K Heap: 278,7M(1024,0M)->158,0M(1024,0M)]
 [Times: user=0,02 sys=0,02, real=0,03 secs] 
2023-05-30T16:34:42.702+0200: 12823,976: [GC pause (G1 Evacuation Pause) (young), 0,0086303 secs]
   [Parallel Time: 5,9 ms, GC Workers: 4]
      [GC Worker Start (ms): Min: 12823975,9, Avg: 12823977,6, Max: 12823979,6, Diff: 3,7]
      [Ext Root Scanning (ms): Min: 0,0, Avg: 0,8, Max: 1,8, Diff: 1,7, Sum: 3,4]
      [Update RS (ms): Min: 0,0, Avg: 0,3, Max: 0,7, Diff: 0,7, Sum: 1,4]
         [Processed Buffers: Min: 0, Avg: 7,8, Max: 16, Diff: 16, Sum: 31]
      [Scan RS (ms): Min: 0,0, Avg: 0,0, Max: 0,0, Diff: 0,0, Sum: 0,1]
      [Code Root Scanning (ms): Min: 0,0, Avg: 0,0, Max: 0,1, Diff: 0,1, Sum: 0,1]
      [Object Copy (ms): Min: 1,6, Avg: 2,6, Max: 3,1, Diff: 1,5, Sum: 10,3]
      [Termination (ms): Min: 0,0, Avg: 0,2, Max: 0,3, Diff: 0,3, Sum: 0,7]
         [Termination Attempts: Min: 1, Avg: 1,0, Max: 1, Diff: 0, Sum: 4]
      [GC Worker Other (ms): Min: 0,0, Avg: 0,0, Max: 0,0, Diff: 0,0, Sum: 0,1]
      [GC Worker Total (ms): Min: 1,9, Avg: 4,0, Max: 5,6, Diff: 3,7, Sum: 15,9]
      [GC Worker End (ms): Min: 12823981,5, Avg: 12823981,5, Max: 12823981,6, Diff: 0,0]
   [Code Root Fixup: 0,0 ms]
   [Code Root Purge: 0,0 ms]
   [Clear CT: 0,7 ms]
   [Other: 2,0 ms]
      [Choose CSet: 0,0 ms]
      [Ref Proc: 0,7 ms]
      [Ref Enq: 0,0 ms]
      [Redirty Cards: 0,9 ms]
      [Humongous Register: 0,1 ms]
      [Humongous Reclaim: 0,0 ms]
      [Free CSet: 0,1 ms]
   [Eden: 50176,0K(50176,0K)->0,0B(102,0M) Survivors: 2048,0K->3072,0K Heap: 207,0M(1024,0M)->158,5M(1024,0M)]
 [Times: user=0,02 sys=0,01, real=0,01 secs] 
2023-05-30T16:36:14.674+0200: 12915,948: [GC pause (G1 Evacuation Pause) (young), 0,0100462 secs]
   [Parallel Time: 4,6 ms, GC Workers: 4]
      [GC Worker Start (ms): Min: 12915949,0, Avg: 12915949,3, Max: 12915949,6, Diff: 0,6]
      [Ext Root Scanning (ms): Min: 0,9, Avg: 1,3, Max: 1,6, Diff: 0,7, Sum: 5,2]
      [Update RS (ms): Min: 0,4, Avg: 0,5, Max: 0,6, Diff: 0,2, Sum: 1,8]
         [Processed Buffers: Min: 1, Avg: 8,5, Max: 18, Diff: 17, Sum: 34]
      [Scan RS (ms): Min: 0,0, Avg: 0,1, Max: 0,2, Diff: 0,2, Sum: 0,3]
      [Code Root Scanning (ms): Min: 0,0, Avg: 0,0, Max: 0,0, Diff: 0,0, Sum: 0,0]
      [Object Copy (ms): Min: 2,0, Avg: 2,2, Max: 2,4, Diff: 0,3, Sum: 8,8]
      [Termination (ms): Min: 0,0, Avg: 0,0, Max: 0,0, Diff: 0,0, Sum: 0,0]
         [Termination Attempts: Min: 1, Avg: 1,0, Max: 1, Diff: 0, Sum: 4]
      [GC Worker Other (ms): Min: 0,0, Avg: 0,0, Max: 0,0, Diff: 0,0, Sum: 0,1]
      [GC Worker Total (ms): Min: 3,8, Avg: 4,1, Max: 4,4, Diff: 0,6, Sum: 16,3]
      [GC Worker End (ms): Min: 12915953,4, Avg: 12915953,4, Max: 12915953,4, Diff: 0,0]
   [Code Root Fixup: 0,0 ms]
   [Code Root Purge: 0,0 ms]
   [Clear CT: 1,2 ms]
   [Other: 4,3 ms]
      [Choose CSet: 0,0 ms]
      [Ref Proc: 2,5 ms]
      [Ref Enq: 0,0 ms]
      [Redirty Cards: 0,6 ms]
      [Humongous Register: 0,1 ms]
      [Humongous Reclaim: 0,0 ms]
      [Free CSet: 0,1 ms]
   [Eden: 102,0M(102,0M)->0,0B(228,0M) Survivors: 3072,0K->2048,0K Heap: 260,5M(1024,0M)->157,8M(1024,0M)]
 [Times: user=0,01 sys=0,01, real=0,01 secs] 
2023-05-30T16:39:44.877+0200: 13126,151: [GC pause (G1 Evacuation Pause) (young), 0,0083593 secs]
   [Parallel Time: 6,2 ms, GC Workers: 4]
      [GC Worker Start (ms): Min: 13126151,4, Avg: 13126152,0, Max: 13126153,4, Diff: 2,1]
      [Ext Root Scanning (ms): Min: 0,0, Avg: 0,9, Max: 1,5, Diff: 1,5, Sum: 3,8]
      [Update RS (ms): Min: 0,0, Avg: 1,2, Max: 3,5, Diff: 3,5, Sum: 4,6]
         [Processed Buffers: Min: 0, Avg: 9,2, Max: 20, Diff: 20, Sum: 37]
      [Scan RS (ms): Min: 0,0, Avg: 0,1, Max: 0,1, Diff: 0,1, Sum: 0,3]
      [Code Root Scanning (ms): Min: 0,0, Avg: 0,0, Max: 0,0, Diff: 0,0, Sum: 0,0]
      [Object Copy (ms): Min: 0,6, Avg: 2,9, Max: 3,7, Diff: 3,1, Sum: 11,5]
      [Termination (ms): Min: 0,0, Avg: 0,2, Max: 0,4, Diff: 0,4, Sum: 0,8]
         [Termination Attempts: Min: 1, Avg: 1,0, Max: 1, Diff: 0, Sum: 4]
      [GC Worker Other (ms): Min: 0,0, Avg: 0,0, Max: 0,1, Diff: 0,0, Sum: 0,2]
      [GC Worker Total (ms): Min: 3,8, Avg: 5,3, Max: 5,9, Diff: 2,1, Sum: 21,2]
      [GC Worker End (ms): Min: 13126157,2, Avg: 13126157,3, Max: 13126157,4, Diff: 0,1]
   [Code Root Fixup: 0,0 ms]
   [Code Root Purge: 0,0 ms]
   [Clear CT: 0,6 ms]
   [Other: 1,6 ms]
      [Choose CSet: 0,0 ms]
      [Ref Proc: 0,6 ms]
      [Ref Enq: 0,0 ms]
      [Redirty Cards: 0,3 ms]
      [Humongous Register: 0,1 ms]
      [Humongous Reclaim: 0,0 ms]
      [Free CSet: 0,3 ms]
   [Eden: 228,0M(228,0M)->0,0B(388,0M) Survivors: 2048,0K->2048,0K Heap: 385,8M(1024,0M)->158,2M(1024,0M)]
 [Times: user=0,01 sys=0,01, real=0,00 secs] 
2023-05-30T16:45:33.342+0200: 13474,616: [GC pause (G1 Evacuation Pause) (young), 0,0105342 secs]
   [Parallel Time: 7,5 ms, GC Workers: 4]
      [GC Worker Start (ms): Min: 13474616,0, Avg: 13474617,3, Max: 13474618,6, Diff: 2,6]
      [Ext Root Scanning (ms): Min: 0,0, Avg: 0,9, Max: 2,0, Diff: 1,9, Sum: 3,8]
      [Update RS (ms): Min: 0,3, Avg: 1,0, Max: 1,8, Diff: 1,5, Sum: 4,0]
         [Processed Buffers: Min: 1, Avg: 9,8, Max: 23, Diff: 22, Sum: 39]
      [Scan RS (ms): Min: 0,0, Avg: 0,1, Max: 0,2, Diff: 0,2, Sum: 0,5]
      [Code Root Scanning (ms): Min: 0,0, Avg: 0,0, Max: 0,0, Diff: 0,0, Sum: 0,1]
      [Object Copy (ms): Min: 2,0, Avg: 3,0, Max: 3,6, Diff: 1,6, Sum: 12,2]
      [Termination (ms): Min: 0,0, Avg: 0,3, Max: 0,9, Diff: 0,9, Sum: 1,4]
         [Termination Attempts: Min: 1, Avg: 1,2, Max: 2, Diff: 1, Sum: 5]
      [GC Worker Other (ms): Min: 0,0, Avg: 0,1, Max: 0,2, Diff: 0,1, Sum: 0,3]
      [GC Worker Total (ms): Min: 4,2, Avg: 5,5, Max: 7,3, Diff: 3,1, Sum: 22,2]
      [GC Worker End (ms): Min: 13474622,7, Avg: 13474622,9, Max: 13474623,3, Diff: 0,6]
   [Code Root Fixup: 0,0 ms]
   [Code Root Purge: 0,0 ms]
   [Clear CT: 0,7 ms]
   [Other: 2,2 ms]
      [Choose CSet: 0,0 ms]
      [Ref Proc: 1,0 ms]
      [Ref Enq: 0,0 ms]
      [Redirty Cards: 0,5 ms]
      [Humongous Register: 0,1 ms]
      [Humongous Reclaim: 0,0 ms]
      [Free CSet: 0,3 ms]
   [Eden: 388,0M(388,0M)->0,0B(599,0M) Survivors: 2048,0K->2048,0K Heap: 546,2M(1024,0M)->157,9M(1024,0M)]
 [Times: user=0,02 sys=0,00, real=0,01 secs] 
2023-05-30T16:54:25.815+0200: 14007,090: [GC pause (G1 Evacuation Pause) (young), 0,0229019 secs]
   [Parallel Time: 12,7 ms, GC Workers: 4]
      [GC Worker Start (ms): Min: 14007094,2, Avg: 14007094,4, Max: 14007094,6, Diff: 0,4]
      [Ext Root Scanning (ms): Min: 1,1, Avg: 2,3, Max: 4,5, Diff: 3,3, Sum: 9,2]
      [Update RS (ms): Min: 1,1, Avg: 3,2, Max: 5,1, Diff: 4,0, Sum: 12,7]
         [Processed Buffers: Min: 1, Avg: 9,2, Max: 20, Diff: 19, Sum: 37]
      [Scan RS (ms): Min: 0,1, Avg: 0,2, Max: 0,3, Diff: 0,2, Sum: 0,8]
      [Code Root Scanning (ms): Min: 0,0, Avg: 0,0, Max: 0,0, Diff: 0,0, Sum: 0,1]
      [Object Copy (ms): Min: 2,2, Avg: 2,8, Max: 3,4, Diff: 1,3, Sum: 11,3]
      [Termination (ms): Min: 0,0, Avg: 0,0, Max: 0,0, Diff: 0,0, Sum: 0,0]
         [Termination Attempts: Min: 1, Avg: 1,0, Max: 1, Diff: 0, Sum: 4]
      [GC Worker Other (ms): Min: 1,2, Avg: 1,3, Max: 1,5, Diff: 0,3, Sum: 5,2]
      [GC Worker Total (ms): Min: 9,7, Avg: 9,8, Max: 10,0, Diff: 0,3, Sum: 39,3]
      [GC Worker End (ms): Min: 14007104,2, Avg: 14007104,3, Max: 14007104,3, Diff: 0,2]
   [Code Root Fixup: 0,0 ms]
   [Code Root Purge: 0,0 ms]
   [Clear CT: 0,6 ms]
   [Other: 9,6 ms]
      [Choose CSet: 0,0 ms]
      [Ref Proc: 2,3 ms]
      [Ref Enq: 0,0 ms]
      [Redirty Cards: 0,6 ms]
      [Humongous Register: 0,3 ms]
      [Humongous Reclaim: 0,0 ms]
      [Free CSet: 2,6 ms]
   [Eden: 599,0M(599,0M)->0,0B(487,0M) Survivors: 2048,0K->2048,0K Heap: 756,9M(1024,0M)->158,3M(1024,0M)]
 [Times: user=0,02 sys=0,01, real=0,03 secs] 
2023-05-30T17:01:35.443+0200: 14436,717: [GC pause (G1 Evacuation Pause) (young), 0,0081608 secs]
   [Parallel Time: 5,6 ms, GC Workers: 4]
      [GC Worker Start (ms): Min: 14436717,4, Avg: 14436717,5, Max: 14436717,7, Diff: 0,3]
      [Ext Root Scanning (ms): Min: 1,0, Avg: 1,9, Max: 3,9, Diff: 3,0, Sum: 7,6]
      [Update RS (ms): Min: 0,0, Avg: 0,7, Max: 1,1, Diff: 1,1, Sum: 3,0]
         [Processed Buffers: Min: 0, Avg: 9,2, Max: 28, Diff: 28, Sum: 37]
      [Scan RS (ms): Min: 0,1, Avg: 0,2, Max: 0,3, Diff: 0,3, Sum: 0,7]
      [Code Root Scanning (ms): Min: 0,0, Avg: 0,0, Max: 0,1, Diff: 0,1, Sum: 0,1]
      [Object Copy (ms): Min: 0,9, Avg: 2,1, Max: 2,5, Diff: 1,7, Sum: 8,2]
      [Termination (ms): Min: 0,0, Avg: 0,0, Max: 0,0, Diff: 0,0, Sum: 0,0]
         [Termination Attempts: Min: 1, Avg: 1,2, Max: 2, Diff: 1, Sum: 5]
      [GC Worker Other (ms): Min: 0,0, Avg: 0,1, Max: 0,2, Diff: 0,1, Sum: 0,3]
      [GC Worker Total (ms): Min: 4,8, Avg: 5,0, Max: 5,2, Diff: 0,4, Sum: 19,8]
      [GC Worker End (ms): Min: 14436722,5, Avg: 14436722,5, Max: 14436722,6, Diff: 0,1]
   [Code Root Fixup: 0,0 ms]
   [Code Root Purge: 0,0 ms]
   [Clear CT: 0,3 ms]
   [Other: 2,3 ms]
      [Choose CSet: 0,0 ms]
      [Ref Proc: 0,7 ms]
      [Ref Enq: 0,0 ms]
      [Redirty Cards: 0,8 ms]
      [Humongous Register: 0,1 ms]
      [Humongous Reclaim: 0,0 ms]
      [Free CSet: 0,4 ms]
   [Eden: 487,0M(487,0M)->0,0B(612,0M) Survivors: 2048,0K->2048,0K Heap: 645,3M(1024,0M)->157,9M(1024,0M)]
 [Times: user=0,02 sys=0,00, real=0,01 secs] 
2023-05-30T17:10:37.627+0200: 14978,901: [GC pause (G1 Evacuation Pause) (young), 0,0170628 secs]
   [Parallel Time: 13,4 ms, GC Workers: 4]
      [GC Worker Start (ms): Min: 14978901,4, Avg: 14978901,5, Max: 14978901,7, Diff: 0,3]
      [Ext Root Scanning (ms): Min: 0,9, Avg: 1,0, Max: 1,2, Diff: 0,4, Sum: 4,1]
      [Update RS (ms): Min: 0,4, Avg: 0,7, Max: 1,6, Diff: 1,3, Sum: 2,9]
         [Processed Buffers: Min: 5, Avg: 9,2, Max: 17, Diff: 12, Sum: 37]
      [Scan RS (ms): Min: 0,1, Avg: 0,2, Max: 0,3, Diff: 0,2, Sum: 0,8]
      [Code Root Scanning (ms): Min: 0,0, Avg: 0,0, Max: 0,0, Diff: 0,0, Sum: 0,1]
      [Object Copy (ms): Min: 10,0, Avg: 10,8, Max: 11,1, Diff: 1,1, Sum: 43,1]
      [Termination (ms): Min: 0,0, Avg: 0,0, Max: 0,0, Diff: 0,0, Sum: 0,0]
         [Termination Attempts: Min: 1, Avg: 1,2, Max: 2, Diff: 1, Sum: 5]
      [GC Worker Other (ms): Min: 0,0, Avg: 0,1, Max: 0,2, Diff: 0,2, Sum: 0,5]
      [GC Worker Total (ms): Min: 12,8, Avg: 12,9, Max: 12,9, Diff: 0,1, Sum: 51,5]
      [GC Worker End (ms): Min: 14978914,3, Avg: 14978914,4, Max: 14978914,5, Diff: 0,2]
   [Code Root Fixup: 0,0 ms]
   [Code Root Purge: 0,0 ms]
   [Clear CT: 0,5 ms]
   [Other: 3,1 ms]
      [Choose CSet: 0,0 ms]
      [Ref Proc: 1,8 ms]
      [Ref Enq: 0,0 ms]
      [Redirty Cards: 0,5 ms]
      [Humongous Register: 0,1 ms]
      [Humongous Reclaim: 0,0 ms]
      [Free CSet: 0,5 ms]
   [Eden: 612,0M(612,0M)->0,0B(612,0M) Survivors: 2048,0K->2048,0K Heap: 769,9M(1024,0M)->158,0M(1024,0M)]
 [Times: user=0,03 sys=0,01, real=0,02 secs] 
2023-05-30T17:19:38.753+0200: 15520,027: [GC pause (G1 Evacuation Pause) (young), 0,0182123 secs]
   [Parallel Time: 15,7 ms, GC Workers: 4]
      [GC Worker Start (ms): Min: 15520027,2, Avg: 15520027,3, Max: 15520027,5, Diff: 0,3]
      [Ext Root Scanning (ms): Min: 1,0, Avg: 1,3, Max: 1,4, Diff: 0,4, Sum: 5,0]
      [Update RS (ms): Min: 0,0, Avg: 0,8, Max: 2,4, Diff: 2,4, Sum: 3,3]
         [Processed Buffers: Min: 0, Avg: 9,2, Max: 35, Diff: 35, Sum: 37]
      [Scan RS (ms): Min: 0,1, Avg: 0,2, Max: 0,4, Diff: 0,3, Sum: 0,7]
      [Code Root Scanning (ms): Min: 0,0, Avg: 0,0, Max: 0,1, Diff: 0,1, Sum: 0,1]
      [Object Copy (ms): Min: 11,2, Avg: 12,7, Max: 13,6, Diff: 2,4, Sum: 50,7]
      [Termination (ms): Min: 0,0, Avg: 0,2, Max: 0,3, Diff: 0,3, Sum: 0,6]
         [Termination Attempts: Min: 1, Avg: 1,0, Max: 1, Diff: 0, Sum: 4]
      [GC Worker Other (ms): Min: 0,0, Avg: 0,0, Max: 0,0, Diff: 0,0, Sum: 0,1]
      [GC Worker Total (ms): Min: 14,9, Avg: 15,1, Max: 15,2, Diff: 0,3, Sum: 60,5]
      [GC Worker End (ms): Min: 15520042,4, Avg: 15520042,4, Max: 15520042,4, Diff: 0,1]
   [Code Root Fixup: 0,0 ms]
   [Code Root Purge: 0,0 ms]
   [Clear CT: 0,6 ms]
   [Other: 1,9 ms]
      [Choose CSet: 0,0 ms]
      [Ref Proc: 0,6 ms]
      [Ref Enq: 0,0 ms]
      [Redirty Cards: 0,5 ms]
      [Humongous Register: 0,0 ms]
      [Humongous Reclaim: 0,0 ms]
      [Free CSet: 0,4 ms]
   [Eden: 612,0M(612,0M)->0,0B(612,0M) Survivors: 2048,0K->2048,0K Heap: 770,0M(1024,0M)->158,1M(1024,0M)]
 [Times: user=0,02 sys=0,01, real=0,02 secs] 
2023-05-30T17:28:39.370+0200: 16060,644: [GC pause (G1 Evacuation Pause) (young), 0,0161871 secs]
   [Parallel Time: 11,1 ms, GC Workers: 4]
      [GC Worker Start (ms): Min: 16060644,3, Avg: 16060644,5, Max: 16060644,7, Diff: 0,4]
      [Ext Root Scanning (ms): Min: 1,1, Avg: 2,1, Max: 4,2, Diff: 3,1, Sum: 8,4]
      [Update RS (ms): Min: 0,0, Avg: 0,4, Max: 0,5, Diff: 0,5, Sum: 1,5]
         [Processed Buffers: Min: 0, Avg: 9,2, Max: 18, Diff: 18, Sum: 37]
      [Scan RS (ms): Min: 0,1, Avg: 0,2, Max: 0,3, Diff: 0,2, Sum: 1,0]
      [Code Root Scanning (ms): Min: 0,0, Avg: 0,0, Max: 0,0, Diff: 0,0, Sum: 0,1]
      [Object Copy (ms): Min: 3,1, Avg: 5,5, Max: 8,4, Diff: 5,3, Sum: 22,0]
      [Termination (ms): Min: 0,0, Avg: 2,4, Max: 3,2, Diff: 3,2, Sum: 9,6]
         [Termination Attempts: Min: 1, Avg: 1,0, Max: 1, Diff: 0, Sum: 4]
      [GC Worker Other (ms): Min: 0,0, Avg: 0,0, Max: 0,0, Diff: 0,0, Sum: 0,1]
      [GC Worker Total (ms): Min: 10,4, Avg: 10,7, Max: 10,8, Diff: 0,4, Sum: 42,6]
      [GC Worker End (ms): Min: 16060655,1, Avg: 16060655,2, Max: 16060655,2, Diff: 0,1]
   [Code Root Fixup: 0,0 ms]
   [Code Root Purge: 0,0 ms]
   [Clear CT: 0,8 ms]
   [Other: 4,3 ms]
      [Choose CSet: 0,0 ms]
      [Ref Proc: 2,7 ms]
      [Ref Enq: 0,0 ms]
      [Redirty Cards: 0,8 ms]
      [Humongous Register: 0,1 ms]
      [Humongous Reclaim: 0,0 ms]
      [Free CSet: 0,4 ms]
   [Eden: 612,0M(612,0M)->0,0B(611,0M) Survivors: 2048,0K->3072,0K Heap: 770,1M(1024,0M)->158,6M(1024,0M)]
 [Times: user=0,03 sys=0,00, real=0,01 secs] 
2023-05-30T17:37:39.330+0200: 16600,604: [GC pause (G1 Evacuation Pause) (young), 0,0103172 secs]
   [Parallel Time: 7,0 ms, GC Workers: 4]
      [GC Worker Start (ms): Min: 16600604,1, Avg: 16600604,6, Max: 16600605,9, Diff: 1,8]
      [Ext Root Scanning (ms): Min: 0,0, Avg: 1,0, Max: 1,4, Diff: 1,4, Sum: 3,8]
      [Update RS (ms): Min: 0,2, Avg: 0,9, Max: 2,3, Diff: 2,1, Sum: 3,5]
         [Processed Buffers: Min: 4, Avg: 9,2, Max: 19, Diff: 15, Sum: 37]
      [Scan RS (ms): Min: 0,1, Avg: 0,2, Max: 0,3, Diff: 0,2, Sum: 0,9]
      [Code Root Scanning (ms): Min: 0,0, Avg: 0,0, Max: 0,0, Diff: 0,0, Sum: 0,1]
      [Object Copy (ms): Min: 1,3, Avg: 2,5, Max: 2,9, Diff: 1,6, Sum: 9,8]
      [Termination (ms): Min: 0,0, Avg: 0,0, Max: 0,0, Diff: 0,0, Sum: 0,0]
         [Termination Attempts: Min: 1, Avg: 1,0, Max: 1, Diff: 0, Sum: 4]
      [GC Worker Other (ms): Min: 0,0, Avg: 0,4, Max: 1,5, Diff: 1,4, Sum: 1,7]
      [GC Worker Total (ms): Min: 4,7, Avg: 5,0, Max: 5,1, Diff: 0,4, Sum: 19,8]
      [GC Worker End (ms): Min: 16600609,2, Avg: 16600609,6, Max: 16600610,6, Diff: 1,4]
   [Code Root Fixup: 0,0 ms]
   [Code Root Purge: 0,0 ms]
   [Clear CT: 0,7 ms]
   [Other: 2,6 ms]
      [Choose CSet: 0,0 ms]
      [Ref Proc: 1,0 ms]
      [Ref Enq: 0,0 ms]
      [Redirty Cards: 0,7 ms]
      [Humongous Register: 0,1 ms]
      [Humongous Reclaim: 0,0 ms]
      [Free CSet: 0,6 ms]
   [Eden: 611,0M(611,0M)->0,0B(612,0M) Survivors: 3072,0K->2048,0K Heap: 769,6M(1024,0M)->157,8M(1024,0M)]
 [Times: user=0,02 sys=0,00, real=0,01 secs] 
2023-05-30T17:46:40.110+0200: 17141,384: [GC pause (G1 Evacuation Pause) (young), 0,0101457 secs]
   [Parallel Time: 7,3 ms, GC Workers: 4]
      [GC Worker Start (ms): Min: 17141384,4, Avg: 17141384,9, Max: 17141386,1, Diff: 1,7]
      [Ext Root Scanning (ms): Min: 0,0, Avg: 0,9, Max: 1,3, Diff: 1,3, Sum: 3,7]
      [Update RS (ms): Min: 0,3, Avg: 1,6, Max: 4,2, Diff: 3,9, Sum: 6,6]
         [Processed Buffers: Min: 1, Avg: 9,2, Max: 23, Diff: 22, Sum: 37]
      [Scan RS (ms): Min: 0,1, Avg: 0,3, Max: 0,5, Diff: 0,4, Sum: 1,0]
      [Code Root Scanning (ms): Min: 0,0, Avg: 0,0, Max: 0,0, Diff: 0,0, Sum: 0,1]
      [Object Copy (ms): Min: 0,1, Avg: 2,7, Max: 4,3, Diff: 4,2, Sum: 10,7]
      [Termination (ms): Min: 0,0, Avg: 0,8, Max: 1,1, Diff: 1,1, Sum: 3,1]
         [Termination Attempts: Min: 1, Avg: 1,0, Max: 1, Diff: 0, Sum: 4]
      [GC Worker Other (ms): Min: 0,0, Avg: 0,0, Max: 0,0, Diff: 0,0, Sum: 0,1]
      [GC Worker Total (ms): Min: 5,1, Avg: 6,3, Max: 6,8, Diff: 1,6, Sum: 25,3]
      [GC Worker End (ms): Min: 17141391,2, Avg: 17141391,2, Max: 17141391,3, Diff: 0,0]
   [Code Root Fixup: 0,0 ms]
   [Code Root Purge: 0,0 ms]
   [Clear CT: 0,6 ms]
   [Other: 2,3 ms]
      [Choose CSet: 0,0 ms]
      [Ref Proc: 0,8 ms]
      [Ref Enq: 0,0 ms]
      [Redirty Cards: 0,8 ms]
      [Humongous Register: 0,1 ms]
      [Humongous Reclaim: 0,0 ms]
      [Free CSet: 0,4 ms]
   [Eden: 612,0M(612,0M)->0,0B(612,0M) Survivors: 2048,0K->2048,0K Heap: 769,8M(1024,0M)->158,3M(1024,0M)]
 [Times: user=0,02 sys=0,01, real=0,01 secs] 
2023-05-30T17:55:40.881+0200: 17682,155: [GC pause (G1 Evacuation Pause) (young), 0,0351394 secs]
   [Parallel Time: 25,5 ms, GC Workers: 4]
      [GC Worker Start (ms): Min: 17682155,2, Avg: 17682155,3, Max: 17682155,6, Diff: 0,4]
      [Ext Root Scanning (ms): Min: 1,5, Avg: 3,5, Max: 8,3, Diff: 6,9, Sum: 14,1]
      [Update RS (ms): Min: 0,0, Avg: 0,4, Max: 0,9, Diff: 0,9, Sum: 1,7]
         [Processed Buffers: Min: 0, Avg: 9,5, Max: 22, Diff: 22, Sum: 38]
      [Scan RS (ms): Min: 0,1, Avg: 0,4, Max: 0,9, Diff: 0,8, Sum: 1,6]
      [Code Root Scanning (ms): Min: 0,0, Avg: 0,0, Max: 0,0, Diff: 0,0, Sum: 0,1]
      [Object Copy (ms): Min: 6,0, Avg: 12,4, Max: 19,7, Diff: 13,7, Sum: 49,5]
      [Termination (ms): Min: 0,0, Avg: 5,9, Max: 8,8, Diff: 8,8, Sum: 23,5]
         [Termination Attempts: Min: 1, Avg: 1,0, Max: 1, Diff: 0, Sum: 4]
      [GC Worker Other (ms): Min: 0,0, Avg: 0,0, Max: 0,0, Diff: 0,0, Sum: 0,1]
      [GC Worker Total (ms): Min: 22,3, Avg: 22,6, Max: 23,2, Diff: 0,9, Sum: 90,5]
      [GC Worker End (ms): Min: 17682177,8, Avg: 17682178,0, Max: 17682178,4, Diff: 0,6]
   [Code Root Fixup: 0,0 ms]
   [Code Root Purge: 0,0 ms]
   [Clear CT: 0,6 ms]
   [Other: 9,1 ms]
      [Choose CSet: 0,0 ms]
      [Ref Proc: 7,6 ms]
      [Ref Enq: 0,0 ms]
      [Redirty Cards: 0,6 ms]
      [Humongous Register: 0,1 ms]
      [Humongous Reclaim: 0,0 ms]
      [Free CSet: 0,5 ms]
   [Eden: 612,0M(612,0M)->0,0B(543,0M) Survivors: 2048,0K->2048,0K Heap: 770,3M(1024,0M)->158,0M(1024,0M)]
 [Times: user=0,04 sys=0,02, real=0,03 secs] 
2023-05-30T18:03:38.327+0200: 18159,601: [GC pause (G1 Evacuation Pause) (young), 0,0083867 secs]
   [Parallel Time: 5,2 ms, GC Workers: 4]
      [GC Worker Start (ms): Min: 18159601,3, Avg: 18159601,8, Max: 18159602,7, Diff: 1,4]
      [Ext Root Scanning (ms): Min: 0,2, Avg: 1,0, Max: 1,6, Diff: 1,4, Sum: 4,0]
      [Update RS (ms): Min: 0,4, Avg: 0,6, Max: 1,1, Diff: 0,7, Sum: 2,5]
         [Processed Buffers: Min: 2, Avg: 9,5, Max: 13, Diff: 11, Sum: 38]
      [Scan RS (ms): Min: 0,1, Avg: 0,2, Max: 0,3, Diff: 0,2, Sum: 0,7]
      [Code Root Scanning (ms): Min: 0,0, Avg: 0,0, Max: 0,0, Diff: 0,0, Sum: 0,1]
      [Object Copy (ms): Min: 1,9, Avg: 2,3, Max: 2,5, Diff: 0,6, Sum: 9,1]
      [Termination (ms): Min: 0,0, Avg: 0,0, Max: 0,0, Diff: 0,0, Sum: 0,0]
         [Termination Attempts: Min: 1, Avg: 1,0, Max: 1, Diff: 0, Sum: 4]
      [GC Worker Other (ms): Min: 0,0, Avg: 0,1, Max: 0,1, Diff: 0,1, Sum: 0,2]
      [GC Worker Total (ms): Min: 3,2, Avg: 4,2, Max: 4,7, Diff: 1,5, Sum: 16,6]
      [GC Worker End (ms): Min: 18159605,9, Avg: 18159605,9, Max: 18159606,0, Diff: 0,1]
   [Code Root Fixup: 0,0 ms]
   [Code Root Purge: 0,0 ms]
   [Clear CT: 0,4 ms]
   [Other: 2,8 ms]
      [Choose CSet: 0,0 ms]
      [Ref Proc: 1,0 ms]
      [Ref Enq: 0,0 ms]
      [Redirty Cards: 1,0 ms]
      [Humongous Register: 0,1 ms]
      [Humongous Reclaim: 0,0 ms]
      [Free CSet: 0,4 ms]
   [Eden: 543,0M(543,0M)->0,0B(611,0M) Survivors: 2048,0K->3072,0K Heap: 701,0M(1024,0M)->158,8M(1024,0M)]
 [Times: user=0,02 sys=0,00, real=0,01 secs] 
2023-05-30T18:12:38.977+0200: 18700,251: [GC pause (G1 Evacuation Pause) (young), 0,0083619 secs]
   [Parallel Time: 5,9 ms, GC Workers: 4]
      [GC Worker Start (ms): Min: 18700251,6, Avg: 18700251,8, Max: 18700251,9, Diff: 0,3]
      [Ext Root Scanning (ms): Min: 0,9, Avg: 1,1, Max: 1,5, Diff: 0,6, Sum: 4,4]
      [Update RS (ms): Min: 0,1, Avg: 0,4, Max: 0,5, Diff: 0,4, Sum: 1,6]
         [Processed Buffers: Min: 3, Avg: 9,8, Max: 15, Diff: 12, Sum: 39]
      [Scan RS (ms): Min: 0,2, Avg: 0,2, Max: 0,3, Diff: 0,1, Sum: 0,9]
      [Code Root Scanning (ms): Min: 0,0, Avg: 0,0, Max: 0,0, Diff: 0,0, Sum: 0,1]
      [Object Copy (ms): Min: 3,2, Avg: 3,6, Max: 3,8, Diff: 0,6, Sum: 14,3]
      [Termination (ms): Min: 0,0, Avg: 0,2, Max: 0,5, Diff: 0,5, Sum: 0,9]
         [Termination Attempts: Min: 1, Avg: 1,0, Max: 1, Diff: 0, Sum: 4]
      [GC Worker Other (ms): Min: 0,0, Avg: 0,0, Max: 0,0, Diff: 0,0, Sum: 0,1]
      [GC Worker Total (ms): Min: 5,5, Avg: 5,6, Max: 5,7, Diff: 0,2, Sum: 22,3]
      [GC Worker End (ms): Min: 18700257,3, Avg: 18700257,3, Max: 18700257,4, Diff: 0,1]
   [Code Root Fixup: 0,0 ms]
   [Code Root Purge: 0,0 ms]
   [Clear CT: 0,3 ms]
   [Other: 2,1 ms]
      [Choose CSet: 0,0 ms]
      [Ref Proc: 0,6 ms]
      [Ref Enq: 0,0 ms]
      [Redirty Cards: 0,8 ms]
      [Humongous Register: 0,1 ms]
      [Humongous Reclaim: 0,0 ms]
      [Free CSet: 0,4 ms]
   [Eden: 611,0M(611,0M)->0,0B(612,0M) Survivors: 3072,0K->2048,0K Heap: 769,8M(1024,0M)->158,2M(1024,0M)]
 [Times: user=0,02 sys=0,00, real=0,00 secs] 
2023-05-30T18:21:39.586+0200: 19240,860: [GC pause (G1 Evacuation Pause) (young), 0,0084611 secs]
   [Parallel Time: 5,6 ms, GC Workers: 4]
      [GC Worker Start (ms): Min: 19240860,2, Avg: 19240860,3, Max: 19240860,4, Diff: 0,2]
      [Ext Root Scanning (ms): Min: 1,1, Avg: 1,5, Max: 2,3, Diff: 1,2, Sum: 5,9]
      [Update RS (ms): Min: 0,0, Avg: 0,4, Max: 0,5, Diff: 0,5, Sum: 1,5]
         [Processed Buffers: Min: 0, Avg: 9,5, Max: 16, Diff: 16, Sum: 38]
      [Scan RS (ms): Min: 0,1, Avg: 0,2, Max: 0,3, Diff: 0,2, Sum: 0,8]
      [Code Root Scanning (ms): Min: 0,0, Avg: 0,0, Max: 0,0, Diff: 0,0, Sum: 0,1]
      [Object Copy (ms): Min: 2,4, Avg: 2,9, Max: 3,2, Diff: 0,8, Sum: 11,6]
      [Termination (ms): Min: 0,0, Avg: 0,2, Max: 0,3, Diff: 0,3, Sum: 1,0]
         [Termination Attempts: Min: 1, Avg: 1,0, Max: 1, Diff: 0, Sum: 4]
      [GC Worker Other (ms): Min: 0,0, Avg: 0,0, Max: 0,0, Diff: 0,0, Sum: 0,2]
      [GC Worker Total (ms): Min: 5,2, Avg: 5,3, Max: 5,4, Diff: 0,2, Sum: 21,0]
      [GC Worker End (ms): Min: 19240865,6, Avg: 19240865,6, Max: 19240865,6, Diff: 0,0]
   [Code Root Fixup: 0,0 ms]
   [Code Root Purge: 0,0 ms]
   [Clear CT: 0,7 ms]
   [Other: 2,2 ms]
      [Choose CSet: 0,0 ms]
      [Ref Proc: 0,8 ms]
      [Ref Enq: 0,0 ms]
      [Redirty Cards: 0,5 ms]
      [Humongous Register: 0,1 ms]
      [Humongous Reclaim: 0,0 ms]
      [Free CSet: 0,5 ms]
   [Eden: 612,0M(612,0M)->0,0B(611,0M) Survivors: 2048,0K->3072,0K Heap: 770,2M(1024,0M)->159,1M(1024,0M)]
 [Times: user=0,02 sys=0,00, real=0,01 secs] 
2023-05-30T18:30:40.734+0200: 19782,009: [GC pause (G1 Evacuation Pause) (young), 0,0097203 secs]
   [Parallel Time: 6,8 ms, GC Workers: 4]
      [GC Worker Start (ms): Min: 19782008,9, Avg: 19782008,9, Max: 19782009,0, Diff: 0,2]
      [Ext Root Scanning (ms): Min: 0,9, Avg: 1,1, Max: 1,3, Diff: 0,4, Sum: 4,4]
      [Update RS (ms): Min: 0,0, Avg: 0,5, Max: 0,7, Diff: 0,7, Sum: 1,9]
         [Processed Buffers: Min: 0, Avg: 9,0, Max: 14, Diff: 14, Sum: 36]
      [Scan RS (ms): Min: 0,1, Avg: 0,2, Max: 0,3, Diff: 0,3, Sum: 0,9]
      [Code Root Scanning (ms): Min: 0,0, Avg: 0,0, Max: 0,0, Diff: 0,0, Sum: 0,1]
      [Object Copy (ms): Min: 4,1, Avg: 4,4, Max: 5,3, Diff: 1,2, Sum: 17,7]
      [Termination (ms): Min: 0,0, Avg: 0,0, Max: 0,0, Diff: 0,0, Sum: 0,0]
         [Termination Attempts: Min: 1, Avg: 1,0, Max: 1, Diff: 0, Sum: 4]
      [GC Worker Other (ms): Min: 0,0, Avg: 0,1, Max: 0,1, Diff: 0,1, Sum: 0,3]
      [GC Worker Total (ms): Min: 6,2, Avg: 6,3, Max: 6,3, Diff: 0,1, Sum: 25,2]
      [GC Worker End (ms): Min: 19782015,2, Avg: 19782015,2, Max: 19782015,3, Diff: 0,1]
   [Code Root Fixup: 0,0 ms]
   [Code Root Purge: 0,0 ms]
   [Clear CT: 0,6 ms]
   [Other: 2,3 ms]
      [Choose CSet: 0,0 ms]
      [Ref Proc: 0,8 ms]
      [Ref Enq: 0,0 ms]
      [Redirty Cards: 0,7 ms]
      [Humongous Register: 0,0 ms]
      [Humongous Reclaim: 0,0 ms]
      [Free CSet: 0,4 ms]
   [Eden: 611,0M(611,0M)->0,0B(612,0M) Survivors: 3072,0K->2048,0K Heap: 770,1M(1024,0M)->158,0M(1024,0M)]
 [Times: user=0,03 sys=0,00, real=0,01 secs] 
2023-05-30T18:39:41.106+0200: 20322,380: [GC pause (G1 Evacuation Pause) (young), 0,0102300 secs]
   [Parallel Time: 7,0 ms, GC Workers: 4]
      [GC Worker Start (ms): Min: 20322380,1, Avg: 20322380,3, Max: 20322380,4, Diff: 0,3]
      [Ext Root Scanning (ms): Min: 0,9, Avg: 1,1, Max: 1,2, Diff: 0,3, Sum: 4,3]
      [Update RS (ms): Min: 0,3, Avg: 0,4, Max: 0,5, Diff: 0,1, Sum: 1,6]
         [Processed Buffers: Min: 4, Avg: 9,2, Max: 13, Diff: 9, Sum: 37]
      [Scan RS (ms): Min: 0,2, Avg: 0,2, Max: 0,3, Diff: 0,1, Sum: 0,9]
      [Code Root Scanning (ms): Min: 0,0, Avg: 0,0, Max: 0,0, Diff: 0,0, Sum: 0,1]
      [Object Copy (ms): Min: 4,1, Avg: 4,4, Max: 4,7, Diff: 0,6, Sum: 17,6]
      [Termination (ms): Min: 0,0, Avg: 0,3, Max: 0,5, Diff: 0,5, Sum: 1,1]
         [Termination Attempts: Min: 1, Avg: 1,0, Max: 1, Diff: 0, Sum: 4]
      [GC Worker Other (ms): Min: 0,0, Avg: 0,0, Max: 0,1, Diff: 0,1, Sum: 0,2]
      [GC Worker Total (ms): Min: 6,3, Avg: 6,4, Max: 6,5, Diff: 0,3, Sum: 25,7]
      [GC Worker End (ms): Min: 20322386,7, Avg: 20322386,7, Max: 20322386,8, Diff: 0,1]
   [Code Root Fixup: 0,0 ms]
   [Code Root Purge: 0,0 ms]
   [Clear CT: 0,6 ms]
   [Other: 2,7 ms]
      [Choose CSet: 0,0 ms]
      [Ref Proc: 1,0 ms]
      [Ref Enq: 0,0 ms]
      [Redirty Cards: 0,8 ms]
      [Humongous Register: 0,1 ms]
      [Humongous Reclaim: 0,0 ms]
      [Free CSet: 0,5 ms]
   [Eden: 612,0M(612,0M)->0,0B(611,0M) Survivors: 2048,0K->3072,0K Heap: 770,0M(1024,0M)->158,6M(1024,0M)]
 [Times: user=0,02 sys=0,00, real=0,01 secs] 
2023-05-30T18:48:41.909+0200: 20863,183: [GC pause (G1 Evacuation Pause) (young), 0,0093142 secs]
   [Parallel Time: 6,3 ms, GC Workers: 4]
      [GC Worker Start (ms): Min: 20863183,3, Avg: 20863183,9, Max: 20863185,2, Diff: 2,0]
      [Ext Root Scanning (ms): Min: 0,0, Avg: 1,0, Max: 1,4, Diff: 1,4, Sum: 3,8]
      [Update RS (ms): Min: 0,0, Avg: 1,4, Max: 4,4, Diff: 4,4, Sum: 5,5]
         [Processed Buffers: Min: 0, Avg: 9,2, Max: 21, Diff: 21, Sum: 37]
      [Scan RS (ms): Min: 0,1, Avg: 0,2, Max: 0,3, Diff: 0,2, Sum: 0,9]
      [Code Root Scanning (ms): Min: 0,0, Avg: 0,0, Max: 0,0, Diff: 0,0, Sum: 0,1]
      [Object Copy (ms): Min: 0,1, Avg: 2,5, Max: 3,4, Diff: 3,2, Sum: 10,1]
      [Termination (ms): Min: 0,0, Avg: 0,4, Max: 0,6, Diff: 0,6, Sum: 1,5]
         [Termination Attempts: Min: 1, Avg: 6,0, Max: 17, Diff: 16, Sum: 24]
      [GC Worker Other (ms): Min: 0,0, Avg: 0,0, Max: 0,0, Diff: 0,0, Sum: 0,1]
      [GC Worker Total (ms): Min: 4,1, Avg: 5,5, Max: 6,1, Diff: 1,9, Sum: 21,9]
      [GC Worker End (ms): Min: 20863189,3, Avg: 20863189,3, Max: 20863189,4, Diff: 0,1]
   [Code Root Fixup: 0,0 ms]
   [Code Root Purge: 0,0 ms]
   [Clear CT: 0,7 ms]
   [Other: 2,4 ms]
      [Choose CSet: 0,0 ms]
      [Ref Proc: 0,8 ms]
      [Ref Enq: 0,0 ms]
      [Redirty Cards: 0,8 ms]
      [Humongous Register: 0,1 ms]
      [Humongous Reclaim: 0,0 ms]
      [Free CSet: 0,4 ms]
   [Eden: 611,0M(611,0M)->0,0B(611,0M) Survivors: 3072,0K->3072,0K Heap: 769,6M(1024,0M)->158,9M(1024,0M)]
 [Times: user=0,03 sys=0,00, real=0,01 secs] 
2023-05-30T18:57:42.308+0200: 21403,582: [GC pause (G1 Evacuation Pause) (young), 0,0109802 secs]
   [Parallel Time: 8,2 ms, GC Workers: 4]
      [GC Worker Start (ms): Min: 21403581,9, Avg: 21403582,4, Max: 21403583,4, Diff: 1,5]
      [Ext Root Scanning (ms): Min: 0,0, Avg: 0,9, Max: 1,3, Diff: 1,3, Sum: 3,6]
      [Update RS (ms): Min: 0,3, Avg: 0,4, Max: 0,5, Diff: 0,2, Sum: 1,6]
         [Processed Buffers: Min: 1, Avg: 9,2, Max: 15, Diff: 14, Sum: 37]
      [Scan RS (ms): Min: 0,1, Avg: 1,2, Max: 2,1, Diff: 2,0, Sum: 4,6]
      [Code Root Scanning (ms): Min: 0,0, Avg: 0,0, Max: 0,0, Diff: 0,0, Sum: 0,1]
      [Object Copy (ms): Min: 3,8, Avg: 4,8, Max: 5,8, Diff: 2,0, Sum: 19,1]
      [Termination (ms): Min: 0,0, Avg: 0,2, Max: 0,3, Diff: 0,3, Sum: 0,7]
         [Termination Attempts: Min: 1, Avg: 1,0, Max: 1, Diff: 0, Sum: 4]
      [GC Worker Other (ms): Min: 0,0, Avg: 0,0, Max: 0,0, Diff: 0,0, Sum: 0,1]
      [GC Worker Total (ms): Min: 6,4, Avg: 7,4, Max: 7,9, Diff: 1,5, Sum: 29,8]
      [GC Worker End (ms): Min: 21403589,8, Avg: 21403589,8, Max: 21403589,8, Diff: 0,1]
   [Code Root Fixup: 0,0 ms]
   [Code Root Purge: 0,0 ms]
   [Clear CT: 0,6 ms]
   [Other: 2,2 ms]
      [Choose CSet: 0,0 ms]
      [Ref Proc: 0,9 ms]
      [Ref Enq: 0,0 ms]
      [Redirty Cards: 0,5 ms]
      [Humongous Register: 0,1 ms]
      [Humongous Reclaim: 0,0 ms]
      [Free CSet: 0,5 ms]
   [Eden: 611,0M(611,0M)->0,0B(612,0M) Survivors: 3072,0K->2048,0K Heap: 769,9M(1024,0M)->158,2M(1024,0M)]
 [Times: user=0,03 sys=0,00, real=0,02 secs] 
2023-05-30T19:06:41.334+0200: 21942,608: [GC pause (G1 Evacuation Pause) (young), 0,0085383 secs]
   [Parallel Time: 5,3 ms, GC Workers: 4]
      [GC Worker Start (ms): Min: 21942608,6, Avg: 21942608,7, Max: 21942608,8, Diff: 0,3]
      [Ext Root Scanning (ms): Min: 1,3, Avg: 1,5, Max: 1,8, Diff: 0,5, Sum: 6,1]
      [Update RS (ms): Min: 0,3, Avg: 0,5, Max: 0,6, Diff: 0,3, Sum: 2,0]
         [Processed Buffers: Min: 1, Avg: 9,2, Max: 15, Diff: 14, Sum: 37]
      [Scan RS (ms): Min: 0,1, Avg: 0,2, Max: 0,3, Diff: 0,2, Sum: 0,9]
      [Code Root Scanning (ms): Min: 0,0, Avg: 0,0, Max: 0,0, Diff: 0,0, Sum: 0,1]
      [Object Copy (ms): Min: 2,3, Avg: 2,4, Max: 2,5, Diff: 0,1, Sum: 9,6]
      [Termination (ms): Min: 0,0, Avg: 0,0, Max: 0,0, Diff: 0,0, Sum: 0,0]
         [Termination Attempts: Min: 1, Avg: 1,0, Max: 1, Diff: 0, Sum: 4]
      [GC Worker Other (ms): Min: 0,0, Avg: 0,1, Max: 0,1, Diff: 0,1, Sum: 0,3]
      [GC Worker Total (ms): Min: 4,6, Avg: 4,7, Max: 4,9, Diff: 0,3, Sum: 18,9]
      [GC Worker End (ms): Min: 21942613,4, Avg: 21942613,4, Max: 21942613,5, Diff: 0,1]
   [Code Root Fixup: 0,0 ms]
   [Code Root Purge: 0,0 ms]
   [Clear CT: 0,6 ms]
   [Other: 2,6 ms]
      [Choose CSet: 0,0 ms]
      [Ref Proc: 0,9 ms]
      [Ref Enq: 0,0 ms]
      [Redirty Cards: 0,6 ms]
      [Humongous Register: 0,3 ms]
      [Humongous Reclaim: 0,0 ms]
      [Free CSet: 0,5 ms]
   [Eden: 612,0M(612,0M)->0,0B(611,0M) Survivors: 2048,0K->3072,0K Heap: 770,2M(1024,0M)->159,1M(1024,0M)]
 [Times: user=0,02 sys=0,00, real=0,01 secs] 
2023-05-30T19:15:35.304+0200: 22476,580: [GC pause (G1 Evacuation Pause) (young), 0,0204212 secs]
   [Parallel Time: 9,8 ms, GC Workers: 4]
      [GC Worker Start (ms): Min: 22476584,6, Avg: 22476584,8, Max: 22476584,9, Diff: 0,3]
      [Ext Root Scanning (ms): Min: 0,1, Avg: 1,3, Max: 2,2, Diff: 2,1, Sum: 5,0]
      [Update RS (ms): Min: 1,1, Avg: 1,4, Max: 2,2, Diff: 1,2, Sum: 5,6]
         [Processed Buffers: Min: 1, Avg: 9,8, Max: 21, Diff: 20, Sum: 39]
      [Scan RS (ms): Min: 0,1, Avg: 0,2, Max: 0,3, Diff: 0,2, Sum: 0,8]
      [Code Root Scanning (ms): Min: 0,0, Avg: 0,0, Max: 0,0, Diff: 0,0, Sum: 0,1]
      [Object Copy (ms): Min: 3,3, Avg: 3,8, Max: 4,5, Diff: 1,3, Sum: 15,4]
      [Termination (ms): Min: 0,0, Avg: 0,3, Max: 0,4, Diff: 0,4, Sum: 1,1]
         [Termination Attempts: Min: 1, Avg: 1,0, Max: 1, Diff: 0, Sum: 4]
      [GC Worker Other (ms): Min: 0,7, Avg: 1,0, Max: 1,6, Diff: 0,9, Sum: 3,9]
      [GC Worker Total (ms): Min: 7,8, Avg: 8,0, Max: 8,1, Diff: 0,3, Sum: 31,8]
      [GC Worker End (ms): Min: 22476592,7, Avg: 22476592,7, Max: 22476592,7, Diff: 0,0]
   [Code Root Fixup: 0,0 ms]
   [Code Root Purge: 0,0 ms]
   [Clear CT: 0,7 ms]
   [Other: 9,9 ms]
      [Choose CSet: 0,0 ms]
      [Ref Proc: 2,4 ms]
      [Ref Enq: 0,0 ms]
      [Redirty Cards: 0,5 ms]
      [Humongous Register: 1,1 ms]
      [Humongous Reclaim: 0,0 ms]
      [Free CSet: 0,5 ms]
   [Eden: 611,0M(611,0M)->0,0B(612,0M) Survivors: 3072,0K->2048,0K Heap: 770,1M(1024,0M)->158,2M(1024,0M)]
 [Times: user=0,02 sys=0,00, real=0,02 secs] 
2023-05-30T19:24:45.406+0200: 23026,680: [GC pause (G1 Evacuation Pause) (young), 0,0130765 secs]
   [Parallel Time: 9,8 ms, GC Workers: 4]
      [GC Worker Start (ms): Min: 23026680,5, Avg: 23026680,8, Max: 23026681,1, Diff: 0,7]
      [Ext Root Scanning (ms): Min: 0,9, Avg: 1,8, Max: 2,9, Diff: 2,0, Sum: 7,1]
      [Update RS (ms): Min: 0,0, Avg: 0,7, Max: 1,1, Diff: 1,1, Sum: 2,7]
         [Processed Buffers: Min: 0, Avg: 9,2, Max: 19, Diff: 19, Sum: 37]
      [Scan RS (ms): Min: 0,1, Avg: 0,9, Max: 3,1, Diff: 3,0, Sum: 3,7]
      [Code Root Scanning (ms): Min: 0,0, Avg: 0,0, Max: 0,0, Diff: 0,0, Sum: 0,1]
      [Object Copy (ms): Min: 3,4, Avg: 5,4, Max: 6,5, Diff: 3,0, Sum: 21,6]
      [Termination (ms): Min: 0,0, Avg: 0,3, Max: 0,5, Diff: 0,5, Sum: 1,3]
         [Termination Attempts: Min: 1, Avg: 1,0, Max: 1, Diff: 0, Sum: 4]
      [GC Worker Other (ms): Min: 0,0, Avg: 0,0, Max: 0,0, Diff: 0,0, Sum: 0,1]
      [GC Worker Total (ms): Min: 8,8, Avg: 9,2, Max: 9,4, Diff: 0,6, Sum: 36,6]
      [GC Worker End (ms): Min: 23026689,9, Avg: 23026689,9, Max: 23026689,9, Diff: 0,1]
   [Code Root Fixup: 0,0 ms]
   [Code Root Purge: 0,0 ms]
   [Clear CT: 0,4 ms]
   [Other: 2,8 ms]
      [Choose CSet: 0,0 ms]
      [Ref Proc: 0,8 ms]
      [Ref Enq: 0,0 ms]
      [Redirty Cards: 0,8 ms]
      [Humongous Register: 0,3 ms]
      [Humongous Reclaim: 0,0 ms]
      [Free CSet: 0,5 ms]
   [Eden: 612,0M(612,0M)->0,0B(611,0M) Survivors: 2048,0K->3072,0K Heap: 770,2M(1024,0M)->158,9M(1024,0M)]
 [Times: user=0,03 sys=0,00, real=0,02 secs] 
2023-05-30T19:33:54.429+0200: 23575,703: [GC pause (G1 Evacuation Pause) (young), 0,0206629 secs]
   [Parallel Time: 11,2 ms, GC Workers: 4]
      [GC Worker Start (ms): Min: 23575703,2, Avg: 23575703,3, Max: 23575703,4, Diff: 0,2]
      [Ext Root Scanning (ms): Min: 1,1, Avg: 2,3, Max: 5,6, Diff: 4,4, Sum: 9,4]
      [Update RS (ms): Min: 0,0, Avg: 0,4, Max: 0,6, Diff: 0,6, Sum: 1,7]
         [Processed Buffers: Min: 0, Avg: 9,8, Max: 20, Diff: 20, Sum: 39]
      [Scan RS (ms): Min: 0,1, Avg: 0,2, Max: 0,3, Diff: 0,2, Sum: 0,8]
      [Code Root Scanning (ms): Min: 0,0, Avg: 0,0, Max: 0,0, Diff: 0,0, Sum: 0,1]
      [Object Copy (ms): Min: 0,7, Avg: 4,6, Max: 8,9, Diff: 8,1, Sum: 18,4]
      [Termination (ms): Min: 0,0, Avg: 3,3, Max: 4,4, Diff: 4,4, Sum: 13,1]
         [Termination Attempts: Min: 1, Avg: 1,2, Max: 2, Diff: 1, Sum: 5]
      [GC Worker Other (ms): Min: 0,0, Avg: 0,0, Max: 0,0, Diff: 0,0, Sum: 0,1]
      [GC Worker Total (ms): Min: 10,8, Avg: 10,9, Max: 11,0, Diff: 0,3, Sum: 43,6]
      [GC Worker End (ms): Min: 23575714,2, Avg: 23575714,2, Max: 23575714,2, Diff: 0,0]
   [Code Root Fixup: 0,0 ms]
   [Code Root Purge: 0,0 ms]
   [Clear CT: 0,8 ms]
   [Other: 8,7 ms]
      [Choose CSet: 0,0 ms]
      [Ref Proc: 4,7 ms]
      [Ref Enq: 0,0 ms]
      [Redirty Cards: 2,9 ms]
      [Humongous Register: 0,1 ms]
      [Humongous Reclaim: 0,0 ms]
      [Free CSet: 0,6 ms]
   [Eden: 611,0M(611,0M)->0,0B(612,0M) Survivors: 3072,0K->2048,0K Heap: 769,9M(1024,0M)->158,0M(1024,0M)]
 [Times: user=0,03 sys=0,00, real=0,02 secs] 
2023-05-30T19:43:05.882+0200: 24127,156: [GC pause (G1 Evacuation Pause) (young), 0,0123959 secs]
   [Parallel Time: 8,1 ms, GC Workers: 4]
      [GC Worker Start (ms): Min: 24127156,0, Avg: 24127157,3, Max: 24127157,9, Diff: 1,9]
      [Ext Root Scanning (ms): Min: 1,1, Avg: 2,0, Max: 3,0, Diff: 1,9, Sum: 7,8]
      [Update RS (ms): Min: 0,0, Avg: 0,4, Max: 0,6, Diff: 0,6, Sum: 1,7]
         [Processed Buffers: Min: 0, Avg: 9,5, Max: 15, Diff: 15, Sum: 38]
      [Scan RS (ms): Min: 0,1, Avg: 0,2, Max: 0,3, Diff: 0,2, Sum: 0,8]
      [Code Root Scanning (ms): Min: 0,0, Avg: 0,0, Max: 0,0, Diff: 0,0, Sum: 0,1]
      [Object Copy (ms): Min: 3,0, Avg: 3,2, Max: 3,6, Diff: 0,6, Sum: 12,8]
      [Termination (ms): Min: 0,0, Avg: 0,4, Max: 0,6, Diff: 0,6, Sum: 1,5]
         [Termination Attempts: Min: 1, Avg: 1,2, Max: 2, Diff: 1, Sum: 5]
      [GC Worker Other (ms): Min: 0,0, Avg: 0,0, Max: 0,1, Diff: 0,1, Sum: 0,2]
      [GC Worker Total (ms): Min: 5,6, Avg: 6,2, Max: 7,5, Diff: 1,9, Sum: 25,0]
      [GC Worker End (ms): Min: 24127163,5, Avg: 24127163,5, Max: 24127163,6, Diff: 0,1]
   [Code Root Fixup: 0,0 ms]
   [Code Root Purge: 0,0 ms]
   [Clear CT: 1,2 ms]
   [Other: 3,0 ms]
      [Choose CSet: 0,0 ms]
      [Ref Proc: 1,4 ms]
      [Ref Enq: 0,0 ms]
      [Redirty Cards: 0,7 ms]
      [Humongous Register: 0,1 ms]
      [Humongous Reclaim: 0,0 ms]
      [Free CSet: 0,4 ms]
   [Eden: 612,0M(612,0M)->0,0B(611,0M) Survivors: 2048,0K->3072,0K Heap: 770,0M(1024,0M)->158,9M(1024,0M)]
 [Times: user=0,02 sys=0,00, real=0,01 secs] 
2023-05-30T19:52:18.630+0200: 24679,904: [GC pause (G1 Evacuation Pause) (young), 0,0091801 secs]
   [Parallel Time: 6,1 ms, GC Workers: 4]
      [GC Worker Start (ms): Min: 24679904,2, Avg: 24679904,4, Max: 24679904,6, Diff: 0,4]
      [Ext Root Scanning (ms): Min: 1,1, Avg: 1,8, Max: 3,2, Diff: 2,1, Sum: 7,3]
      [Update RS (ms): Min: 0,0, Avg: 0,4, Max: 0,6, Diff: 0,6, Sum: 1,6]
         [Processed Buffers: Min: 0, Avg: 9,2, Max: 29, Diff: 29, Sum: 37]
      [Scan RS (ms): Min: 0,1, Avg: 0,2, Max: 0,4, Diff: 0,3, Sum: 0,9]
      [Code Root Scanning (ms): Min: 0,0, Avg: 0,0, Max: 0,1, Diff: 0,1, Sum: 0,1]
      [Object Copy (ms): Min: 2,0, Avg: 2,8, Max: 3,2, Diff: 1,1, Sum: 11,4]
      [Termination (ms): Min: 0,0, Avg: 0,0, Max: 0,0, Diff: 0,0, Sum: 0,0]
         [Termination Attempts: Min: 1, Avg: 1,0, Max: 1, Diff: 0, Sum: 4]
      [GC Worker Other (ms): Min: 0,0, Avg: 0,1, Max: 0,2, Diff: 0,1, Sum: 0,4]
      [GC Worker Total (ms): Min: 5,2, Avg: 5,4, Max: 5,6, Diff: 0,3, Sum: 21,7]
      [GC Worker End (ms): Min: 24679909,8, Avg: 24679909,8, Max: 24679909,9, Diff: 0,1]
   [Code Root Fixup: 0,0 ms]
   [Code Root Purge: 0,0 ms]
   [Clear CT: 0,7 ms]
   [Other: 2,4 ms]
      [Choose CSet: 0,0 ms]
      [Ref Proc: 0,7 ms]
      [Ref Enq: 0,0 ms]
      [Redirty Cards: 0,7 ms]
      [Humongous Register: 0,2 ms]
      [Humongous Reclaim: 0,0 ms]
      [Free CSet: 0,4 ms]
   [Eden: 611,0M(611,0M)->0,0B(612,0M) Survivors: 3072,0K->2048,0K Heap: 769,9M(1024,0M)->158,2M(1024,0M)]
 [Times: user=0,02 sys=0,00, real=0,01 secs] 
Heap
 garbage-first heap   total 1048576K, used 364770K [0x00000000c0000000, 0x00000000c0102000, 0x0000000100000000)
  region size 1024K, 201 young (205824K), 2 survivors (2048K)
 Metaspace       used 47004K, capacity 52887K, committed 53116K, reserved 1095680K
  class space    used 6323K, capacity 6959K, committed 7040K, reserved 1048576K
